<?xml version="1.0" encoding="utf-8"?>
<TestRun id="41c95149-1cf3-4efe-a2b3-fb65371d4af1" name="anthony.simmon@GSOFT-CP4T693 2022-06-08 21:00:26" runUser="OFFICE\anthony.simmon" xmlns="http://microsoft.com/schemas/VisualStudio/TeamTest/2010">
  <Times creation="2022-06-08T21:00:26.2052423-04:00" queuing="2022-06-08T21:00:26.2052430-04:00" start="2022-06-08T21:00:24.7100684-04:00" finish="2022-06-08T21:00:26.2721572-04:00" />
  <TestSettings name="default" id="d318801b-48c9-4b57-8c60-7b4997b8cb2c">
    <Deployment runDeploymentRoot="anthony.simmon_GSOFT-CP4T693_2022-06-08_21_00_26" />
  </TestSettings>
  <Results>
    <UnitTestResult executionId="76e5a17d-1a53-4839-ba79-a0867ab63e73" testId="e9f1b5a8-75fb-80e4-3ce2-66b578bff651" testName="ShareGate.ComponentModel.DataAnnotations.Tests.NotEmptyAttributeTests.Validator_TryValidateObject_Returns_The_Expected_Error_Message_When_Validation_Fails" computerName="GSOFT-CP4T693" duration="00:00:00.0017270" startTime="2022-06-08T21:00:26.1581724-04:00" endTime="2022-06-08T21:00:26.1581725-04:00" testType="13cdc9d9-ddb5-4fa4-a97d-d965ccfc6d4b" outcome="Passed" testListId="8c84fa94-04c1-424b-9868-57a2d4851a1d" relativeResultsDirectory="76e5a17d-1a53-4839-ba79-a0867ab63e73" />
    <UnitTestResult executionId="03bfff11-510c-4e92-833d-cec9003919a8" testId="61a807b7-d995-e659-0661-1d75ececa71e" testName="ShareGate.ComponentModel.DataAnnotations.Tests.GuidAttributeTests.IsValid_Returns_False_When_Valid_Guid_String_With_Non_Matching_Format(value: &quot;{0xf4aebf09,0x7ac8,0x4521,{0x9b,0x0b,0x91,0x8d,0x8&quot;..., valueFormat: &quot;X&quot;)" computerName="GSOFT-CP4T693" duration="00:00:00.0000239" startTime="2022-06-08T21:00:26.1193367-04:00" endTime="2022-06-08T21:00:26.1193368-04:00" testType="13cdc9d9-ddb5-4fa4-a97d-d965ccfc6d4b" outcome="Passed" testListId="8c84fa94-04c1-424b-9868-57a2d4851a1d" relativeResultsDirectory="03bfff11-510c-4e92-833d-cec9003919a8" />
    <UnitTestResult executionId="3bf3ca05-e305-403c-a6c8-5318d2f94bb0" testId="442be577-2d70-7e3c-c113-533024fb5123" testName="ShareGate.ComponentModel.DataAnnotations.Tests.GuidAttributeTests.Validator_TryValidateObject_Returns_The_Expected_Error_Messages_When_Validation_Fails" computerName="GSOFT-CP4T693" duration="00:00:00.0034425" startTime="2022-06-08T21:00:26.1590790-04:00" endTime="2022-06-08T21:00:26.1590790-04:00" testType="13cdc9d9-ddb5-4fa4-a97d-d965ccfc6d4b" outcome="Passed" testListId="8c84fa94-04c1-424b-9868-57a2d4851a1d" relativeResultsDirectory="3bf3ca05-e305-403c-a6c8-5318d2f94bb0" />
    <UnitTestResult executionId="400915de-1a60-4540-9d72-1d897fe5c33d" testId="2612dc12-e6af-6049-9036-a68c2317f2da" testName="ShareGate.ComponentModel.DataAnnotations.Tests.GuidAttributeTests.IsValid_Returns_True_When_Value_Is_Null" computerName="GSOFT-CP4T693" duration="00:00:00.0000665" startTime="2022-06-08T21:00:26.1591548-04:00" endTime="2022-06-08T21:00:26.1591549-04:00" testType="13cdc9d9-ddb5-4fa4-a97d-d965ccfc6d4b" outcome="Passed" testListId="8c84fa94-04c1-424b-9868-57a2d4851a1d" relativeResultsDirectory="400915de-1a60-4540-9d72-1d897fe5c33d" />
    <UnitTestResult executionId="7873ce28-8f2a-43bb-ab9b-48dcd5867c58" testId="ae26b1e8-f381-9ead-0604-b9bad38fef39" testName="ShareGate.ComponentModel.DataAnnotations.Tests.NotEmptyAttributeTests.IsValid_Returns_False_When_Value_Is_An_Empty_Generic_List" computerName="GSOFT-CP4T693" duration="00:00:00.0000547" startTime="2022-06-08T21:00:26.1579625-04:00" endTime="2022-06-08T21:00:26.1579625-04:00" testType="13cdc9d9-ddb5-4fa4-a97d-d965ccfc6d4b" outcome="Passed" testListId="8c84fa94-04c1-424b-9868-57a2d4851a1d" relativeResultsDirectory="7873ce28-8f2a-43bb-ab9b-48dcd5867c58" />
    <UnitTestResult executionId="6f3a6027-3780-4fd1-af01-56e0645346ca" testId="2ea549c3-dbf3-f792-f089-cd5bb68d1121" testName="ShareGate.ComponentModel.DataAnnotations.Tests.GuidAttributeTests.IsValid_Returns_False_When_Valid_Guid_String_With_Non_Matching_Format(value: &quot;f4aebf09-7ac8-4521-9b0b-918d8139bde0&quot;, valueFormat: &quot;D&quot;)" computerName="GSOFT-CP4T693" duration="00:00:00.0000061" startTime="2022-06-08T21:00:26.1194342-04:00" endTime="2022-06-08T21:00:26.1194343-04:00" testType="13cdc9d9-ddb5-4fa4-a97d-d965ccfc6d4b" outcome="Passed" testListId="8c84fa94-04c1-424b-9868-57a2d4851a1d" relativeResultsDirectory="6f3a6027-3780-4fd1-af01-56e0645346ca" />
    <UnitTestResult executionId="803640f3-bb28-444d-83bf-58cd2d5fb6fe" testId="2d19ae54-0bf3-06c6-8a31-c21339a60674" testName="ShareGate.ComponentModel.DataAnnotations.Tests.GuidAttributeTests.IsValid_Returns_True_When_Valid_Guid_String_With_Matching_Format(value: &quot;f4aebf097ac845219b0b918d8139bde0&quot;, valueFormat: &quot;N&quot;)" computerName="GSOFT-CP4T693" duration="00:00:00.0000102" startTime="2022-06-08T21:00:26.1580382-04:00" endTime="2022-06-08T21:00:26.1580383-04:00" testType="13cdc9d9-ddb5-4fa4-a97d-d965ccfc6d4b" outcome="Passed" testListId="8c84fa94-04c1-424b-9868-57a2d4851a1d" relativeResultsDirectory="803640f3-bb28-444d-83bf-58cd2d5fb6fe" />
    <UnitTestResult executionId="5be56efa-cbc9-4627-8fdb-e93d429edc4c" testId="a13778b3-2be9-daab-2c7c-cac4133dc180" testName="ShareGate.ComponentModel.DataAnnotations.Tests.GuidAttributeTests.IsValid_Returns_False_When_Value_Is_An_Invalid_Guid_String" computerName="GSOFT-CP4T693" duration="00:00:00.0000922" startTime="2022-06-08T21:00:26.1591176-04:00" endTime="2022-06-08T21:00:26.1591176-04:00" testType="13cdc9d9-ddb5-4fa4-a97d-d965ccfc6d4b" outcome="Passed" testListId="8c84fa94-04c1-424b-9868-57a2d4851a1d" relativeResultsDirectory="5be56efa-cbc9-4627-8fdb-e93d429edc4c" />
    <UnitTestResult executionId="e570ac62-86a0-4821-898d-4be58b6e3739" testId="6d119962-47bc-7da4-b9b4-a9ca3328d502" testName="ShareGate.ComponentModel.DataAnnotations.Tests.NotEmptyAttributeTests.IsValid_Returns_True_When_Value_Is_A_Generic_Array_With_One_Element" computerName="GSOFT-CP4T693" duration="00:00:00.0000761" startTime="2022-06-08T21:00:26.1590598-04:00" endTime="2022-06-08T21:00:26.1590598-04:00" testType="13cdc9d9-ddb5-4fa4-a97d-d965ccfc6d4b" outcome="Passed" testListId="8c84fa94-04c1-424b-9868-57a2d4851a1d" relativeResultsDirectory="e570ac62-86a0-4821-898d-4be58b6e3739" />
    <UnitTestResult executionId="27b408c6-5a3b-40fc-9eaa-09d3c93fd13e" testId="18b4008e-a7b7-a284-6eb5-bff03aba5979" testName="ShareGate.ComponentModel.DataAnnotations.Tests.NotEmptyAttributeTests.IsValid_Returns_False_When_Value_Is_An_Empty_Yielded_Enumerable" computerName="GSOFT-CP4T693" duration="00:00:00.0005597" startTime="2022-06-08T21:00:26.1565540-04:00" endTime="2022-06-08T21:00:26.1565540-04:00" testType="13cdc9d9-ddb5-4fa4-a97d-d965ccfc6d4b" outcome="Passed" testListId="8c84fa94-04c1-424b-9868-57a2d4851a1d" relativeResultsDirectory="27b408c6-5a3b-40fc-9eaa-09d3c93fd13e" />
    <UnitTestResult executionId="23341b6c-2322-4801-b68c-84a1af4501da" testId="36f2d703-d6b0-1aba-6593-1d81ce542680" testName="ShareGate.ComponentModel.DataAnnotations.Tests.GuidAttributeTests.IsValid_Returns_True_When_Valid_Guid_String_With_Matching_Format(value: &quot;(f4aebf09-7ac8-4521-9b0b-918d8139bde0)&quot;, valueFormat: &quot;P&quot;)" computerName="GSOFT-CP4T693" duration="00:00:00.0000048" startTime="2022-06-08T21:00:26.1581341-04:00" endTime="2022-06-08T21:00:26.1581342-04:00" testType="13cdc9d9-ddb5-4fa4-a97d-d965ccfc6d4b" outcome="Passed" testListId="8c84fa94-04c1-424b-9868-57a2d4851a1d" relativeResultsDirectory="23341b6c-2322-4801-b68c-84a1af4501da" />
    <UnitTestResult executionId="26b6c060-1e10-4c2f-a8c2-58067b55321a" testId="540b5b4a-9b56-acd4-c971-03c246c9595b" testName="ShareGate.ComponentModel.DataAnnotations.Tests.GuidAttributeTests.IsValid_Returns_True_When_Valid_Guid_String_Without_Format(value: &quot;{0xf4aebf09,0x7ac8,0x4521,{0x9b,0x0b,0x91,0x8d,0x8&quot;...)" computerName="GSOFT-CP4T693" duration="00:00:00.0000099" startTime="2022-06-08T21:00:26.1564453-04:00" endTime="2022-06-08T21:00:26.1564454-04:00" testType="13cdc9d9-ddb5-4fa4-a97d-d965ccfc6d4b" outcome="Passed" testListId="8c84fa94-04c1-424b-9868-57a2d4851a1d" relativeResultsDirectory="26b6c060-1e10-4c2f-a8c2-58067b55321a" />
    <UnitTestResult executionId="dcf48e1e-24d6-43bf-8174-eb6326e871b1" testId="23156cea-e885-0305-75a9-eb01d985ecdf" testName="ShareGate.ComponentModel.DataAnnotations.Tests.GuidAttributeTests.IsValid_Returns_False_When_Value_Is_Not_A_String" computerName="GSOFT-CP4T693" duration="00:00:00.0000729" startTime="2022-06-08T21:00:26.1597393-04:00" endTime="2022-06-08T21:00:26.1597393-04:00" testType="13cdc9d9-ddb5-4fa4-a97d-d965ccfc6d4b" outcome="Passed" testListId="8c84fa94-04c1-424b-9868-57a2d4851a1d" relativeResultsDirectory="dcf48e1e-24d6-43bf-8174-eb6326e871b1" />
    <UnitTestResult executionId="e28a61d5-7546-4765-a546-41d7a6b4090e" testId="85b8543a-ad03-8ede-a42b-a6bb2170ddfd" testName="ShareGate.ComponentModel.DataAnnotations.Tests.NotEmptyAttributeTests.IsValid_Returns_False_When_Value_Is_An_Empty_Generic_Array" computerName="GSOFT-CP4T693" duration="00:00:00.0000555" startTime="2022-06-08T21:00:26.1589855-04:00" endTime="2022-06-08T21:00:26.1589855-04:00" testType="13cdc9d9-ddb5-4fa4-a97d-d965ccfc6d4b" outcome="Passed" testListId="8c84fa94-04c1-424b-9868-57a2d4851a1d" relativeResultsDirectory="e28a61d5-7546-4765-a546-41d7a6b4090e" />
    <UnitTestResult executionId="c6890225-625f-4278-bc58-db0d6d68a03a" testId="d53837f1-350f-e025-5db8-34f2098f92ce" testName="ShareGate.ComponentModel.DataAnnotations.Tests.GuidAttributeTests.IsValid_Returns_True_When_Valid_Guid_String_Without_Format(value: &quot;f4aebf09-7ac8-4521-9b0b-918d8139bde0&quot;)" computerName="GSOFT-CP4T693" duration="00:00:00.0000089" startTime="2022-06-08T21:00:26.1561872-04:00" endTime="2022-06-08T21:00:26.1561872-04:00" testType="13cdc9d9-ddb5-4fa4-a97d-d965ccfc6d4b" outcome="Passed" testListId="8c84fa94-04c1-424b-9868-57a2d4851a1d" relativeResultsDirectory="c6890225-625f-4278-bc58-db0d6d68a03a" />
    <UnitTestResult executionId="c21cf6fb-68f0-4871-abe0-735a1ae9a3ee" testId="1496db78-cf11-387b-61b0-7e4d27af6bc8" testName="ShareGate.ComponentModel.DataAnnotations.Tests.GuidAttributeTests.IsValid_Returns_False_When_Valid_Guid_String_With_Invalid_Format" computerName="GSOFT-CP4T693" duration="00:00:00.0001661" startTime="2022-06-08T21:00:26.1565154-04:00" endTime="2022-06-08T21:00:26.1565155-04:00" testType="13cdc9d9-ddb5-4fa4-a97d-d965ccfc6d4b" outcome="Passed" testListId="8c84fa94-04c1-424b-9868-57a2d4851a1d" relativeResultsDirectory="c21cf6fb-68f0-4871-abe0-735a1ae9a3ee" />
    <UnitTestResult executionId="fe5d2141-bd88-4707-94e2-9db0c0cfe140" testId="a0d6faa8-269b-8520-7506-7dbcd48c7132" testName="ShareGate.ComponentModel.DataAnnotations.Tests.GuidAttributeTests.IsValid_Returns_True_When_Valid_Guid_String_Without_Format(value: &quot;{f4aebf09-7ac8-4521-9b0b-918d8139bde0}&quot;)" computerName="GSOFT-CP4T693" duration="00:00:00.0000055" startTime="2022-06-08T21:00:26.1564068-04:00" endTime="2022-06-08T21:00:26.1564068-04:00" testType="13cdc9d9-ddb5-4fa4-a97d-d965ccfc6d4b" outcome="Passed" testListId="8c84fa94-04c1-424b-9868-57a2d4851a1d" relativeResultsDirectory="fe5d2141-bd88-4707-94e2-9db0c0cfe140" />
    <UnitTestResult executionId="103fe304-52e1-46b0-9143-411b6847e993" testId="b8424517-915e-c6a9-9c7e-317e598dd5dc" testName="ShareGate.ComponentModel.DataAnnotations.Tests.NotEmptyAttributeTests.IsValid_Returns_True_When_Value_Is_A_Generic_HashSet_With_One_Element" computerName="GSOFT-CP4T693" duration="00:00:00.0037832" startTime="2022-06-08T21:00:26.1182049-04:00" endTime="2022-06-08T21:00:26.1182049-04:00" testType="13cdc9d9-ddb5-4fa4-a97d-d965ccfc6d4b" outcome="Passed" testListId="8c84fa94-04c1-424b-9868-57a2d4851a1d" relativeResultsDirectory="103fe304-52e1-46b0-9143-411b6847e993" />
    <UnitTestResult executionId="8b68add6-d6c1-46dd-8fb2-406d71b6b28d" testId="15b0c39f-7b60-8307-2eb8-31b9a314f13a" testName="ShareGate.ComponentModel.DataAnnotations.Tests.GuidAttributeTests.IsValid_Returns_True_When_Valid_Guid_String_With_Matching_Format(value: &quot;f4aebf09-7ac8-4521-9b0b-918d8139bde0&quot;, valueFormat: &quot;D&quot;)" computerName="GSOFT-CP4T693" duration="00:00:00.0000056" startTime="2022-06-08T21:00:26.1581029-04:00" endTime="2022-06-08T21:00:26.1581030-04:00" testType="13cdc9d9-ddb5-4fa4-a97d-d965ccfc6d4b" outcome="Passed" testListId="8c84fa94-04c1-424b-9868-57a2d4851a1d" relativeResultsDirectory="8b68add6-d6c1-46dd-8fb2-406d71b6b28d" />
    <UnitTestResult executionId="582efcca-17b4-4421-87b6-2a7b846f323b" testId="1ad049e0-e0c1-2020-587f-fceed362dc34" testName="ShareGate.ComponentModel.DataAnnotations.Tests.GuidAttributeTests.IsValid_Returns_False_When_Valid_Guid_String_With_Non_Matching_Format(value: &quot;(f4aebf09-7ac8-4521-9b0b-918d8139bde0)&quot;, valueFormat: &quot;P&quot;)" computerName="GSOFT-CP4T693" duration="00:00:00.0036993" startTime="2022-06-08T21:00:26.1138596-04:00" endTime="2022-06-08T21:00:26.1138948-04:00" testType="13cdc9d9-ddb5-4fa4-a97d-d965ccfc6d4b" outcome="Passed" testListId="8c84fa94-04c1-424b-9868-57a2d4851a1d" relativeResultsDirectory="582efcca-17b4-4421-87b6-2a7b846f323b" />
    <UnitTestResult executionId="7887c695-5a75-4f78-87ac-26ef121bb426" testId="f069c7f8-4466-bd8d-9d77-19cab7ef2aa9" testName="ShareGate.ComponentModel.DataAnnotations.Tests.NotEmptyAttributeTests.IsValid_Returns_True_When_Value_Is_Null" computerName="GSOFT-CP4T693" duration="00:00:00.0000652" startTime="2022-06-08T21:00:26.1590221-04:00" endTime="2022-06-08T21:00:26.1590222-04:00" testType="13cdc9d9-ddb5-4fa4-a97d-d965ccfc6d4b" outcome="Passed" testListId="8c84fa94-04c1-424b-9868-57a2d4851a1d" relativeResultsDirectory="7887c695-5a75-4f78-87ac-26ef121bb426" />
    <UnitTestResult executionId="9b6305ae-93ac-4bac-ba8c-9f72d40843ff" testId="27e4cf0b-0614-7ddd-b815-a0fe3b55ef68" testName="ShareGate.ComponentModel.DataAnnotations.Tests.NotEmptyAttributeTests.IsValid_Returns_False_When_Value_Is_An_Empty_Generic_HashSet" computerName="GSOFT-CP4T693" duration="00:00:00.0000809" startTime="2022-06-08T21:00:26.1566080-04:00" endTime="2022-06-08T21:00:26.1566081-04:00" testType="13cdc9d9-ddb5-4fa4-a97d-d965ccfc6d4b" outcome="Passed" testListId="8c84fa94-04c1-424b-9868-57a2d4851a1d" relativeResultsDirectory="9b6305ae-93ac-4bac-ba8c-9f72d40843ff" />
    <UnitTestResult executionId="7a68c356-abf0-4172-b8d5-496e1fb1d90f" testId="64b41a85-e2a4-98f4-05f7-b08510ff9e85" testName="ShareGate.ComponentModel.DataAnnotations.Tests.GuidAttributeTests.IsValid_Returns_True_When_Valid_Guid_String_With_Matching_Format(value: &quot;{0xf4aebf09,0x7ac8,0x4521,{0x9b,0x0b,0x91,0x8d,0x8&quot;..., valueFormat: &quot;X&quot;)" computerName="GSOFT-CP4T693" duration="00:00:00.0000067" startTime="2022-06-08T21:00:26.1580709-04:00" endTime="2022-06-08T21:00:26.1580709-04:00" testType="13cdc9d9-ddb5-4fa4-a97d-d965ccfc6d4b" outcome="Passed" testListId="8c84fa94-04c1-424b-9868-57a2d4851a1d" relativeResultsDirectory="7a68c356-abf0-4172-b8d5-496e1fb1d90f" />
    <UnitTestResult executionId="915da3c1-4042-48c1-b5ce-2ce9aa733c7c" testId="4163e64f-5507-0cb3-21d6-88bc7922a10f" testName="ShareGate.ComponentModel.DataAnnotations.Tests.GuidAttributeTests.IsValid_Returns_True_When_Valid_Guid_String_Without_Format(value: &quot;(f4aebf09-7ac8-4521-9b0b-918d8139bde0)&quot;)" computerName="GSOFT-CP4T693" duration="00:00:00.0001800" startTime="2022-06-08T21:00:26.1195552-04:00" endTime="2022-06-08T21:00:26.1195558-04:00" testType="13cdc9d9-ddb5-4fa4-a97d-d965ccfc6d4b" outcome="Passed" testListId="8c84fa94-04c1-424b-9868-57a2d4851a1d" relativeResultsDirectory="915da3c1-4042-48c1-b5ce-2ce9aa733c7c" />
    <UnitTestResult executionId="c7a45afb-e8c2-4e03-80da-84bb03632214" testId="7f83d8ca-fa44-71b8-4405-db78ff4b5f19" testName="ShareGate.ComponentModel.DataAnnotations.Tests.GuidAttributeTests.IsValid_Returns_True_When_Valid_Guid_String_Without_Format(value: &quot;f4aebf097ac845219b0b918d8139bde0&quot;)" computerName="GSOFT-CP4T693" duration="00:00:00.0000051" startTime="2022-06-08T21:00:26.1564773-04:00" endTime="2022-06-08T21:00:26.1564773-04:00" testType="13cdc9d9-ddb5-4fa4-a97d-d965ccfc6d4b" outcome="Passed" testListId="8c84fa94-04c1-424b-9868-57a2d4851a1d" relativeResultsDirectory="c7a45afb-e8c2-4e03-80da-84bb03632214" />
    <UnitTestResult executionId="657953ac-abf4-4741-81a3-58f845bff5eb" testId="e3773260-5961-5e12-bb3c-aa80c4b97af1" testName="ShareGate.ComponentModel.DataAnnotations.Tests.GuidAttributeTests.IsValid_Returns_False_When_Valid_Guid_String_With_Non_Matching_Format(value: &quot;{f4aebf09-7ac8-4521-9b0b-918d8139bde0}&quot;, valueFormat: &quot;B&quot;)" computerName="GSOFT-CP4T693" duration="00:00:00.0000099" startTime="2022-06-08T21:00:26.1194674-04:00" endTime="2022-06-08T21:00:26.1194675-04:00" testType="13cdc9d9-ddb5-4fa4-a97d-d965ccfc6d4b" outcome="Passed" testListId="8c84fa94-04c1-424b-9868-57a2d4851a1d" relativeResultsDirectory="657953ac-abf4-4741-81a3-58f845bff5eb" />
    <UnitTestResult executionId="ecbd6d7d-1fbd-468e-8979-1bc5bd148465" testId="ac8117c5-7812-a1e4-994b-f07aca118f0c" testName="ShareGate.ComponentModel.DataAnnotations.Tests.NotEmptyAttributeTests.IsValid_Returns_False_When_Value_Is_An_Object" computerName="GSOFT-CP4T693" duration="00:00:00.0000480" startTime="2022-06-08T21:00:26.1579135-04:00" endTime="2022-06-08T21:00:26.1579136-04:00" testType="13cdc9d9-ddb5-4fa4-a97d-d965ccfc6d4b" outcome="Passed" testListId="8c84fa94-04c1-424b-9868-57a2d4851a1d" relativeResultsDirectory="ecbd6d7d-1fbd-468e-8979-1bc5bd148465" />
    <UnitTestResult executionId="5ef4dbf7-aa47-4482-8b1b-7fd9d44a4bcf" testId="cbcdfc39-98ee-fd0e-68c1-f67e5b30ed1d" testName="ShareGate.ComponentModel.DataAnnotations.Tests.NotEmptyAttributeTests.IsValid_Returns_True_When_Value_Is_A_ArrayList_With_One_Element" computerName="GSOFT-CP4T693" duration="00:00:00.0001276" startTime="2022-06-08T21:00:26.1589094-04:00" endTime="2022-06-08T21:00:26.1589094-04:00" testType="13cdc9d9-ddb5-4fa4-a97d-d965ccfc6d4b" outcome="Passed" testListId="8c84fa94-04c1-424b-9868-57a2d4851a1d" relativeResultsDirectory="5ef4dbf7-aa47-4482-8b1b-7fd9d44a4bcf" />
    <UnitTestResult executionId="c35ee559-f982-46e7-8549-675aed21509e" testId="349c00ba-f52c-c7b2-3475-79a8272f13e5" testName="ShareGate.ComponentModel.DataAnnotations.Tests.NotEmptyAttributeTests.IsValid_Returns_True_When_Value_Is_A_Generic_List_With_One_Element" computerName="GSOFT-CP4T693" duration="00:00:00.0002421" startTime="2022-06-08T21:00:26.1588628-04:00" endTime="2022-06-08T21:00:26.1588629-04:00" testType="13cdc9d9-ddb5-4fa4-a97d-d965ccfc6d4b" outcome="Passed" testListId="8c84fa94-04c1-424b-9868-57a2d4851a1d" relativeResultsDirectory="c35ee559-f982-46e7-8549-675aed21509e" />
    <UnitTestResult executionId="1660d77e-ef11-4d52-b4be-e371031de719" testId="c07d26e1-e038-c18a-48be-34b097f25545" testName="ShareGate.ComponentModel.DataAnnotations.Tests.NotEmptyAttributeTests.IsValid_Returns_False_When_Value_Is_An_Empty_ArrayList" computerName="GSOFT-CP4T693" duration="00:00:00.0000801" startTime="2022-06-08T21:00:26.1566479-04:00" endTime="2022-06-08T21:00:26.1566480-04:00" testType="13cdc9d9-ddb5-4fa4-a97d-d965ccfc6d4b" outcome="Passed" testListId="8c84fa94-04c1-424b-9868-57a2d4851a1d" relativeResultsDirectory="1660d77e-ef11-4d52-b4be-e371031de719" />
    <UnitTestResult executionId="e1ad4ecd-8c69-4fd9-808e-c21238ef3a2c" testId="93329b70-9600-e8b3-2759-1b58a4feb032" testName="ShareGate.ComponentModel.DataAnnotations.Tests.GuidAttributeTests.IsValid_Returns_True_When_Valid_Guid_String_With_Matching_Format(value: &quot;{f4aebf09-7ac8-4521-9b0b-918d8139bde0}&quot;, valueFormat: &quot;B&quot;)" computerName="GSOFT-CP4T693" duration="00:00:00.0008658" startTime="2022-06-08T21:00:26.1580036-04:00" endTime="2022-06-08T21:00:26.1580037-04:00" testType="13cdc9d9-ddb5-4fa4-a97d-d965ccfc6d4b" outcome="Passed" testListId="8c84fa94-04c1-424b-9868-57a2d4851a1d" relativeResultsDirectory="e1ad4ecd-8c69-4fd9-808e-c21238ef3a2c" />
    <UnitTestResult executionId="e631a8cd-8b88-44a1-a11e-3862d0262aa3" testId="782a76f0-5b01-f3ce-7140-72ffd458b125" testName="ShareGate.ComponentModel.DataAnnotations.Tests.ValidatePropertiesAttributeTests.ValidateObject_Throws_Exception_That_Contain_Each_Violated_Validation_Rule" computerName="GSOFT-CP4T693" duration="00:00:00.0293122" startTime="2022-06-08T21:00:26.1598101-04:00" endTime="2022-06-08T21:00:26.1598102-04:00" testType="13cdc9d9-ddb5-4fa4-a97d-d965ccfc6d4b" outcome="Passed" testListId="8c84fa94-04c1-424b-9868-57a2d4851a1d" relativeResultsDirectory="e631a8cd-8b88-44a1-a11e-3862d0262aa3" />
    <UnitTestResult executionId="37459f65-5000-4670-8f0d-cb1834dc12d3" testId="1da1c447-9306-91d7-349f-d4e8fd8e0730" testName="ShareGate.ComponentModel.DataAnnotations.Tests.GuidAttributeTests.IsValid_Returns_False_When_Valid_Guid_String_With_Non_Matching_Format(value: &quot;f4aebf097ac845219b0b918d8139bde0&quot;, valueFormat: &quot;N&quot;)" computerName="GSOFT-CP4T693" duration="00:00:00.0000086" startTime="2022-06-08T21:00:26.1193992-04:00" endTime="2022-06-08T21:00:26.1193993-04:00" testType="13cdc9d9-ddb5-4fa4-a97d-d965ccfc6d4b" outcome="Passed" testListId="8c84fa94-04c1-424b-9868-57a2d4851a1d" relativeResultsDirectory="37459f65-5000-4670-8f0d-cb1834dc12d3" />
    <UnitTestResult executionId="6c65c7eb-4245-410e-84b9-af0cf1df225f" testId="3110cdf5-eefb-7984-2dd8-c01dcebb41e7" testName="ShareGate.ComponentModel.DataAnnotations.Tests.NotEmptyAttributeTests.IsValid_Returns_True_When_Value_Is_An_Yielded_Enumerable_With_At_Least_One_Element" computerName="GSOFT-CP4T693" duration="00:00:00.0003433" startTime="2022-06-08T21:00:26.1589485-04:00" endTime="2022-06-08T21:00:26.1589485-04:00" testType="13cdc9d9-ddb5-4fa4-a97d-d965ccfc6d4b" outcome="Passed" testListId="8c84fa94-04c1-424b-9868-57a2d4851a1d" relativeResultsDirectory="6c65c7eb-4245-410e-84b9-af0cf1df225f" />
  </Results>
  <TestDefinitions>
    <UnitTest name="ShareGate.ComponentModel.DataAnnotations.Tests.GuidAttributeTests.IsValid_Returns_True_When_Valid_Guid_String_With_Matching_Format(value: &quot;{f4aebf09-7ac8-4521-9b0b-918d8139bde0}&quot;, valueFormat: &quot;B&quot;)" storage="c:\src\sg-componentmodel-dataannotations\src\sharegate.componentmodel.dataannotations.tests\bin\release\net6.0\sharegate.componentmodel.dataannotations.tests.dll" id="93329b70-9600-e8b3-2759-1b58a4feb032">
      <Execution id="e1ad4ecd-8c69-4fd9-808e-c21238ef3a2c" />
      <TestMethod codeBase="C:\src\sg-componentmodel-dataannotations\src\ShareGate.ComponentModel.DataAnnotations.Tests\bin\Release\net6.0\ShareGate.ComponentModel.DataAnnotations.Tests.dll" adapterTypeName="executor://xunit/VsTestRunner2/netcoreapp" className="ShareGate.ComponentModel.DataAnnotations.Tests.GuidAttributeTests" name="IsValid_Returns_True_When_Valid_Guid_String_With_Matching_Format" />
    </UnitTest>
    <UnitTest name="ShareGate.ComponentModel.DataAnnotations.Tests.NotEmptyAttributeTests.IsValid_Returns_False_When_Value_Is_An_Empty_Generic_HashSet" storage="c:\src\sg-componentmodel-dataannotations\src\sharegate.componentmodel.dataannotations.tests\bin\release\net6.0\sharegate.componentmodel.dataannotations.tests.dll" id="27e4cf0b-0614-7ddd-b815-a0fe3b55ef68">
      <Execution id="9b6305ae-93ac-4bac-ba8c-9f72d40843ff" />
      <TestMethod codeBase="C:\src\sg-componentmodel-dataannotations\src\ShareGate.ComponentModel.DataAnnotations.Tests\bin\Release\net6.0\ShareGate.ComponentModel.DataAnnotations.Tests.dll" adapterTypeName="executor://xunit/VsTestRunner2/netcoreapp" className="ShareGate.ComponentModel.DataAnnotations.Tests.NotEmptyAttributeTests" name="IsValid_Returns_False_When_Value_Is_An_Empty_Generic_HashSet" />
    </UnitTest>
    <UnitTest name="ShareGate.ComponentModel.DataAnnotations.Tests.GuidAttributeTests.IsValid_Returns_False_When_Valid_Guid_String_With_Non_Matching_Format(value: &quot;f4aebf09-7ac8-4521-9b0b-918d8139bde0&quot;, valueFormat: &quot;D&quot;)" storage="c:\src\sg-componentmodel-dataannotations\src\sharegate.componentmodel.dataannotations.tests\bin\release\net6.0\sharegate.componentmodel.dataannotations.tests.dll" id="2ea549c3-dbf3-f792-f089-cd5bb68d1121">
      <Execution id="6f3a6027-3780-4fd1-af01-56e0645346ca" />
      <TestMethod codeBase="C:\src\sg-componentmodel-dataannotations\src\ShareGate.ComponentModel.DataAnnotations.Tests\bin\Release\net6.0\ShareGate.ComponentModel.DataAnnotations.Tests.dll" adapterTypeName="executor://xunit/VsTestRunner2/netcoreapp" className="ShareGate.ComponentModel.DataAnnotations.Tests.GuidAttributeTests" name="IsValid_Returns_False_When_Valid_Guid_String_With_Non_Matching_Format" />
    </UnitTest>
    <UnitTest name="ShareGate.ComponentModel.DataAnnotations.Tests.NotEmptyAttributeTests.IsValid_Returns_False_When_Value_Is_An_Object" storage="c:\src\sg-componentmodel-dataannotations\src\sharegate.componentmodel.dataannotations.tests\bin\release\net6.0\sharegate.componentmodel.dataannotations.tests.dll" id="ac8117c5-7812-a1e4-994b-f07aca118f0c">
      <Execution id="ecbd6d7d-1fbd-468e-8979-1bc5bd148465" />
      <TestMethod codeBase="C:\src\sg-componentmodel-dataannotations\src\ShareGate.ComponentModel.DataAnnotations.Tests\bin\Release\net6.0\ShareGate.ComponentModel.DataAnnotations.Tests.dll" adapterTypeName="executor://xunit/VsTestRunner2/netcoreapp" className="ShareGate.ComponentModel.DataAnnotations.Tests.NotEmptyAttributeTests" name="IsValid_Returns_False_When_Value_Is_An_Object" />
    </UnitTest>
    <UnitTest name="ShareGate.ComponentModel.DataAnnotations.Tests.GuidAttributeTests.IsValid_Returns_False_When_Valid_Guid_String_With_Invalid_Format" storage="c:\src\sg-componentmodel-dataannotations\src\sharegate.componentmodel.dataannotations.tests\bin\release\net6.0\sharegate.componentmodel.dataannotations.tests.dll" id="1496db78-cf11-387b-61b0-7e4d27af6bc8">
      <Execution id="c21cf6fb-68f0-4871-abe0-735a1ae9a3ee" />
      <TestMethod codeBase="C:\src\sg-componentmodel-dataannotations\src\ShareGate.ComponentModel.DataAnnotations.Tests\bin\Release\net6.0\ShareGate.ComponentModel.DataAnnotations.Tests.dll" adapterTypeName="executor://xunit/VsTestRunner2/netcoreapp" className="ShareGate.ComponentModel.DataAnnotations.Tests.GuidAttributeTests" name="IsValid_Returns_False_When_Valid_Guid_String_With_Invalid_Format" />
    </UnitTest>
    <UnitTest name="ShareGate.ComponentModel.DataAnnotations.Tests.NotEmptyAttributeTests.IsValid_Returns_False_When_Value_Is_An_Empty_Yielded_Enumerable" storage="c:\src\sg-componentmodel-dataannotations\src\sharegate.componentmodel.dataannotations.tests\bin\release\net6.0\sharegate.componentmodel.dataannotations.tests.dll" id="18b4008e-a7b7-a284-6eb5-bff03aba5979">
      <Execution id="27b408c6-5a3b-40fc-9eaa-09d3c93fd13e" />
      <TestMethod codeBase="C:\src\sg-componentmodel-dataannotations\src\ShareGate.ComponentModel.DataAnnotations.Tests\bin\Release\net6.0\ShareGate.ComponentModel.DataAnnotations.Tests.dll" adapterTypeName="executor://xunit/VsTestRunner2/netcoreapp" className="ShareGate.ComponentModel.DataAnnotations.Tests.NotEmptyAttributeTests" name="IsValid_Returns_False_When_Value_Is_An_Empty_Yielded_Enumerable" />
    </UnitTest>
    <UnitTest name="ShareGate.ComponentModel.DataAnnotations.Tests.GuidAttributeTests.IsValid_Returns_False_When_Valid_Guid_String_With_Non_Matching_Format(value: &quot;(f4aebf09-7ac8-4521-9b0b-918d8139bde0)&quot;, valueFormat: &quot;P&quot;)" storage="c:\src\sg-componentmodel-dataannotations\src\sharegate.componentmodel.dataannotations.tests\bin\release\net6.0\sharegate.componentmodel.dataannotations.tests.dll" id="1ad049e0-e0c1-2020-587f-fceed362dc34">
      <Execution id="582efcca-17b4-4421-87b6-2a7b846f323b" />
      <TestMethod codeBase="C:\src\sg-componentmodel-dataannotations\src\ShareGate.ComponentModel.DataAnnotations.Tests\bin\Release\net6.0\ShareGate.ComponentModel.DataAnnotations.Tests.dll" adapterTypeName="executor://xunit/VsTestRunner2/netcoreapp" className="ShareGate.ComponentModel.DataAnnotations.Tests.GuidAttributeTests" name="IsValid_Returns_False_When_Valid_Guid_String_With_Non_Matching_Format" />
    </UnitTest>
    <UnitTest name="ShareGate.ComponentModel.DataAnnotations.Tests.GuidAttributeTests.IsValid_Returns_True_When_Valid_Guid_String_Without_Format(value: &quot;f4aebf097ac845219b0b918d8139bde0&quot;)" storage="c:\src\sg-componentmodel-dataannotations\src\sharegate.componentmodel.dataannotations.tests\bin\release\net6.0\sharegate.componentmodel.dataannotations.tests.dll" id="7f83d8ca-fa44-71b8-4405-db78ff4b5f19">
      <Execution id="c7a45afb-e8c2-4e03-80da-84bb03632214" />
      <TestMethod codeBase="C:\src\sg-componentmodel-dataannotations\src\ShareGate.ComponentModel.DataAnnotations.Tests\bin\Release\net6.0\ShareGate.ComponentModel.DataAnnotations.Tests.dll" adapterTypeName="executor://xunit/VsTestRunner2/netcoreapp" className="ShareGate.ComponentModel.DataAnnotations.Tests.GuidAttributeTests" name="IsValid_Returns_True_When_Valid_Guid_String_Without_Format" />
    </UnitTest>
    <UnitTest name="ShareGate.ComponentModel.DataAnnotations.Tests.NotEmptyAttributeTests.IsValid_Returns_False_When_Value_Is_An_Empty_Generic_List" storage="c:\src\sg-componentmodel-dataannotations\src\sharegate.componentmodel.dataannotations.tests\bin\release\net6.0\sharegate.componentmodel.dataannotations.tests.dll" id="ae26b1e8-f381-9ead-0604-b9bad38fef39">
      <Execution id="7873ce28-8f2a-43bb-ab9b-48dcd5867c58" />
      <TestMethod codeBase="C:\src\sg-componentmodel-dataannotations\src\ShareGate.ComponentModel.DataAnnotations.Tests\bin\Release\net6.0\ShareGate.ComponentModel.DataAnnotations.Tests.dll" adapterTypeName="executor://xunit/VsTestRunner2/netcoreapp" className="ShareGate.ComponentModel.DataAnnotations.Tests.NotEmptyAttributeTests" name="IsValid_Returns_False_When_Value_Is_An_Empty_Generic_List" />
    </UnitTest>
    <UnitTest name="ShareGate.ComponentModel.DataAnnotations.Tests.NotEmptyAttributeTests.IsValid_Returns_False_When_Value_Is_An_Empty_Generic_Array" storage="c:\src\sg-componentmodel-dataannotations\src\sharegate.componentmodel.dataannotations.tests\bin\release\net6.0\sharegate.componentmodel.dataannotations.tests.dll" id="85b8543a-ad03-8ede-a42b-a6bb2170ddfd">
      <Execution id="e28a61d5-7546-4765-a546-41d7a6b4090e" />
      <TestMethod codeBase="C:\src\sg-componentmodel-dataannotations\src\ShareGate.ComponentModel.DataAnnotations.Tests\bin\Release\net6.0\ShareGate.ComponentModel.DataAnnotations.Tests.dll" adapterTypeName="executor://xunit/VsTestRunner2/netcoreapp" className="ShareGate.ComponentModel.DataAnnotations.Tests.NotEmptyAttributeTests" name="IsValid_Returns_False_When_Value_Is_An_Empty_Generic_Array" />
    </UnitTest>
    <UnitTest name="ShareGate.ComponentModel.DataAnnotations.Tests.GuidAttributeTests.IsValid_Returns_True_When_Valid_Guid_String_With_Matching_Format(value: &quot;f4aebf097ac845219b0b918d8139bde0&quot;, valueFormat: &quot;N&quot;)" storage="c:\src\sg-componentmodel-dataannotations\src\sharegate.componentmodel.dataannotations.tests\bin\release\net6.0\sharegate.componentmodel.dataannotations.tests.dll" id="2d19ae54-0bf3-06c6-8a31-c21339a60674">
      <Execution id="803640f3-bb28-444d-83bf-58cd2d5fb6fe" />
      <TestMethod codeBase="C:\src\sg-componentmodel-dataannotations\src\ShareGate.ComponentModel.DataAnnotations.Tests\bin\Release\net6.0\ShareGate.ComponentModel.DataAnnotations.Tests.dll" adapterTypeName="executor://xunit/VsTestRunner2/netcoreapp" className="ShareGate.ComponentModel.DataAnnotations.Tests.GuidAttributeTests" name="IsValid_Returns_True_When_Valid_Guid_String_With_Matching_Format" />
    </UnitTest>
    <UnitTest name="ShareGate.ComponentModel.DataAnnotations.Tests.GuidAttributeTests.IsValid_Returns_True_When_Valid_Guid_String_With_Matching_Format(value: &quot;f4aebf09-7ac8-4521-9b0b-918d8139bde0&quot;, valueFormat: &quot;D&quot;)" storage="c:\src\sg-componentmodel-dataannotations\src\sharegate.componentmodel.dataannotations.tests\bin\release\net6.0\sharegate.componentmodel.dataannotations.tests.dll" id="15b0c39f-7b60-8307-2eb8-31b9a314f13a">
      <Execution id="8b68add6-d6c1-46dd-8fb2-406d71b6b28d" />
      <TestMethod codeBase="C:\src\sg-componentmodel-dataannotations\src\ShareGate.ComponentModel.DataAnnotations.Tests\bin\Release\net6.0\ShareGate.ComponentModel.DataAnnotations.Tests.dll" adapterTypeName="executor://xunit/VsTestRunner2/netcoreapp" className="ShareGate.ComponentModel.DataAnnotations.Tests.GuidAttributeTests" name="IsValid_Returns_True_When_Valid_Guid_String_With_Matching_Format" />
    </UnitTest>
    <UnitTest name="ShareGate.ComponentModel.DataAnnotations.Tests.NotEmptyAttributeTests.IsValid_Returns_True_When_Value_Is_A_Generic_HashSet_With_One_Element" storage="c:\src\sg-componentmodel-dataannotations\src\sharegate.componentmodel.dataannotations.tests\bin\release\net6.0\sharegate.componentmodel.dataannotations.tests.dll" id="b8424517-915e-c6a9-9c7e-317e598dd5dc">
      <Execution id="103fe304-52e1-46b0-9143-411b6847e993" />
      <TestMethod codeBase="C:\src\sg-componentmodel-dataannotations\src\ShareGate.ComponentModel.DataAnnotations.Tests\bin\Release\net6.0\ShareGate.ComponentModel.DataAnnotations.Tests.dll" adapterTypeName="executor://xunit/VsTestRunner2/netcoreapp" className="ShareGate.ComponentModel.DataAnnotations.Tests.NotEmptyAttributeTests" name="IsValid_Returns_True_When_Value_Is_A_Generic_HashSet_With_One_Element" />
    </UnitTest>
    <UnitTest name="ShareGate.ComponentModel.DataAnnotations.Tests.GuidAttributeTests.IsValid_Returns_False_When_Value_Is_Not_A_String" storage="c:\src\sg-componentmodel-dataannotations\src\sharegate.componentmodel.dataannotations.tests\bin\release\net6.0\sharegate.componentmodel.dataannotations.tests.dll" id="23156cea-e885-0305-75a9-eb01d985ecdf">
      <Execution id="dcf48e1e-24d6-43bf-8174-eb6326e871b1" />
      <TestMethod codeBase="C:\src\sg-componentmodel-dataannotations\src\ShareGate.ComponentModel.DataAnnotations.Tests\bin\Release\net6.0\ShareGate.ComponentModel.DataAnnotations.Tests.dll" adapterTypeName="executor://xunit/VsTestRunner2/netcoreapp" className="ShareGate.ComponentModel.DataAnnotations.Tests.GuidAttributeTests" name="IsValid_Returns_False_When_Value_Is_Not_A_String" />
    </UnitTest>
    <UnitTest name="ShareGate.ComponentModel.DataAnnotations.Tests.GuidAttributeTests.Validator_TryValidateObject_Returns_The_Expected_Error_Messages_When_Validation_Fails" storage="c:\src\sg-componentmodel-dataannotations\src\sharegate.componentmodel.dataannotations.tests\bin\release\net6.0\sharegate.componentmodel.dataannotations.tests.dll" id="442be577-2d70-7e3c-c113-533024fb5123">
      <Execution id="3bf3ca05-e305-403c-a6c8-5318d2f94bb0" />
      <TestMethod codeBase="C:\src\sg-componentmodel-dataannotations\src\ShareGate.ComponentModel.DataAnnotations.Tests\bin\Release\net6.0\ShareGate.ComponentModel.DataAnnotations.Tests.dll" adapterTypeName="executor://xunit/VsTestRunner2/netcoreapp" className="ShareGate.ComponentModel.DataAnnotations.Tests.GuidAttributeTests" name="Validator_TryValidateObject_Returns_The_Expected_Error_Messages_When_Validation_Fails" />
    </UnitTest>
    <UnitTest name="ShareGate.ComponentModel.DataAnnotations.Tests.NotEmptyAttributeTests.IsValid_Returns_True_When_Value_Is_An_Yielded_Enumerable_With_At_Least_One_Element" storage="c:\src\sg-componentmodel-dataannotations\src\sharegate.componentmodel.dataannotations.tests\bin\release\net6.0\sharegate.componentmodel.dataannotations.tests.dll" id="3110cdf5-eefb-7984-2dd8-c01dcebb41e7">
      <Execution id="6c65c7eb-4245-410e-84b9-af0cf1df225f" />
      <TestMethod codeBase="C:\src\sg-componentmodel-dataannotations\src\ShareGate.ComponentModel.DataAnnotations.Tests\bin\Release\net6.0\ShareGate.ComponentModel.DataAnnotations.Tests.dll" adapterTypeName="executor://xunit/VsTestRunner2/netcoreapp" className="ShareGate.ComponentModel.DataAnnotations.Tests.NotEmptyAttributeTests" name="IsValid_Returns_True_When_Value_Is_An_Yielded_Enumerable_With_At_Least_One_Element" />
    </UnitTest>
    <UnitTest name="ShareGate.ComponentModel.DataAnnotations.Tests.GuidAttributeTests.IsValid_Returns_True_When_Valid_Guid_String_With_Matching_Format(value: &quot;(f4aebf09-7ac8-4521-9b0b-918d8139bde0)&quot;, valueFormat: &quot;P&quot;)" storage="c:\src\sg-componentmodel-dataannotations\src\sharegate.componentmodel.dataannotations.tests\bin\release\net6.0\sharegate.componentmodel.dataannotations.tests.dll" id="36f2d703-d6b0-1aba-6593-1d81ce542680">
      <Execution id="23341b6c-2322-4801-b68c-84a1af4501da" />
      <TestMethod codeBase="C:\src\sg-componentmodel-dataannotations\src\ShareGate.ComponentModel.DataAnnotations.Tests\bin\Release\net6.0\ShareGate.ComponentModel.DataAnnotations.Tests.dll" adapterTypeName="executor://xunit/VsTestRunner2/netcoreapp" className="ShareGate.ComponentModel.DataAnnotations.Tests.GuidAttributeTests" name="IsValid_Returns_True_When_Valid_Guid_String_With_Matching_Format" />
    </UnitTest>
    <UnitTest name="ShareGate.ComponentModel.DataAnnotations.Tests.NotEmptyAttributeTests.IsValid_Returns_True_When_Value_Is_A_Generic_List_With_One_Element" storage="c:\src\sg-componentmodel-dataannotations\src\sharegate.componentmodel.dataannotations.tests\bin\release\net6.0\sharegate.componentmodel.dataannotations.tests.dll" id="349c00ba-f52c-c7b2-3475-79a8272f13e5">
      <Execution id="c35ee559-f982-46e7-8549-675aed21509e" />
      <TestMethod codeBase="C:\src\sg-componentmodel-dataannotations\src\ShareGate.ComponentModel.DataAnnotations.Tests\bin\Release\net6.0\ShareGate.ComponentModel.DataAnnotations.Tests.dll" adapterTypeName="executor://xunit/VsTestRunner2/netcoreapp" className="ShareGate.ComponentModel.DataAnnotations.Tests.NotEmptyAttributeTests" name="IsValid_Returns_True_When_Value_Is_A_Generic_List_With_One_Element" />
    </UnitTest>
    <UnitTest name="ShareGate.ComponentModel.DataAnnotations.Tests.ValidatePropertiesAttributeTests.ValidateObject_Throws_Exception_That_Contain_Each_Violated_Validation_Rule" storage="c:\src\sg-componentmodel-dataannotations\src\sharegate.componentmodel.dataannotations.tests\bin\release\net6.0\sharegate.componentmodel.dataannotations.tests.dll" id="782a76f0-5b01-f3ce-7140-72ffd458b125">
      <Execution id="e631a8cd-8b88-44a1-a11e-3862d0262aa3" />
      <TestMethod codeBase="C:\src\sg-componentmodel-dataannotations\src\ShareGate.ComponentModel.DataAnnotations.Tests\bin\Release\net6.0\ShareGate.ComponentModel.DataAnnotations.Tests.dll" adapterTypeName="executor://xunit/VsTestRunner2/netcoreapp" className="ShareGate.ComponentModel.DataAnnotations.Tests.ValidatePropertiesAttributeTests" name="ValidateObject_Throws_Exception_That_Contain_Each_Violated_Validation_Rule" />
    </UnitTest>
    <UnitTest name="ShareGate.ComponentModel.DataAnnotations.Tests.NotEmptyAttributeTests.Validator_TryValidateObject_Returns_The_Expected_Error_Message_When_Validation_Fails" storage="c:\src\sg-componentmodel-dataannotations\src\sharegate.componentmodel.dataannotations.tests\bin\release\net6.0\sharegate.componentmodel.dataannotations.tests.dll" id="e9f1b5a8-75fb-80e4-3ce2-66b578bff651">
      <Execution id="76e5a17d-1a53-4839-ba79-a0867ab63e73" />
      <TestMethod codeBase="C:\src\sg-componentmodel-dataannotations\src\ShareGate.ComponentModel.DataAnnotations.Tests\bin\Release\net6.0\ShareGate.ComponentModel.DataAnnotations.Tests.dll" adapterTypeName="executor://xunit/VsTestRunner2/netcoreapp" className="ShareGate.ComponentModel.DataAnnotations.Tests.NotEmptyAttributeTests" name="Validator_TryValidateObject_Returns_The_Expected_Error_Message_When_Validation_Fails" />
    </UnitTest>
    <UnitTest name="ShareGate.ComponentModel.DataAnnotations.Tests.NotEmptyAttributeTests.IsValid_Returns_True_When_Value_Is_Null" storage="c:\src\sg-componentmodel-dataannotations\src\sharegate.componentmodel.dataannotations.tests\bin\release\net6.0\sharegate.componentmodel.dataannotations.tests.dll" id="f069c7f8-4466-bd8d-9d77-19cab7ef2aa9">
      <Execution id="7887c695-5a75-4f78-87ac-26ef121bb426" />
      <TestMethod codeBase="C:\src\sg-componentmodel-dataannotations\src\ShareGate.ComponentModel.DataAnnotations.Tests\bin\Release\net6.0\ShareGate.ComponentModel.DataAnnotations.Tests.dll" adapterTypeName="executor://xunit/VsTestRunner2/netcoreapp" className="ShareGate.ComponentModel.DataAnnotations.Tests.NotEmptyAttributeTests" name="IsValid_Returns_True_When_Value_Is_Null" />
    </UnitTest>
    <UnitTest name="ShareGate.ComponentModel.DataAnnotations.Tests.NotEmptyAttributeTests.IsValid_Returns_True_When_Value_Is_A_Generic_Array_With_One_Element" storage="c:\src\sg-componentmodel-dataannotations\src\sharegate.componentmodel.dataannotations.tests\bin\release\net6.0\sharegate.componentmodel.dataannotations.tests.dll" id="6d119962-47bc-7da4-b9b4-a9ca3328d502">
      <Execution id="e570ac62-86a0-4821-898d-4be58b6e3739" />
      <TestMethod codeBase="C:\src\sg-componentmodel-dataannotations\src\ShareGate.ComponentModel.DataAnnotations.Tests\bin\Release\net6.0\ShareGate.ComponentModel.DataAnnotations.Tests.dll" adapterTypeName="executor://xunit/VsTestRunner2/netcoreapp" className="ShareGate.ComponentModel.DataAnnotations.Tests.NotEmptyAttributeTests" name="IsValid_Returns_True_When_Value_Is_A_Generic_Array_With_One_Element" />
    </UnitTest>
    <UnitTest name="ShareGate.ComponentModel.DataAnnotations.Tests.GuidAttributeTests.IsValid_Returns_False_When_Valid_Guid_String_With_Non_Matching_Format(value: &quot;{0xf4aebf09,0x7ac8,0x4521,{0x9b,0x0b,0x91,0x8d,0x8&quot;..., valueFormat: &quot;X&quot;)" storage="c:\src\sg-componentmodel-dataannotations\src\sharegate.componentmodel.dataannotations.tests\bin\release\net6.0\sharegate.componentmodel.dataannotations.tests.dll" id="61a807b7-d995-e659-0661-1d75ececa71e">
      <Execution id="03bfff11-510c-4e92-833d-cec9003919a8" />
      <TestMethod codeBase="C:\src\sg-componentmodel-dataannotations\src\ShareGate.ComponentModel.DataAnnotations.Tests\bin\Release\net6.0\ShareGate.ComponentModel.DataAnnotations.Tests.dll" adapterTypeName="executor://xunit/VsTestRunner2/netcoreapp" className="ShareGate.ComponentModel.DataAnnotations.Tests.GuidAttributeTests" name="IsValid_Returns_False_When_Valid_Guid_String_With_Non_Matching_Format" />
    </UnitTest>
    <UnitTest name="ShareGate.ComponentModel.DataAnnotations.Tests.GuidAttributeTests.IsValid_Returns_False_When_Valid_Guid_String_With_Non_Matching_Format(value: &quot;f4aebf097ac845219b0b918d8139bde0&quot;, valueFormat: &quot;N&quot;)" storage="c:\src\sg-componentmodel-dataannotations\src\sharegate.componentmodel.dataannotations.tests\bin\release\net6.0\sharegate.componentmodel.dataannotations.tests.dll" id="1da1c447-9306-91d7-349f-d4e8fd8e0730">
      <Execution id="37459f65-5000-4670-8f0d-cb1834dc12d3" />
      <TestMethod codeBase="C:\src\sg-componentmodel-dataannotations\src\ShareGate.ComponentModel.DataAnnotations.Tests\bin\Release\net6.0\ShareGate.ComponentModel.DataAnnotations.Tests.dll" adapterTypeName="executor://xunit/VsTestRunner2/netcoreapp" className="ShareGate.ComponentModel.DataAnnotations.Tests.GuidAttributeTests" name="IsValid_Returns_False_When_Valid_Guid_String_With_Non_Matching_Format" />
    </UnitTest>
    <UnitTest name="ShareGate.ComponentModel.DataAnnotations.Tests.NotEmptyAttributeTests.IsValid_Returns_True_When_Value_Is_A_ArrayList_With_One_Element" storage="c:\src\sg-componentmodel-dataannotations\src\sharegate.componentmodel.dataannotations.tests\bin\release\net6.0\sharegate.componentmodel.dataannotations.tests.dll" id="cbcdfc39-98ee-fd0e-68c1-f67e5b30ed1d">
      <Execution id="5ef4dbf7-aa47-4482-8b1b-7fd9d44a4bcf" />
      <TestMethod codeBase="C:\src\sg-componentmodel-dataannotations\src\ShareGate.ComponentModel.DataAnnotations.Tests\bin\Release\net6.0\ShareGate.ComponentModel.DataAnnotations.Tests.dll" adapterTypeName="executor://xunit/VsTestRunner2/netcoreapp" className="ShareGate.ComponentModel.DataAnnotations.Tests.NotEmptyAttributeTests" name="IsValid_Returns_True_When_Value_Is_A_ArrayList_With_One_Element" />
    </UnitTest>
    <UnitTest name="ShareGate.ComponentModel.DataAnnotations.Tests.NotEmptyAttributeTests.IsValid_Returns_False_When_Value_Is_An_Empty_ArrayList" storage="c:\src\sg-componentmodel-dataannotations\src\sharegate.componentmodel.dataannotations.tests\bin\release\net6.0\sharegate.componentmodel.dataannotations.tests.dll" id="c07d26e1-e038-c18a-48be-34b097f25545">
      <Execution id="1660d77e-ef11-4d52-b4be-e371031de719" />
      <TestMethod codeBase="C:\src\sg-componentmodel-dataannotations\src\ShareGate.ComponentModel.DataAnnotations.Tests\bin\Release\net6.0\ShareGate.ComponentModel.DataAnnotations.Tests.dll" adapterTypeName="executor://xunit/VsTestRunner2/netcoreapp" className="ShareGate.ComponentModel.DataAnnotations.Tests.NotEmptyAttributeTests" name="IsValid_Returns_False_When_Value_Is_An_Empty_ArrayList" />
    </UnitTest>
    <UnitTest name="ShareGate.ComponentModel.DataAnnotations.Tests.GuidAttributeTests.IsValid_Returns_True_When_Valid_Guid_String_Without_Format(value: &quot;(f4aebf09-7ac8-4521-9b0b-918d8139bde0)&quot;)" storage="c:\src\sg-componentmodel-dataannotations\src\sharegate.componentmodel.dataannotations.tests\bin\release\net6.0\sharegate.componentmodel.dataannotations.tests.dll" id="4163e64f-5507-0cb3-21d6-88bc7922a10f">
      <Execution id="915da3c1-4042-48c1-b5ce-2ce9aa733c7c" />
      <TestMethod codeBase="C:\src\sg-componentmodel-dataannotations\src\ShareGate.ComponentModel.DataAnnotations.Tests\bin\Release\net6.0\ShareGate.ComponentModel.DataAnnotations.Tests.dll" adapterTypeName="executor://xunit/VsTestRunner2/netcoreapp" className="ShareGate.ComponentModel.DataAnnotations.Tests.GuidAttributeTests" name="IsValid_Returns_True_When_Valid_Guid_String_Without_Format" />
    </UnitTest>
    <UnitTest name="ShareGate.ComponentModel.DataAnnotations.Tests.GuidAttributeTests.IsValid_Returns_True_When_Valid_Guid_String_Without_Format(value: &quot;{0xf4aebf09,0x7ac8,0x4521,{0x9b,0x0b,0x91,0x8d,0x8&quot;...)" storage="c:\src\sg-componentmodel-dataannotations\src\sharegate.componentmodel.dataannotations.tests\bin\release\net6.0\sharegate.componentmodel.dataannotations.tests.dll" id="540b5b4a-9b56-acd4-c971-03c246c9595b">
      <Execution id="26b6c060-1e10-4c2f-a8c2-58067b55321a" />
      <TestMethod codeBase="C:\src\sg-componentmodel-dataannotations\src\ShareGate.ComponentModel.DataAnnotations.Tests\bin\Release\net6.0\ShareGate.ComponentModel.DataAnnotations.Tests.dll" adapterTypeName="executor://xunit/VsTestRunner2/netcoreapp" className="ShareGate.ComponentModel.DataAnnotations.Tests.GuidAttributeTests" name="IsValid_Returns_True_When_Valid_Guid_String_Without_Format" />
    </UnitTest>
    <UnitTest name="ShareGate.ComponentModel.DataAnnotations.Tests.GuidAttributeTests.IsValid_Returns_True_When_Valid_Guid_String_Without_Format(value: &quot;{f4aebf09-7ac8-4521-9b0b-918d8139bde0}&quot;)" storage="c:\src\sg-componentmodel-dataannotations\src\sharegate.componentmodel.dataannotations.tests\bin\release\net6.0\sharegate.componentmodel.dataannotations.tests.dll" id="a0d6faa8-269b-8520-7506-7dbcd48c7132">
      <Execution id="fe5d2141-bd88-4707-94e2-9db0c0cfe140" />
      <TestMethod codeBase="C:\src\sg-componentmodel-dataannotations\src\ShareGate.ComponentModel.DataAnnotations.Tests\bin\Release\net6.0\ShareGate.ComponentModel.DataAnnotations.Tests.dll" adapterTypeName="executor://xunit/VsTestRunner2/netcoreapp" className="ShareGate.ComponentModel.DataAnnotations.Tests.GuidAttributeTests" name="IsValid_Returns_True_When_Valid_Guid_String_Without_Format" />
    </UnitTest>
    <UnitTest name="ShareGate.ComponentModel.DataAnnotations.Tests.GuidAttributeTests.IsValid_Returns_True_When_Valid_Guid_String_Without_Format(value: &quot;f4aebf09-7ac8-4521-9b0b-918d8139bde0&quot;)" storage="c:\src\sg-componentmodel-dataannotations\src\sharegate.componentmodel.dataannotations.tests\bin\release\net6.0\sharegate.componentmodel.dataannotations.tests.dll" id="d53837f1-350f-e025-5db8-34f2098f92ce">
      <Execution id="c6890225-625f-4278-bc58-db0d6d68a03a" />
      <TestMethod codeBase="C:\src\sg-componentmodel-dataannotations\src\ShareGate.ComponentModel.DataAnnotations.Tests\bin\Release\net6.0\ShareGate.ComponentModel.DataAnnotations.Tests.dll" adapterTypeName="executor://xunit/VsTestRunner2/netcoreapp" className="ShareGate.ComponentModel.DataAnnotations.Tests.GuidAttributeTests" name="IsValid_Returns_True_When_Valid_Guid_String_Without_Format" />
    </UnitTest>
    <UnitTest name="ShareGate.ComponentModel.DataAnnotations.Tests.GuidAttributeTests.IsValid_Returns_True_When_Valid_Guid_String_With_Matching_Format(value: &quot;{0xf4aebf09,0x7ac8,0x4521,{0x9b,0x0b,0x91,0x8d,0x8&quot;..., valueFormat: &quot;X&quot;)" storage="c:\src\sg-componentmodel-dataannotations\src\sharegate.componentmodel.dataannotations.tests\bin\release\net6.0\sharegate.componentmodel.dataannotations.tests.dll" id="64b41a85-e2a4-98f4-05f7-b08510ff9e85">
      <Execution id="7a68c356-abf0-4172-b8d5-496e1fb1d90f" />
      <TestMethod codeBase="C:\src\sg-componentmodel-dataannotations\src\ShareGate.ComponentModel.DataAnnotations.Tests\bin\Release\net6.0\ShareGate.ComponentModel.DataAnnotations.Tests.dll" adapterTypeName="executor://xunit/VsTestRunner2/netcoreapp" className="ShareGate.ComponentModel.DataAnnotations.Tests.GuidAttributeTests" name="IsValid_Returns_True_When_Valid_Guid_String_With_Matching_Format" />
    </UnitTest>
    <UnitTest name="ShareGate.ComponentModel.DataAnnotations.Tests.GuidAttributeTests.IsValid_Returns_False_When_Valid_Guid_String_With_Non_Matching_Format(value: &quot;{f4aebf09-7ac8-4521-9b0b-918d8139bde0}&quot;, valueFormat: &quot;B&quot;)" storage="c:\src\sg-componentmodel-dataannotations\src\sharegate.componentmodel.dataannotations.tests\bin\release\net6.0\sharegate.componentmodel.dataannotations.tests.dll" id="e3773260-5961-5e12-bb3c-aa80c4b97af1">
      <Execution id="657953ac-abf4-4741-81a3-58f845bff5eb" />
      <TestMethod codeBase="C:\src\sg-componentmodel-dataannotations\src\ShareGate.ComponentModel.DataAnnotations.Tests\bin\Release\net6.0\ShareGate.ComponentModel.DataAnnotations.Tests.dll" adapterTypeName="executor://xunit/VsTestRunner2/netcoreapp" className="ShareGate.ComponentModel.DataAnnotations.Tests.GuidAttributeTests" name="IsValid_Returns_False_When_Valid_Guid_String_With_Non_Matching_Format" />
    </UnitTest>
    <UnitTest name="ShareGate.ComponentModel.DataAnnotations.Tests.GuidAttributeTests.IsValid_Returns_True_When_Value_Is_Null" storage="c:\src\sg-componentmodel-dataannotations\src\sharegate.componentmodel.dataannotations.tests\bin\release\net6.0\sharegate.componentmodel.dataannotations.tests.dll" id="2612dc12-e6af-6049-9036-a68c2317f2da">
      <Execution id="400915de-1a60-4540-9d72-1d897fe5c33d" />
      <TestMethod codeBase="C:\src\sg-componentmodel-dataannotations\src\ShareGate.ComponentModel.DataAnnotations.Tests\bin\Release\net6.0\ShareGate.ComponentModel.DataAnnotations.Tests.dll" adapterTypeName="executor://xunit/VsTestRunner2/netcoreapp" className="ShareGate.ComponentModel.DataAnnotations.Tests.GuidAttributeTests" name="IsValid_Returns_True_When_Value_Is_Null" />
    </UnitTest>
    <UnitTest name="ShareGate.ComponentModel.DataAnnotations.Tests.GuidAttributeTests.IsValid_Returns_False_When_Value_Is_An_Invalid_Guid_String" storage="c:\src\sg-componentmodel-dataannotations\src\sharegate.componentmodel.dataannotations.tests\bin\release\net6.0\sharegate.componentmodel.dataannotations.tests.dll" id="a13778b3-2be9-daab-2c7c-cac4133dc180">
      <Execution id="5be56efa-cbc9-4627-8fdb-e93d429edc4c" />
      <TestMethod codeBase="C:\src\sg-componentmodel-dataannotations\src\ShareGate.ComponentModel.DataAnnotations.Tests\bin\Release\net6.0\ShareGate.ComponentModel.DataAnnotations.Tests.dll" adapterTypeName="executor://xunit/VsTestRunner2/netcoreapp" className="ShareGate.ComponentModel.DataAnnotations.Tests.GuidAttributeTests" name="IsValid_Returns_False_When_Value_Is_An_Invalid_Guid_String" />
    </UnitTest>
  </TestDefinitions>
  <TestEntries>
    <TestEntry testId="e9f1b5a8-75fb-80e4-3ce2-66b578bff651" executionId="76e5a17d-1a53-4839-ba79-a0867ab63e73" testListId="8c84fa94-04c1-424b-9868-57a2d4851a1d" />
    <TestEntry testId="61a807b7-d995-e659-0661-1d75ececa71e" executionId="03bfff11-510c-4e92-833d-cec9003919a8" testListId="8c84fa94-04c1-424b-9868-57a2d4851a1d" />
    <TestEntry testId="442be577-2d70-7e3c-c113-533024fb5123" executionId="3bf3ca05-e305-403c-a6c8-5318d2f94bb0" testListId="8c84fa94-04c1-424b-9868-57a2d4851a1d" />
    <TestEntry testId="2612dc12-e6af-6049-9036-a68c2317f2da" executionId="400915de-1a60-4540-9d72-1d897fe5c33d" testListId="8c84fa94-04c1-424b-9868-57a2d4851a1d" />
    <TestEntry testId="ae26b1e8-f381-9ead-0604-b9bad38fef39" executionId="7873ce28-8f2a-43bb-ab9b-48dcd5867c58" testListId="8c84fa94-04c1-424b-9868-57a2d4851a1d" />
    <TestEntry testId="2ea549c3-dbf3-f792-f089-cd5bb68d1121" executionId="6f3a6027-3780-4fd1-af01-56e0645346ca" testListId="8c84fa94-04c1-424b-9868-57a2d4851a1d" />
    <TestEntry testId="2d19ae54-0bf3-06c6-8a31-c21339a60674" executionId="803640f3-bb28-444d-83bf-58cd2d5fb6fe" testListId="8c84fa94-04c1-424b-9868-57a2d4851a1d" />
    <TestEntry testId="a13778b3-2be9-daab-2c7c-cac4133dc180" executionId="5be56efa-cbc9-4627-8fdb-e93d429edc4c" testListId="8c84fa94-04c1-424b-9868-57a2d4851a1d" />
    <TestEntry testId="6d119962-47bc-7da4-b9b4-a9ca3328d502" executionId="e570ac62-86a0-4821-898d-4be58b6e3739" testListId="8c84fa94-04c1-424b-9868-57a2d4851a1d" />
    <TestEntry testId="18b4008e-a7b7-a284-6eb5-bff03aba5979" executionId="27b408c6-5a3b-40fc-9eaa-09d3c93fd13e" testListId="8c84fa94-04c1-424b-9868-57a2d4851a1d" />
    <TestEntry testId="36f2d703-d6b0-1aba-6593-1d81ce542680" executionId="23341b6c-2322-4801-b68c-84a1af4501da" testListId="8c84fa94-04c1-424b-9868-57a2d4851a1d" />
    <TestEntry testId="540b5b4a-9b56-acd4-c971-03c246c9595b" executionId="26b6c060-1e10-4c2f-a8c2-58067b55321a" testListId="8c84fa94-04c1-424b-9868-57a2d4851a1d" />
    <TestEntry testId="23156cea-e885-0305-75a9-eb01d985ecdf" executionId="dcf48e1e-24d6-43bf-8174-eb6326e871b1" testListId="8c84fa94-04c1-424b-9868-57a2d4851a1d" />
    <TestEntry testId="85b8543a-ad03-8ede-a42b-a6bb2170ddfd" executionId="e28a61d5-7546-4765-a546-41d7a6b4090e" testListId="8c84fa94-04c1-424b-9868-57a2d4851a1d" />
    <TestEntry testId="d53837f1-350f-e025-5db8-34f2098f92ce" executionId="c6890225-625f-4278-bc58-db0d6d68a03a" testListId="8c84fa94-04c1-424b-9868-57a2d4851a1d" />
    <TestEntry testId="1496db78-cf11-387b-61b0-7e4d27af6bc8" executionId="c21cf6fb-68f0-4871-abe0-735a1ae9a3ee" testListId="8c84fa94-04c1-424b-9868-57a2d4851a1d" />
    <TestEntry testId="a0d6faa8-269b-8520-7506-7dbcd48c7132" executionId="fe5d2141-bd88-4707-94e2-9db0c0cfe140" testListId="8c84fa94-04c1-424b-9868-57a2d4851a1d" />
    <TestEntry testId="b8424517-915e-c6a9-9c7e-317e598dd5dc" executionId="103fe304-52e1-46b0-9143-411b6847e993" testListId="8c84fa94-04c1-424b-9868-57a2d4851a1d" />
    <TestEntry testId="15b0c39f-7b60-8307-2eb8-31b9a314f13a" executionId="8b68add6-d6c1-46dd-8fb2-406d71b6b28d" testListId="8c84fa94-04c1-424b-9868-57a2d4851a1d" />
    <TestEntry testId="1ad049e0-e0c1-2020-587f-fceed362dc34" executionId="582efcca-17b4-4421-87b6-2a7b846f323b" testListId="8c84fa94-04c1-424b-9868-57a2d4851a1d" />
    <TestEntry testId="f069c7f8-4466-bd8d-9d77-19cab7ef2aa9" executionId="7887c695-5a75-4f78-87ac-26ef121bb426" testListId="8c84fa94-04c1-424b-9868-57a2d4851a1d" />
    <TestEntry testId="27e4cf0b-0614-7ddd-b815-a0fe3b55ef68" executionId="9b6305ae-93ac-4bac-ba8c-9f72d40843ff" testListId="8c84fa94-04c1-424b-9868-57a2d4851a1d" />
    <TestEntry testId="64b41a85-e2a4-98f4-05f7-b08510ff9e85" executionId="7a68c356-abf0-4172-b8d5-496e1fb1d90f" testListId="8c84fa94-04c1-424b-9868-57a2d4851a1d" />
    <TestEntry testId="4163e64f-5507-0cb3-21d6-88bc7922a10f" executionId="915da3c1-4042-48c1-b5ce-2ce9aa733c7c" testListId="8c84fa94-04c1-424b-9868-57a2d4851a1d" />
    <TestEntry testId="7f83d8ca-fa44-71b8-4405-db78ff4b5f19" executionId="c7a45afb-e8c2-4e03-80da-84bb03632214" testListId="8c84fa94-04c1-424b-9868-57a2d4851a1d" />
    <TestEntry testId="e3773260-5961-5e12-bb3c-aa80c4b97af1" executionId="657953ac-abf4-4741-81a3-58f845bff5eb" testListId="8c84fa94-04c1-424b-9868-57a2d4851a1d" />
    <TestEntry testId="ac8117c5-7812-a1e4-994b-f07aca118f0c" executionId="ecbd6d7d-1fbd-468e-8979-1bc5bd148465" testListId="8c84fa94-04c1-424b-9868-57a2d4851a1d" />
    <TestEntry testId="cbcdfc39-98ee-fd0e-68c1-f67e5b30ed1d" executionId="5ef4dbf7-aa47-4482-8b1b-7fd9d44a4bcf" testListId="8c84fa94-04c1-424b-9868-57a2d4851a1d" />
    <TestEntry testId="349c00ba-f52c-c7b2-3475-79a8272f13e5" executionId="c35ee559-f982-46e7-8549-675aed21509e" testListId="8c84fa94-04c1-424b-9868-57a2d4851a1d" />
    <TestEntry testId="c07d26e1-e038-c18a-48be-34b097f25545" executionId="1660d77e-ef11-4d52-b4be-e371031de719" testListId="8c84fa94-04c1-424b-9868-57a2d4851a1d" />
    <TestEntry testId="93329b70-9600-e8b3-2759-1b58a4feb032" executionId="e1ad4ecd-8c69-4fd9-808e-c21238ef3a2c" testListId="8c84fa94-04c1-424b-9868-57a2d4851a1d" />
    <TestEntry testId="782a76f0-5b01-f3ce-7140-72ffd458b125" executionId="e631a8cd-8b88-44a1-a11e-3862d0262aa3" testListId="8c84fa94-04c1-424b-9868-57a2d4851a1d" />
    <TestEntry testId="1da1c447-9306-91d7-349f-d4e8fd8e0730" executionId="37459f65-5000-4670-8f0d-cb1834dc12d3" testListId="8c84fa94-04c1-424b-9868-57a2d4851a1d" />
    <TestEntry testId="3110cdf5-eefb-7984-2dd8-c01dcebb41e7" executionId="6c65c7eb-4245-410e-84b9-af0cf1df225f" testListId="8c84fa94-04c1-424b-9868-57a2d4851a1d" />
  </TestEntries>
  <TestLists>
    <TestList name="Results Not in a List" id="8c84fa94-04c1-424b-9868-57a2d4851a1d" />
    <TestList name="All Loaded Results" id="19431567-8539-422a-85d7-44ee4e166bda" />
  </TestLists>
  <ResultSummary outcome="Completed">
    <Counters total="34" executed="34" passed="34" failed="0" error="0" timeout="0" aborted="0" inconclusive="0" passedButRunAborted="0" notRunnable="0" notExecuted="0" disconnected="0" warning="0" completed="0" inProgress="0" pending="0" />
    <Output>
      <StdOut>[xUnit.net 00:00:00.00] xUnit.net VSTest Adapter v2.4.3+1b45f5407b (64-bit .NET 6.0.5)&#xD;
[xUnit.net 00:00:00.56]   Discovering: ShareGate.ComponentModel.DataAnnotations.Tests&#xD;
[xUnit.net 00:00:00.62]   Discovered:  ShareGate.ComponentModel.DataAnnotations.Tests&#xD;
[xUnit.net 00:00:00.62]   Starting:    ShareGate.ComponentModel.DataAnnotations.Tests&#xD;
[xUnit.net 00:00:00.75]   Finished:    ShareGate.ComponentModel.DataAnnotations.Tests&#xD;
</StdOut>
    </Output>
  </ResultSummary>
</TestRun>