<?xml version="1.0" encoding="utf-8"?>
<TestRun id="540c4675-1cc3-4c74-9500-a1ab1fd0656b" name="anthony.simmon@GSOFT-CP4T693 2022-06-08 21:00:28" runUser="OFFICE\anthony.simmon" xmlns="http://microsoft.com/schemas/VisualStudio/TeamTest/2010">
  <Times creation="2022-06-08T21:00:28.6019648-04:00" queuing="2022-06-08T21:00:28.6019655-04:00" start="2022-06-08T21:00:26.6012033-04:00" finish="2022-06-08T21:00:28.6818372-04:00" />
  <TestSettings name="default" id="8345f631-eac7-4ceb-9815-11e5a86b6fb2">
    <Deployment runDeploymentRoot="anthony.simmon_GSOFT-CP4T693_2022-06-08_21_00_28" />
  </TestSettings>
  <Results>
    <UnitTestResult executionId="75b253a0-f19c-417e-9aef-f18f88491ce9" testId="1ad049e0-e0c1-2020-587f-fceed362dc34" testName="ShareGate.ComponentModel.DataAnnotations.Tests.GuidAttributeTests.IsValid_Returns_False_When_Valid_Guid_String_With_Non_Matching_Format(value: &quot;(f4aebf09-7ac8-4521-9b0b-918d8139bde0)&quot;, valueFormat: &quot;P&quot;)" computerName="GSOFT-CP4T693" duration="00:00:00.0134449" startTime="2022-06-08T21:00:28.3103522-04:00" endTime="2022-06-08T21:00:28.3106017-04:00" testType="13cdc9d9-ddb5-4fa4-a97d-d965ccfc6d4b" outcome="Passed" testListId="8c84fa94-04c1-424b-9868-57a2d4851a1d" relativeResultsDirectory="75b253a0-f19c-417e-9aef-f18f88491ce9" />
    <UnitTestResult executionId="f71fb434-3f35-430d-b1f7-4cfee4447f2e" testId="349c00ba-f52c-c7b2-3475-79a8272f13e5" testName="ShareGate.ComponentModel.DataAnnotations.Tests.NotEmptyAttributeTests.IsValid_Returns_True_When_Value_Is_A_Generic_List_With_One_Element" computerName="GSOFT-CP4T693" duration="00:00:00.0003199" startTime="2022-06-08T21:00:28.4458931-04:00" endTime="2022-06-08T21:00:28.4458945-04:00" testType="13cdc9d9-ddb5-4fa4-a97d-d965ccfc6d4b" outcome="Passed" testListId="8c84fa94-04c1-424b-9868-57a2d4851a1d" relativeResultsDirectory="f71fb434-3f35-430d-b1f7-4cfee4447f2e" />
    <UnitTestResult executionId="8e4dcd33-814f-4145-b982-6c502abbacd9" testId="2d19ae54-0bf3-06c6-8a31-c21339a60674" testName="ShareGate.ComponentModel.DataAnnotations.Tests.GuidAttributeTests.IsValid_Returns_True_When_Valid_Guid_String_With_Matching_Format(value: &quot;f4aebf097ac845219b0b918d8139bde0&quot;, valueFormat: &quot;N&quot;)" computerName="GSOFT-CP4T693" duration="00:00:00.0000275" startTime="2022-06-08T21:00:28.4434356-04:00" endTime="2022-06-08T21:00:28.4434362-04:00" testType="13cdc9d9-ddb5-4fa4-a97d-d965ccfc6d4b" outcome="Passed" testListId="8c84fa94-04c1-424b-9868-57a2d4851a1d" relativeResultsDirectory="8e4dcd33-814f-4145-b982-6c502abbacd9" />
    <UnitTestResult executionId="7740c940-273f-40d8-839b-1a5b160cb45d" testId="540b5b4a-9b56-acd4-c971-03c246c9595b" testName="ShareGate.ComponentModel.DataAnnotations.Tests.GuidAttributeTests.IsValid_Returns_True_When_Valid_Guid_String_Without_Format(value: &quot;{0xf4aebf09,0x7ac8,0x4521,{0x9b,0x0b,0x91,0x8d,0x8&quot;...)" computerName="GSOFT-CP4T693" duration="00:00:00.0000238" startTime="2022-06-08T21:00:28.4389044-04:00" endTime="2022-06-08T21:00:28.4389052-04:00" testType="13cdc9d9-ddb5-4fa4-a97d-d965ccfc6d4b" outcome="Passed" testListId="8c84fa94-04c1-424b-9868-57a2d4851a1d" relativeResultsDirectory="7740c940-273f-40d8-839b-1a5b160cb45d" />
    <UnitTestResult executionId="95da7f32-52fd-4e9d-8baf-675e711a3454" testId="64b41a85-e2a4-98f4-05f7-b08510ff9e85" testName="ShareGate.ComponentModel.DataAnnotations.Tests.GuidAttributeTests.IsValid_Returns_True_When_Valid_Guid_String_With_Matching_Format(value: &quot;{0xf4aebf09,0x7ac8,0x4521,{0x9b,0x0b,0x91,0x8d,0x8&quot;..., valueFormat: &quot;X&quot;)" computerName="GSOFT-CP4T693" duration="00:00:00.0000196" startTime="2022-06-08T21:00:28.4435473-04:00" endTime="2022-06-08T21:00:28.4435480-04:00" testType="13cdc9d9-ddb5-4fa4-a97d-d965ccfc6d4b" outcome="Passed" testListId="8c84fa94-04c1-424b-9868-57a2d4851a1d" relativeResultsDirectory="95da7f32-52fd-4e9d-8baf-675e711a3454" />
    <UnitTestResult executionId="34cb3bd9-4b97-4fc4-93fc-5a83c4d2e76d" testId="85b8543a-ad03-8ede-a42b-a6bb2170ddfd" testName="ShareGate.ComponentModel.DataAnnotations.Tests.NotEmptyAttributeTests.IsValid_Returns_False_When_Value_Is_An_Empty_Generic_Array" computerName="GSOFT-CP4T693" duration="00:00:00.0003695" startTime="2022-06-08T21:00:28.4463757-04:00" endTime="2022-06-08T21:00:28.4463765-04:00" testType="13cdc9d9-ddb5-4fa4-a97d-d965ccfc6d4b" outcome="Passed" testListId="8c84fa94-04c1-424b-9868-57a2d4851a1d" relativeResultsDirectory="34cb3bd9-4b97-4fc4-93fc-5a83c4d2e76d" />
    <UnitTestResult executionId="32655061-7a7b-4412-af14-4696cfd8dd40" testId="782a76f0-5b01-f3ce-7140-72ffd458b125" testName="ShareGate.ComponentModel.DataAnnotations.Tests.ValidatePropertiesAttributeTests.ValidateObject_Throws_Exception_That_Contain_Each_Violated_Validation_Rule" computerName="GSOFT-CP4T693" duration="00:00:00.0619493" startTime="2022-06-08T21:00:28.4489526-04:00" endTime="2022-06-08T21:00:28.4489538-04:00" testType="13cdc9d9-ddb5-4fa4-a97d-d965ccfc6d4b" outcome="Passed" testListId="8c84fa94-04c1-424b-9868-57a2d4851a1d" relativeResultsDirectory="32655061-7a7b-4412-af14-4696cfd8dd40" />
    <UnitTestResult executionId="dad47cc5-2b4a-4eab-a841-0fe64ad06e8e" testId="4163e64f-5507-0cb3-21d6-88bc7922a10f" testName="ShareGate.ComponentModel.DataAnnotations.Tests.GuidAttributeTests.IsValid_Returns_True_When_Valid_Guid_String_Without_Format(value: &quot;(f4aebf09-7ac8-4521-9b0b-918d8139bde0)&quot;)" computerName="GSOFT-CP4T693" duration="00:00:00.0004539" startTime="2022-06-08T21:00:28.3306171-04:00" endTime="2022-06-08T21:00:28.3306189-04:00" testType="13cdc9d9-ddb5-4fa4-a97d-d965ccfc6d4b" outcome="Passed" testListId="8c84fa94-04c1-424b-9868-57a2d4851a1d" relativeResultsDirectory="dad47cc5-2b4a-4eab-a841-0fe64ad06e8e" />
    <UnitTestResult executionId="ba83c11e-e1c4-4d3f-aac0-a3962f99426c" testId="f069c7f8-4466-bd8d-9d77-19cab7ef2aa9" testName="ShareGate.ComponentModel.DataAnnotations.Tests.NotEmptyAttributeTests.IsValid_Returns_True_When_Value_Is_Null" computerName="GSOFT-CP4T693" duration="00:00:00.0002990" startTime="2022-06-08T21:00:28.4465241-04:00" endTime="2022-06-08T21:00:28.4465249-04:00" testType="13cdc9d9-ddb5-4fa4-a97d-d965ccfc6d4b" outcome="Passed" testListId="8c84fa94-04c1-424b-9868-57a2d4851a1d" relativeResultsDirectory="ba83c11e-e1c4-4d3f-aac0-a3962f99426c" />
    <UnitTestResult executionId="452fa1ff-f57c-4a92-8672-3b3ee7d0fd11" testId="c07d26e1-e038-c18a-48be-34b097f25545" testName="ShareGate.ComponentModel.DataAnnotations.Tests.NotEmptyAttributeTests.IsValid_Returns_False_When_Value_Is_An_Empty_ArrayList" computerName="GSOFT-CP4T693" duration="00:00:00.0004359" startTime="2022-06-08T21:00:28.4395909-04:00" endTime="2022-06-08T21:00:28.4395916-04:00" testType="13cdc9d9-ddb5-4fa4-a97d-d965ccfc6d4b" outcome="Passed" testListId="8c84fa94-04c1-424b-9868-57a2d4851a1d" relativeResultsDirectory="452fa1ff-f57c-4a92-8672-3b3ee7d0fd11" />
    <UnitTestResult executionId="f65b7134-f085-44ad-9861-b3d7b9537fec" testId="ac8117c5-7812-a1e4-994b-f07aca118f0c" testName="ShareGate.ComponentModel.DataAnnotations.Tests.NotEmptyAttributeTests.IsValid_Returns_False_When_Value_Is_An_Object" computerName="GSOFT-CP4T693" duration="00:00:00.0001428" startTime="2022-06-08T21:00:28.4430102-04:00" endTime="2022-06-08T21:00:28.4430116-04:00" testType="13cdc9d9-ddb5-4fa4-a97d-d965ccfc6d4b" outcome="Passed" testListId="8c84fa94-04c1-424b-9868-57a2d4851a1d" relativeResultsDirectory="f65b7134-f085-44ad-9861-b3d7b9537fec" />
    <UnitTestResult executionId="d166e016-94c1-4501-aaa4-0ed85fb0e54a" testId="ae26b1e8-f381-9ead-0604-b9bad38fef39" testName="ShareGate.ComponentModel.DataAnnotations.Tests.NotEmptyAttributeTests.IsValid_Returns_False_When_Value_Is_An_Empty_Generic_List" computerName="GSOFT-CP4T693" duration="00:00:00.0001606" startTime="2022-06-08T21:00:28.4431757-04:00" endTime="2022-06-08T21:00:28.4431763-04:00" testType="13cdc9d9-ddb5-4fa4-a97d-d965ccfc6d4b" outcome="Passed" testListId="8c84fa94-04c1-424b-9868-57a2d4851a1d" relativeResultsDirectory="d166e016-94c1-4501-aaa4-0ed85fb0e54a" />
    <UnitTestResult executionId="793e1a29-aad2-48db-a4d2-c2d34121a5cc" testId="7f83d8ca-fa44-71b8-4405-db78ff4b5f19" testName="ShareGate.ComponentModel.DataAnnotations.Tests.GuidAttributeTests.IsValid_Returns_True_When_Valid_Guid_String_Without_Format(value: &quot;f4aebf097ac845219b0b918d8139bde0&quot;)" computerName="GSOFT-CP4T693" duration="00:00:00.0000307" startTime="2022-06-08T21:00:28.4390182-04:00" endTime="2022-06-08T21:00:28.4390190-04:00" testType="13cdc9d9-ddb5-4fa4-a97d-d965ccfc6d4b" outcome="Passed" testListId="8c84fa94-04c1-424b-9868-57a2d4851a1d" relativeResultsDirectory="793e1a29-aad2-48db-a4d2-c2d34121a5cc" />
    <UnitTestResult executionId="f48af9e2-ccac-47ba-bd48-a54245209aa6" testId="e3773260-5961-5e12-bb3c-aa80c4b97af1" testName="ShareGate.ComponentModel.DataAnnotations.Tests.GuidAttributeTests.IsValid_Returns_False_When_Valid_Guid_String_With_Non_Matching_Format(value: &quot;{f4aebf09-7ac8-4521-9b0b-918d8139bde0}&quot;, valueFormat: &quot;B&quot;)" computerName="GSOFT-CP4T693" duration="00:00:00.0000195" startTime="2022-06-08T21:00:28.3300829-04:00" endTime="2022-06-08T21:00:28.3300853-04:00" testType="13cdc9d9-ddb5-4fa4-a97d-d965ccfc6d4b" outcome="Passed" testListId="8c84fa94-04c1-424b-9868-57a2d4851a1d" relativeResultsDirectory="f48af9e2-ccac-47ba-bd48-a54245209aa6" />
    <UnitTestResult executionId="f8624391-7e56-4564-bde9-6c3526d19c34" testId="1da1c447-9306-91d7-349f-d4e8fd8e0730" testName="ShareGate.ComponentModel.DataAnnotations.Tests.GuidAttributeTests.IsValid_Returns_False_When_Valid_Guid_String_With_Non_Matching_Format(value: &quot;f4aebf097ac845219b0b918d8139bde0&quot;, valueFormat: &quot;N&quot;)" computerName="GSOFT-CP4T693" duration="00:00:00.0000256" startTime="2022-06-08T21:00:28.3294585-04:00" endTime="2022-06-08T21:00:28.3294598-04:00" testType="13cdc9d9-ddb5-4fa4-a97d-d965ccfc6d4b" outcome="Passed" testListId="8c84fa94-04c1-424b-9868-57a2d4851a1d" relativeResultsDirectory="f8624391-7e56-4564-bde9-6c3526d19c34" />
    <UnitTestResult executionId="508f5a56-00df-4b7d-88cd-8439c655f5cc" testId="1496db78-cf11-387b-61b0-7e4d27af6bc8" testName="ShareGate.ComponentModel.DataAnnotations.Tests.GuidAttributeTests.IsValid_Returns_False_When_Valid_Guid_String_With_Invalid_Format" computerName="GSOFT-CP4T693" duration="00:00:00.0003863" startTime="2022-06-08T21:00:28.4392056-04:00" endTime="2022-06-08T21:00:28.4392063-04:00" testType="13cdc9d9-ddb5-4fa4-a97d-d965ccfc6d4b" outcome="Passed" testListId="8c84fa94-04c1-424b-9868-57a2d4851a1d" relativeResultsDirectory="508f5a56-00df-4b7d-88cd-8439c655f5cc" />
    <UnitTestResult executionId="85557994-f63a-4f5b-bc1a-715081784aed" testId="2612dc12-e6af-6049-9036-a68c2317f2da" testName="ShareGate.ComponentModel.DataAnnotations.Tests.GuidAttributeTests.IsValid_Returns_True_When_Value_Is_Null" computerName="GSOFT-CP4T693" duration="00:00:00.0002672" startTime="2022-06-08T21:00:28.4470514-04:00" endTime="2022-06-08T21:00:28.4470520-04:00" testType="13cdc9d9-ddb5-4fa4-a97d-d965ccfc6d4b" outcome="Passed" testListId="8c84fa94-04c1-424b-9868-57a2d4851a1d" relativeResultsDirectory="85557994-f63a-4f5b-bc1a-715081784aed" />
    <UnitTestResult executionId="e2fde6e5-9f17-4586-82f2-02903d1454ef" testId="36f2d703-d6b0-1aba-6593-1d81ce542680" testName="ShareGate.ComponentModel.DataAnnotations.Tests.GuidAttributeTests.IsValid_Returns_True_When_Valid_Guid_String_With_Matching_Format(value: &quot;(f4aebf09-7ac8-4521-9b0b-918d8139bde0)&quot;, valueFormat: &quot;P&quot;)" computerName="GSOFT-CP4T693" duration="00:00:00.0000150" startTime="2022-06-08T21:00:28.4437738-04:00" endTime="2022-06-08T21:00:28.4437744-04:00" testType="13cdc9d9-ddb5-4fa4-a97d-d965ccfc6d4b" outcome="Passed" testListId="8c84fa94-04c1-424b-9868-57a2d4851a1d" relativeResultsDirectory="e2fde6e5-9f17-4586-82f2-02903d1454ef" />
    <UnitTestResult executionId="6c01cefa-e824-4370-aecb-c5b8c6e03143" testId="6d119962-47bc-7da4-b9b4-a9ca3328d502" testName="ShareGate.ComponentModel.DataAnnotations.Tests.NotEmptyAttributeTests.IsValid_Returns_True_When_Value_Is_A_Generic_Array_With_One_Element" computerName="GSOFT-CP4T693" duration="00:00:00.0003013" startTime="2022-06-08T21:00:28.4466749-04:00" endTime="2022-06-08T21:00:28.4466757-04:00" testType="13cdc9d9-ddb5-4fa4-a97d-d965ccfc6d4b" outcome="Passed" testListId="8c84fa94-04c1-424b-9868-57a2d4851a1d" relativeResultsDirectory="6c01cefa-e824-4370-aecb-c5b8c6e03143" />
    <UnitTestResult executionId="86058eac-59dc-4b5f-b8d5-87cb7154fbac" testId="2ea549c3-dbf3-f792-f089-cd5bb68d1121" testName="ShareGate.ComponentModel.DataAnnotations.Tests.GuidAttributeTests.IsValid_Returns_False_When_Valid_Guid_String_With_Non_Matching_Format(value: &quot;f4aebf09-7ac8-4521-9b0b-918d8139bde0&quot;, valueFormat: &quot;D&quot;)" computerName="GSOFT-CP4T693" duration="00:00:00.0000189" startTime="2022-06-08T21:00:28.3297315-04:00" endTime="2022-06-08T21:00:28.3297332-04:00" testType="13cdc9d9-ddb5-4fa4-a97d-d965ccfc6d4b" outcome="Passed" testListId="8c84fa94-04c1-424b-9868-57a2d4851a1d" relativeResultsDirectory="86058eac-59dc-4b5f-b8d5-87cb7154fbac" />
    <UnitTestResult executionId="1c105b00-a74c-4e17-bee7-16193e3be9b1" testId="18b4008e-a7b7-a284-6eb5-bff03aba5979" testName="ShareGate.ComponentModel.DataAnnotations.Tests.NotEmptyAttributeTests.IsValid_Returns_False_When_Value_Is_An_Empty_Yielded_Enumerable" computerName="GSOFT-CP4T693" duration="00:00:00.0012607" startTime="2022-06-08T21:00:28.4391564-04:00" endTime="2022-06-08T21:00:28.4391572-04:00" testType="13cdc9d9-ddb5-4fa4-a97d-d965ccfc6d4b" outcome="Passed" testListId="8c84fa94-04c1-424b-9868-57a2d4851a1d" relativeResultsDirectory="1c105b00-a74c-4e17-bee7-16193e3be9b1" />
    <UnitTestResult executionId="c3139c67-685a-484b-a559-22d67a6cd114" testId="e9f1b5a8-75fb-80e4-3ce2-66b578bff651" testName="ShareGate.ComponentModel.DataAnnotations.Tests.NotEmptyAttributeTests.Validator_TryValidateObject_Returns_The_Expected_Error_Message_When_Validation_Fails" computerName="GSOFT-CP4T693" duration="00:00:00.0157424" startTime="2022-06-08T21:00:28.4439094-04:00" endTime="2022-06-08T21:00:28.4439100-04:00" testType="13cdc9d9-ddb5-4fa4-a97d-d965ccfc6d4b" outcome="Passed" testListId="8c84fa94-04c1-424b-9868-57a2d4851a1d" relativeResultsDirectory="c3139c67-685a-484b-a559-22d67a6cd114" />
    <UnitTestResult executionId="0e24a109-7312-4a0d-a2f5-a3be146da9ff" testId="3110cdf5-eefb-7984-2dd8-c01dcebb41e7" testName="ShareGate.ComponentModel.DataAnnotations.Tests.NotEmptyAttributeTests.IsValid_Returns_True_When_Value_Is_An_Yielded_Enumerable_With_At_Least_One_Element" computerName="GSOFT-CP4T693" duration="00:00:00.0009753" startTime="2022-06-08T21:00:28.4462252-04:00" endTime="2022-06-08T21:00:28.4462260-04:00" testType="13cdc9d9-ddb5-4fa4-a97d-d965ccfc6d4b" outcome="Passed" testListId="8c84fa94-04c1-424b-9868-57a2d4851a1d" relativeResultsDirectory="0e24a109-7312-4a0d-a2f5-a3be146da9ff" />
    <UnitTestResult executionId="26cd93a9-1d89-4a13-9998-fb65e1d73213" testId="a13778b3-2be9-daab-2c7c-cac4133dc180" testName="ShareGate.ComponentModel.DataAnnotations.Tests.GuidAttributeTests.IsValid_Returns_False_When_Value_Is_An_Invalid_Guid_String" computerName="GSOFT-CP4T693" duration="00:00:00.0003128" startTime="2022-06-08T21:00:28.4469173-04:00" endTime="2022-06-08T21:00:28.4469180-04:00" testType="13cdc9d9-ddb5-4fa4-a97d-d965ccfc6d4b" outcome="Passed" testListId="8c84fa94-04c1-424b-9868-57a2d4851a1d" relativeResultsDirectory="26cd93a9-1d89-4a13-9998-fb65e1d73213" />
    <UnitTestResult executionId="579e3cc1-df48-4a9f-b8f3-5bf34b2674b7" testId="b8424517-915e-c6a9-9c7e-317e598dd5dc" testName="ShareGate.ComponentModel.DataAnnotations.Tests.NotEmptyAttributeTests.IsValid_Returns_True_When_Value_Is_A_Generic_HashSet_With_One_Element" computerName="GSOFT-CP4T693" duration="00:00:00.0150205" startTime="2022-06-08T21:00:28.3237878-04:00" endTime="2022-06-08T21:00:28.3237903-04:00" testType="13cdc9d9-ddb5-4fa4-a97d-d965ccfc6d4b" outcome="Passed" testListId="8c84fa94-04c1-424b-9868-57a2d4851a1d" relativeResultsDirectory="579e3cc1-df48-4a9f-b8f3-5bf34b2674b7" />
    <UnitTestResult executionId="fcd89dac-8a7b-4184-8c3c-c18a2542e3f4" testId="61a807b7-d995-e659-0661-1d75ececa71e" testName="ShareGate.ComponentModel.DataAnnotations.Tests.GuidAttributeTests.IsValid_Returns_False_When_Valid_Guid_String_With_Non_Matching_Format(value: &quot;{0xf4aebf09,0x7ac8,0x4521,{0x9b,0x0b,0x91,0x8d,0x8&quot;..., valueFormat: &quot;X&quot;)" computerName="GSOFT-CP4T693" duration="00:00:00.0000920" startTime="2022-06-08T21:00:28.3292488-04:00" endTime="2022-06-08T21:00:28.3292507-04:00" testType="13cdc9d9-ddb5-4fa4-a97d-d965ccfc6d4b" outcome="Passed" testListId="8c84fa94-04c1-424b-9868-57a2d4851a1d" relativeResultsDirectory="fcd89dac-8a7b-4184-8c3c-c18a2542e3f4" />
    <UnitTestResult executionId="d1304878-c678-44ae-9d37-53993c6850a5" testId="442be577-2d70-7e3c-c113-533024fb5123" testName="ShareGate.ComponentModel.DataAnnotations.Tests.GuidAttributeTests.Validator_TryValidateObject_Returns_The_Expected_Error_Messages_When_Validation_Fails" computerName="GSOFT-CP4T693" duration="00:00:00.0180864" startTime="2022-06-08T21:00:28.4467540-04:00" endTime="2022-06-08T21:00:28.4467548-04:00" testType="13cdc9d9-ddb5-4fa4-a97d-d965ccfc6d4b" outcome="Passed" testListId="8c84fa94-04c1-424b-9868-57a2d4851a1d" relativeResultsDirectory="d1304878-c678-44ae-9d37-53993c6850a5" />
    <UnitTestResult executionId="ceb03f84-6cb9-4587-ba68-58d540021c1c" testId="cbcdfc39-98ee-fd0e-68c1-f67e5b30ed1d" testName="ShareGate.ComponentModel.DataAnnotations.Tests.NotEmptyAttributeTests.IsValid_Returns_True_When_Value_Is_A_ArrayList_With_One_Element" computerName="GSOFT-CP4T693" duration="00:00:00.0003504" startTime="2022-06-08T21:00:28.4460692-04:00" endTime="2022-06-08T21:00:28.4460699-04:00" testType="13cdc9d9-ddb5-4fa4-a97d-d965ccfc6d4b" outcome="Passed" testListId="8c84fa94-04c1-424b-9868-57a2d4851a1d" relativeResultsDirectory="ceb03f84-6cb9-4587-ba68-58d540021c1c" />
    <UnitTestResult executionId="1fc5bd9b-aec9-477a-bfc1-0e1579277640" testId="27e4cf0b-0614-7ddd-b815-a0fe3b55ef68" testName="ShareGate.ComponentModel.DataAnnotations.Tests.NotEmptyAttributeTests.IsValid_Returns_False_When_Value_Is_An_Empty_Generic_HashSet" computerName="GSOFT-CP4T693" duration="00:00:00.0003243" startTime="2022-06-08T21:00:28.4394501-04:00" endTime="2022-06-08T21:00:28.4394511-04:00" testType="13cdc9d9-ddb5-4fa4-a97d-d965ccfc6d4b" outcome="Passed" testListId="8c84fa94-04c1-424b-9868-57a2d4851a1d" relativeResultsDirectory="1fc5bd9b-aec9-477a-bfc1-0e1579277640" />
    <UnitTestResult executionId="de385869-6baf-4558-9918-9366c808376f" testId="d53837f1-350f-e025-5db8-34f2098f92ce" testName="ShareGate.ComponentModel.DataAnnotations.Tests.GuidAttributeTests.IsValid_Returns_True_When_Valid_Guid_String_Without_Format(value: &quot;f4aebf09-7ac8-4521-9b0b-918d8139bde0&quot;)" computerName="GSOFT-CP4T693" duration="00:00:00.0000263" startTime="2022-06-08T21:00:28.4381631-04:00" endTime="2022-06-08T21:00:28.4381651-04:00" testType="13cdc9d9-ddb5-4fa4-a97d-d965ccfc6d4b" outcome="Passed" testListId="8c84fa94-04c1-424b-9868-57a2d4851a1d" relativeResultsDirectory="de385869-6baf-4558-9918-9366c808376f" />
    <UnitTestResult executionId="d3bf5a69-bb7b-4888-9326-9bf0e0968948" testId="15b0c39f-7b60-8307-2eb8-31b9a314f13a" testName="ShareGate.ComponentModel.DataAnnotations.Tests.GuidAttributeTests.IsValid_Returns_True_When_Valid_Guid_String_With_Matching_Format(value: &quot;f4aebf09-7ac8-4521-9b0b-918d8139bde0&quot;, valueFormat: &quot;D&quot;)" computerName="GSOFT-CP4T693" duration="00:00:00.0000152" startTime="2022-06-08T21:00:28.4436592-04:00" endTime="2022-06-08T21:00:28.4436598-04:00" testType="13cdc9d9-ddb5-4fa4-a97d-d965ccfc6d4b" outcome="Passed" testListId="8c84fa94-04c1-424b-9868-57a2d4851a1d" relativeResultsDirectory="d3bf5a69-bb7b-4888-9326-9bf0e0968948" />
    <UnitTestResult executionId="0e589598-a0e6-4a5d-b556-bf018b923548" testId="a0d6faa8-269b-8520-7506-7dbcd48c7132" testName="ShareGate.ComponentModel.DataAnnotations.Tests.GuidAttributeTests.IsValid_Returns_True_When_Valid_Guid_String_Without_Format(value: &quot;{f4aebf09-7ac8-4521-9b0b-918d8139bde0}&quot;)" computerName="GSOFT-CP4T693" duration="00:00:00.0000157" startTime="2022-06-08T21:00:28.4387733-04:00" endTime="2022-06-08T21:00:28.4387746-04:00" testType="13cdc9d9-ddb5-4fa4-a97d-d965ccfc6d4b" outcome="Passed" testListId="8c84fa94-04c1-424b-9868-57a2d4851a1d" relativeResultsDirectory="0e589598-a0e6-4a5d-b556-bf018b923548" />
    <UnitTestResult executionId="52b9ee0d-f108-40a3-80f4-182f9b6b3415" testId="93329b70-9600-e8b3-2759-1b58a4feb032" testName="ShareGate.ComponentModel.DataAnnotations.Tests.GuidAttributeTests.IsValid_Returns_True_When_Valid_Guid_String_With_Matching_Format(value: &quot;{f4aebf09-7ac8-4521-9b0b-918d8139bde0}&quot;, valueFormat: &quot;B&quot;)" computerName="GSOFT-CP4T693" duration="00:00:00.0026891" startTime="2022-06-08T21:00:28.4433176-04:00" endTime="2022-06-08T21:00:28.4433181-04:00" testType="13cdc9d9-ddb5-4fa4-a97d-d965ccfc6d4b" outcome="Passed" testListId="8c84fa94-04c1-424b-9868-57a2d4851a1d" relativeResultsDirectory="52b9ee0d-f108-40a3-80f4-182f9b6b3415" />
    <UnitTestResult executionId="1643ff83-3bd0-4f80-9ac6-40a828b2ba45" testId="23156cea-e885-0305-75a9-eb01d985ecdf" testName="ShareGate.ComponentModel.DataAnnotations.Tests.GuidAttributeTests.IsValid_Returns_False_When_Value_Is_Not_A_String" computerName="GSOFT-CP4T693" duration="00:00:00.0003673" startTime="2022-06-08T21:00:28.4487387-04:00" endTime="2022-06-08T21:00:28.4487400-04:00" testType="13cdc9d9-ddb5-4fa4-a97d-d965ccfc6d4b" outcome="Passed" testListId="8c84fa94-04c1-424b-9868-57a2d4851a1d" relativeResultsDirectory="1643ff83-3bd0-4f80-9ac6-40a828b2ba45" />
  </Results>
  <TestDefinitions>
    <UnitTest name="ShareGate.ComponentModel.DataAnnotations.Tests.GuidAttributeTests.IsValid_Returns_True_When_Valid_Guid_String_With_Matching_Format(value: &quot;{f4aebf09-7ac8-4521-9b0b-918d8139bde0}&quot;, valueFormat: &quot;B&quot;)" storage="c:\src\sg-componentmodel-dataannotations\src\sharegate.componentmodel.dataannotations.tests\bin\release\netcoreapp3.1\sharegate.componentmodel.dataannotations.tests.dll" id="93329b70-9600-e8b3-2759-1b58a4feb032">
      <Execution id="52b9ee0d-f108-40a3-80f4-182f9b6b3415" />
      <TestMethod codeBase="C:\src\sg-componentmodel-dataannotations\src\ShareGate.ComponentModel.DataAnnotations.Tests\bin\Release\netcoreapp3.1\ShareGate.ComponentModel.DataAnnotations.Tests.dll" adapterTypeName="executor://xunit/VsTestRunner2/netcoreapp" className="ShareGate.ComponentModel.DataAnnotations.Tests.GuidAttributeTests" name="IsValid_Returns_True_When_Valid_Guid_String_With_Matching_Format" />
    </UnitTest>
    <UnitTest name="ShareGate.ComponentModel.DataAnnotations.Tests.NotEmptyAttributeTests.IsValid_Returns_False_When_Value_Is_An_Empty_Generic_HashSet" storage="c:\src\sg-componentmodel-dataannotations\src\sharegate.componentmodel.dataannotations.tests\bin\release\netcoreapp3.1\sharegate.componentmodel.dataannotations.tests.dll" id="27e4cf0b-0614-7ddd-b815-a0fe3b55ef68">
      <Execution id="1fc5bd9b-aec9-477a-bfc1-0e1579277640" />
      <TestMethod codeBase="C:\src\sg-componentmodel-dataannotations\src\ShareGate.ComponentModel.DataAnnotations.Tests\bin\Release\netcoreapp3.1\ShareGate.ComponentModel.DataAnnotations.Tests.dll" adapterTypeName="executor://xunit/VsTestRunner2/netcoreapp" className="ShareGate.ComponentModel.DataAnnotations.Tests.NotEmptyAttributeTests" name="IsValid_Returns_False_When_Value_Is_An_Empty_Generic_HashSet" />
    </UnitTest>
    <UnitTest name="ShareGate.ComponentModel.DataAnnotations.Tests.GuidAttributeTests.IsValid_Returns_False_When_Valid_Guid_String_With_Non_Matching_Format(value: &quot;f4aebf09-7ac8-4521-9b0b-918d8139bde0&quot;, valueFormat: &quot;D&quot;)" storage="c:\src\sg-componentmodel-dataannotations\src\sharegate.componentmodel.dataannotations.tests\bin\release\netcoreapp3.1\sharegate.componentmodel.dataannotations.tests.dll" id="2ea549c3-dbf3-f792-f089-cd5bb68d1121">
      <Execution id="86058eac-59dc-4b5f-b8d5-87cb7154fbac" />
      <TestMethod codeBase="C:\src\sg-componentmodel-dataannotations\src\ShareGate.ComponentModel.DataAnnotations.Tests\bin\Release\netcoreapp3.1\ShareGate.ComponentModel.DataAnnotations.Tests.dll" adapterTypeName="executor://xunit/VsTestRunner2/netcoreapp" className="ShareGate.ComponentModel.DataAnnotations.Tests.GuidAttributeTests" name="IsValid_Returns_False_When_Valid_Guid_String_With_Non_Matching_Format" />
    </UnitTest>
    <UnitTest name="ShareGate.ComponentModel.DataAnnotations.Tests.NotEmptyAttributeTests.IsValid_Returns_False_When_Value_Is_An_Object" storage="c:\src\sg-componentmodel-dataannotations\src\sharegate.componentmodel.dataannotations.tests\bin\release\netcoreapp3.1\sharegate.componentmodel.dataannotations.tests.dll" id="ac8117c5-7812-a1e4-994b-f07aca118f0c">
      <Execution id="f65b7134-f085-44ad-9861-b3d7b9537fec" />
      <TestMethod codeBase="C:\src\sg-componentmodel-dataannotations\src\ShareGate.ComponentModel.DataAnnotations.Tests\bin\Release\netcoreapp3.1\ShareGate.ComponentModel.DataAnnotations.Tests.dll" adapterTypeName="executor://xunit/VsTestRunner2/netcoreapp" className="ShareGate.ComponentModel.DataAnnotations.Tests.NotEmptyAttributeTests" name="IsValid_Returns_False_When_Value_Is_An_Object" />
    </UnitTest>
    <UnitTest name="ShareGate.ComponentModel.DataAnnotations.Tests.GuidAttributeTests.IsValid_Returns_False_When_Valid_Guid_String_With_Invalid_Format" storage="c:\src\sg-componentmodel-dataannotations\src\sharegate.componentmodel.dataannotations.tests\bin\release\netcoreapp3.1\sharegate.componentmodel.dataannotations.tests.dll" id="1496db78-cf11-387b-61b0-7e4d27af6bc8">
      <Execution id="508f5a56-00df-4b7d-88cd-8439c655f5cc" />
      <TestMethod codeBase="C:\src\sg-componentmodel-dataannotations\src\ShareGate.ComponentModel.DataAnnotations.Tests\bin\Release\netcoreapp3.1\ShareGate.ComponentModel.DataAnnotations.Tests.dll" adapterTypeName="executor://xunit/VsTestRunner2/netcoreapp" className="ShareGate.ComponentModel.DataAnnotations.Tests.GuidAttributeTests" name="IsValid_Returns_False_When_Valid_Guid_String_With_Invalid_Format" />
    </UnitTest>
    <UnitTest name="ShareGate.ComponentModel.DataAnnotations.Tests.NotEmptyAttributeTests.IsValid_Returns_False_When_Value_Is_An_Empty_Yielded_Enumerable" storage="c:\src\sg-componentmodel-dataannotations\src\sharegate.componentmodel.dataannotations.tests\bin\release\netcoreapp3.1\sharegate.componentmodel.dataannotations.tests.dll" id="18b4008e-a7b7-a284-6eb5-bff03aba5979">
      <Execution id="1c105b00-a74c-4e17-bee7-16193e3be9b1" />
      <TestMethod codeBase="C:\src\sg-componentmodel-dataannotations\src\ShareGate.ComponentModel.DataAnnotations.Tests\bin\Release\netcoreapp3.1\ShareGate.ComponentModel.DataAnnotations.Tests.dll" adapterTypeName="executor://xunit/VsTestRunner2/netcoreapp" className="ShareGate.ComponentModel.DataAnnotations.Tests.NotEmptyAttributeTests" name="IsValid_Returns_False_When_Value_Is_An_Empty_Yielded_Enumerable" />
    </UnitTest>
    <UnitTest name="ShareGate.ComponentModel.DataAnnotations.Tests.GuidAttributeTests.IsValid_Returns_False_When_Valid_Guid_String_With_Non_Matching_Format(value: &quot;(f4aebf09-7ac8-4521-9b0b-918d8139bde0)&quot;, valueFormat: &quot;P&quot;)" storage="c:\src\sg-componentmodel-dataannotations\src\sharegate.componentmodel.dataannotations.tests\bin\release\netcoreapp3.1\sharegate.componentmodel.dataannotations.tests.dll" id="1ad049e0-e0c1-2020-587f-fceed362dc34">
      <Execution id="75b253a0-f19c-417e-9aef-f18f88491ce9" />
      <TestMethod codeBase="C:\src\sg-componentmodel-dataannotations\src\ShareGate.ComponentModel.DataAnnotations.Tests\bin\Release\netcoreapp3.1\ShareGate.ComponentModel.DataAnnotations.Tests.dll" adapterTypeName="executor://xunit/VsTestRunner2/netcoreapp" className="ShareGate.ComponentModel.DataAnnotations.Tests.GuidAttributeTests" name="IsValid_Returns_False_When_Valid_Guid_String_With_Non_Matching_Format" />
    </UnitTest>
    <UnitTest name="ShareGate.ComponentModel.DataAnnotations.Tests.GuidAttributeTests.IsValid_Returns_True_When_Valid_Guid_String_Without_Format(value: &quot;f4aebf097ac845219b0b918d8139bde0&quot;)" storage="c:\src\sg-componentmodel-dataannotations\src\sharegate.componentmodel.dataannotations.tests\bin\release\netcoreapp3.1\sharegate.componentmodel.dataannotations.tests.dll" id="7f83d8ca-fa44-71b8-4405-db78ff4b5f19">
      <Execution id="793e1a29-aad2-48db-a4d2-c2d34121a5cc" />
      <TestMethod codeBase="C:\src\sg-componentmodel-dataannotations\src\ShareGate.ComponentModel.DataAnnotations.Tests\bin\Release\netcoreapp3.1\ShareGate.ComponentModel.DataAnnotations.Tests.dll" adapterTypeName="executor://xunit/VsTestRunner2/netcoreapp" className="ShareGate.ComponentModel.DataAnnotations.Tests.GuidAttributeTests" name="IsValid_Returns_True_When_Valid_Guid_String_Without_Format" />
    </UnitTest>
    <UnitTest name="ShareGate.ComponentModel.DataAnnotations.Tests.NotEmptyAttributeTests.IsValid_Returns_False_When_Value_Is_An_Empty_Generic_List" storage="c:\src\sg-componentmodel-dataannotations\src\sharegate.componentmodel.dataannotations.tests\bin\release\netcoreapp3.1\sharegate.componentmodel.dataannotations.tests.dll" id="ae26b1e8-f381-9ead-0604-b9bad38fef39">
      <Execution id="d166e016-94c1-4501-aaa4-0ed85fb0e54a" />
      <TestMethod codeBase="C:\src\sg-componentmodel-dataannotations\src\ShareGate.ComponentModel.DataAnnotations.Tests\bin\Release\netcoreapp3.1\ShareGate.ComponentModel.DataAnnotations.Tests.dll" adapterTypeName="executor://xunit/VsTestRunner2/netcoreapp" className="ShareGate.ComponentModel.DataAnnotations.Tests.NotEmptyAttributeTests" name="IsValid_Returns_False_When_Value_Is_An_Empty_Generic_List" />
    </UnitTest>
    <UnitTest name="ShareGate.ComponentModel.DataAnnotations.Tests.NotEmptyAttributeTests.IsValid_Returns_False_When_Value_Is_An_Empty_Generic_Array" storage="c:\src\sg-componentmodel-dataannotations\src\sharegate.componentmodel.dataannotations.tests\bin\release\netcoreapp3.1\sharegate.componentmodel.dataannotations.tests.dll" id="85b8543a-ad03-8ede-a42b-a6bb2170ddfd">
      <Execution id="34cb3bd9-4b97-4fc4-93fc-5a83c4d2e76d" />
      <TestMethod codeBase="C:\src\sg-componentmodel-dataannotations\src\ShareGate.ComponentModel.DataAnnotations.Tests\bin\Release\netcoreapp3.1\ShareGate.ComponentModel.DataAnnotations.Tests.dll" adapterTypeName="executor://xunit/VsTestRunner2/netcoreapp" className="ShareGate.ComponentModel.DataAnnotations.Tests.NotEmptyAttributeTests" name="IsValid_Returns_False_When_Value_Is_An_Empty_Generic_Array" />
    </UnitTest>
    <UnitTest name="ShareGate.ComponentModel.DataAnnotations.Tests.GuidAttributeTests.IsValid_Returns_True_When_Valid_Guid_String_With_Matching_Format(value: &quot;f4aebf097ac845219b0b918d8139bde0&quot;, valueFormat: &quot;N&quot;)" storage="c:\src\sg-componentmodel-dataannotations\src\sharegate.componentmodel.dataannotations.tests\bin\release\netcoreapp3.1\sharegate.componentmodel.dataannotations.tests.dll" id="2d19ae54-0bf3-06c6-8a31-c21339a60674">
      <Execution id="8e4dcd33-814f-4145-b982-6c502abbacd9" />
      <TestMethod codeBase="C:\src\sg-componentmodel-dataannotations\src\ShareGate.ComponentModel.DataAnnotations.Tests\bin\Release\netcoreapp3.1\ShareGate.ComponentModel.DataAnnotations.Tests.dll" adapterTypeName="executor://xunit/VsTestRunner2/netcoreapp" className="ShareGate.ComponentModel.DataAnnotations.Tests.GuidAttributeTests" name="IsValid_Returns_True_When_Valid_Guid_String_With_Matching_Format" />
    </UnitTest>
    <UnitTest name="ShareGate.ComponentModel.DataAnnotations.Tests.GuidAttributeTests.IsValid_Returns_True_When_Valid_Guid_String_With_Matching_Format(value: &quot;f4aebf09-7ac8-4521-9b0b-918d8139bde0&quot;, valueFormat: &quot;D&quot;)" storage="c:\src\sg-componentmodel-dataannotations\src\sharegate.componentmodel.dataannotations.tests\bin\release\netcoreapp3.1\sharegate.componentmodel.dataannotations.tests.dll" id="15b0c39f-7b60-8307-2eb8-31b9a314f13a">
      <Execution id="d3bf5a69-bb7b-4888-9326-9bf0e0968948" />
      <TestMethod codeBase="C:\src\sg-componentmodel-dataannotations\src\ShareGate.ComponentModel.DataAnnotations.Tests\bin\Release\netcoreapp3.1\ShareGate.ComponentModel.DataAnnotations.Tests.dll" adapterTypeName="executor://xunit/VsTestRunner2/netcoreapp" className="ShareGate.ComponentModel.DataAnnotations.Tests.GuidAttributeTests" name="IsValid_Returns_True_When_Valid_Guid_String_With_Matching_Format" />
    </UnitTest>
    <UnitTest name="ShareGate.ComponentModel.DataAnnotations.Tests.NotEmptyAttributeTests.IsValid_Returns_True_When_Value_Is_A_Generic_HashSet_With_One_Element" storage="c:\src\sg-componentmodel-dataannotations\src\sharegate.componentmodel.dataannotations.tests\bin\release\netcoreapp3.1\sharegate.componentmodel.dataannotations.tests.dll" id="b8424517-915e-c6a9-9c7e-317e598dd5dc">
      <Execution id="579e3cc1-df48-4a9f-b8f3-5bf34b2674b7" />
      <TestMethod codeBase="C:\src\sg-componentmodel-dataannotations\src\ShareGate.ComponentModel.DataAnnotations.Tests\bin\Release\netcoreapp3.1\ShareGate.ComponentModel.DataAnnotations.Tests.dll" adapterTypeName="executor://xunit/VsTestRunner2/netcoreapp" className="ShareGate.ComponentModel.DataAnnotations.Tests.NotEmptyAttributeTests" name="IsValid_Returns_True_When_Value_Is_A_Generic_HashSet_With_One_Element" />
    </UnitTest>
    <UnitTest name="ShareGate.ComponentModel.DataAnnotations.Tests.GuidAttributeTests.IsValid_Returns_False_When_Value_Is_Not_A_String" storage="c:\src\sg-componentmodel-dataannotations\src\sharegate.componentmodel.dataannotations.tests\bin\release\netcoreapp3.1\sharegate.componentmodel.dataannotations.tests.dll" id="23156cea-e885-0305-75a9-eb01d985ecdf">
      <Execution id="1643ff83-3bd0-4f80-9ac6-40a828b2ba45" />
      <TestMethod codeBase="C:\src\sg-componentmodel-dataannotations\src\ShareGate.ComponentModel.DataAnnotations.Tests\bin\Release\netcoreapp3.1\ShareGate.ComponentModel.DataAnnotations.Tests.dll" adapterTypeName="executor://xunit/VsTestRunner2/netcoreapp" className="ShareGate.ComponentModel.DataAnnotations.Tests.GuidAttributeTests" name="IsValid_Returns_False_When_Value_Is_Not_A_String" />
    </UnitTest>
    <UnitTest name="ShareGate.ComponentModel.DataAnnotations.Tests.GuidAttributeTests.Validator_TryValidateObject_Returns_The_Expected_Error_Messages_When_Validation_Fails" storage="c:\src\sg-componentmodel-dataannotations\src\sharegate.componentmodel.dataannotations.tests\bin\release\netcoreapp3.1\sharegate.componentmodel.dataannotations.tests.dll" id="442be577-2d70-7e3c-c113-533024fb5123">
      <Execution id="d1304878-c678-44ae-9d37-53993c6850a5" />
      <TestMethod codeBase="C:\src\sg-componentmodel-dataannotations\src\ShareGate.ComponentModel.DataAnnotations.Tests\bin\Release\netcoreapp3.1\ShareGate.ComponentModel.DataAnnotations.Tests.dll" adapterTypeName="executor://xunit/VsTestRunner2/netcoreapp" className="ShareGate.ComponentModel.DataAnnotations.Tests.GuidAttributeTests" name="Validator_TryValidateObject_Returns_The_Expected_Error_Messages_When_Validation_Fails" />
    </UnitTest>
    <UnitTest name="ShareGate.ComponentModel.DataAnnotations.Tests.NotEmptyAttributeTests.IsValid_Returns_True_When_Value_Is_An_Yielded_Enumerable_With_At_Least_One_Element" storage="c:\src\sg-componentmodel-dataannotations\src\sharegate.componentmodel.dataannotations.tests\bin\release\netcoreapp3.1\sharegate.componentmodel.dataannotations.tests.dll" id="3110cdf5-eefb-7984-2dd8-c01dcebb41e7">
      <Execution id="0e24a109-7312-4a0d-a2f5-a3be146da9ff" />
      <TestMethod codeBase="C:\src\sg-componentmodel-dataannotations\src\ShareGate.ComponentModel.DataAnnotations.Tests\bin\Release\netcoreapp3.1\ShareGate.ComponentModel.DataAnnotations.Tests.dll" adapterTypeName="executor://xunit/VsTestRunner2/netcoreapp" className="ShareGate.ComponentModel.DataAnnotations.Tests.NotEmptyAttributeTests" name="IsValid_Returns_True_When_Value_Is_An_Yielded_Enumerable_With_At_Least_One_Element" />
    </UnitTest>
    <UnitTest name="ShareGate.ComponentModel.DataAnnotations.Tests.GuidAttributeTests.IsValid_Returns_True_When_Valid_Guid_String_With_Matching_Format(value: &quot;(f4aebf09-7ac8-4521-9b0b-918d8139bde0)&quot;, valueFormat: &quot;P&quot;)" storage="c:\src\sg-componentmodel-dataannotations\src\sharegate.componentmodel.dataannotations.tests\bin\release\netcoreapp3.1\sharegate.componentmodel.dataannotations.tests.dll" id="36f2d703-d6b0-1aba-6593-1d81ce542680">
      <Execution id="e2fde6e5-9f17-4586-82f2-02903d1454ef" />
      <TestMethod codeBase="C:\src\sg-componentmodel-dataannotations\src\ShareGate.ComponentModel.DataAnnotations.Tests\bin\Release\netcoreapp3.1\ShareGate.ComponentModel.DataAnnotations.Tests.dll" adapterTypeName="executor://xunit/VsTestRunner2/netcoreapp" className="ShareGate.ComponentModel.DataAnnotations.Tests.GuidAttributeTests" name="IsValid_Returns_True_When_Valid_Guid_String_With_Matching_Format" />
    </UnitTest>
    <UnitTest name="ShareGate.ComponentModel.DataAnnotations.Tests.NotEmptyAttributeTests.IsValid_Returns_True_When_Value_Is_A_Generic_List_With_One_Element" storage="c:\src\sg-componentmodel-dataannotations\src\sharegate.componentmodel.dataannotations.tests\bin\release\netcoreapp3.1\sharegate.componentmodel.dataannotations.tests.dll" id="349c00ba-f52c-c7b2-3475-79a8272f13e5">
      <Execution id="f71fb434-3f35-430d-b1f7-4cfee4447f2e" />
      <TestMethod codeBase="C:\src\sg-componentmodel-dataannotations\src\ShareGate.ComponentModel.DataAnnotations.Tests\bin\Release\netcoreapp3.1\ShareGate.ComponentModel.DataAnnotations.Tests.dll" adapterTypeName="executor://xunit/VsTestRunner2/netcoreapp" className="ShareGate.ComponentModel.DataAnnotations.Tests.NotEmptyAttributeTests" name="IsValid_Returns_True_When_Value_Is_A_Generic_List_With_One_Element" />
    </UnitTest>
    <UnitTest name="ShareGate.ComponentModel.DataAnnotations.Tests.ValidatePropertiesAttributeTests.ValidateObject_Throws_Exception_That_Contain_Each_Violated_Validation_Rule" storage="c:\src\sg-componentmodel-dataannotations\src\sharegate.componentmodel.dataannotations.tests\bin\release\netcoreapp3.1\sharegate.componentmodel.dataannotations.tests.dll" id="782a76f0-5b01-f3ce-7140-72ffd458b125">
      <Execution id="32655061-7a7b-4412-af14-4696cfd8dd40" />
      <TestMethod codeBase="C:\src\sg-componentmodel-dataannotations\src\ShareGate.ComponentModel.DataAnnotations.Tests\bin\Release\netcoreapp3.1\ShareGate.ComponentModel.DataAnnotations.Tests.dll" adapterTypeName="executor://xunit/VsTestRunner2/netcoreapp" className="ShareGate.ComponentModel.DataAnnotations.Tests.ValidatePropertiesAttributeTests" name="ValidateObject_Throws_Exception_That_Contain_Each_Violated_Validation_Rule" />
    </UnitTest>
    <UnitTest name="ShareGate.ComponentModel.DataAnnotations.Tests.NotEmptyAttributeTests.Validator_TryValidateObject_Returns_The_Expected_Error_Message_When_Validation_Fails" storage="c:\src\sg-componentmodel-dataannotations\src\sharegate.componentmodel.dataannotations.tests\bin\release\netcoreapp3.1\sharegate.componentmodel.dataannotations.tests.dll" id="e9f1b5a8-75fb-80e4-3ce2-66b578bff651">
      <Execution id="c3139c67-685a-484b-a559-22d67a6cd114" />
      <TestMethod codeBase="C:\src\sg-componentmodel-dataannotations\src\ShareGate.ComponentModel.DataAnnotations.Tests\bin\Release\netcoreapp3.1\ShareGate.ComponentModel.DataAnnotations.Tests.dll" adapterTypeName="executor://xunit/VsTestRunner2/netcoreapp" className="ShareGate.ComponentModel.DataAnnotations.Tests.NotEmptyAttributeTests" name="Validator_TryValidateObject_Returns_The_Expected_Error_Message_When_Validation_Fails" />
    </UnitTest>
    <UnitTest name="ShareGate.ComponentModel.DataAnnotations.Tests.NotEmptyAttributeTests.IsValid_Returns_True_When_Value_Is_Null" storage="c:\src\sg-componentmodel-dataannotations\src\sharegate.componentmodel.dataannotations.tests\bin\release\netcoreapp3.1\sharegate.componentmodel.dataannotations.tests.dll" id="f069c7f8-4466-bd8d-9d77-19cab7ef2aa9">
      <Execution id="ba83c11e-e1c4-4d3f-aac0-a3962f99426c" />
      <TestMethod codeBase="C:\src\sg-componentmodel-dataannotations\src\ShareGate.ComponentModel.DataAnnotations.Tests\bin\Release\netcoreapp3.1\ShareGate.ComponentModel.DataAnnotations.Tests.dll" adapterTypeName="executor://xunit/VsTestRunner2/netcoreapp" className="ShareGate.ComponentModel.DataAnnotations.Tests.NotEmptyAttributeTests" name="IsValid_Returns_True_When_Value_Is_Null" />
    </UnitTest>
    <UnitTest name="ShareGate.ComponentModel.DataAnnotations.Tests.NotEmptyAttributeTests.IsValid_Returns_True_When_Value_Is_A_Generic_Array_With_One_Element" storage="c:\src\sg-componentmodel-dataannotations\src\sharegate.componentmodel.dataannotations.tests\bin\release\netcoreapp3.1\sharegate.componentmodel.dataannotations.tests.dll" id="6d119962-47bc-7da4-b9b4-a9ca3328d502">
      <Execution id="6c01cefa-e824-4370-aecb-c5b8c6e03143" />
      <TestMethod codeBase="C:\src\sg-componentmodel-dataannotations\src\ShareGate.ComponentModel.DataAnnotations.Tests\bin\Release\netcoreapp3.1\ShareGate.ComponentModel.DataAnnotations.Tests.dll" adapterTypeName="executor://xunit/VsTestRunner2/netcoreapp" className="ShareGate.ComponentModel.DataAnnotations.Tests.NotEmptyAttributeTests" name="IsValid_Returns_True_When_Value_Is_A_Generic_Array_With_One_Element" />
    </UnitTest>
    <UnitTest name="ShareGate.ComponentModel.DataAnnotations.Tests.GuidAttributeTests.IsValid_Returns_False_When_Valid_Guid_String_With_Non_Matching_Format(value: &quot;{0xf4aebf09,0x7ac8,0x4521,{0x9b,0x0b,0x91,0x8d,0x8&quot;..., valueFormat: &quot;X&quot;)" storage="c:\src\sg-componentmodel-dataannotations\src\sharegate.componentmodel.dataannotations.tests\bin\release\netcoreapp3.1\sharegate.componentmodel.dataannotations.tests.dll" id="61a807b7-d995-e659-0661-1d75ececa71e">
      <Execution id="fcd89dac-8a7b-4184-8c3c-c18a2542e3f4" />
      <TestMethod codeBase="C:\src\sg-componentmodel-dataannotations\src\ShareGate.ComponentModel.DataAnnotations.Tests\bin\Release\netcoreapp3.1\ShareGate.ComponentModel.DataAnnotations.Tests.dll" adapterTypeName="executor://xunit/VsTestRunner2/netcoreapp" className="ShareGate.ComponentModel.DataAnnotations.Tests.GuidAttributeTests" name="IsValid_Returns_False_When_Valid_Guid_String_With_Non_Matching_Format" />
    </UnitTest>
    <UnitTest name="ShareGate.ComponentModel.DataAnnotations.Tests.GuidAttributeTests.IsValid_Returns_False_When_Valid_Guid_String_With_Non_Matching_Format(value: &quot;f4aebf097ac845219b0b918d8139bde0&quot;, valueFormat: &quot;N&quot;)" storage="c:\src\sg-componentmodel-dataannotations\src\sharegate.componentmodel.dataannotations.tests\bin\release\netcoreapp3.1\sharegate.componentmodel.dataannotations.tests.dll" id="1da1c447-9306-91d7-349f-d4e8fd8e0730">
      <Execution id="f8624391-7e56-4564-bde9-6c3526d19c34" />
      <TestMethod codeBase="C:\src\sg-componentmodel-dataannotations\src\ShareGate.ComponentModel.DataAnnotations.Tests\bin\Release\netcoreapp3.1\ShareGate.ComponentModel.DataAnnotations.Tests.dll" adapterTypeName="executor://xunit/VsTestRunner2/netcoreapp" className="ShareGate.ComponentModel.DataAnnotations.Tests.GuidAttributeTests" name="IsValid_Returns_False_When_Valid_Guid_String_With_Non_Matching_Format" />
    </UnitTest>
    <UnitTest name="ShareGate.ComponentModel.DataAnnotations.Tests.NotEmptyAttributeTests.IsValid_Returns_True_When_Value_Is_A_ArrayList_With_One_Element" storage="c:\src\sg-componentmodel-dataannotations\src\sharegate.componentmodel.dataannotations.tests\bin\release\netcoreapp3.1\sharegate.componentmodel.dataannotations.tests.dll" id="cbcdfc39-98ee-fd0e-68c1-f67e5b30ed1d">
      <Execution id="ceb03f84-6cb9-4587-ba68-58d540021c1c" />
      <TestMethod codeBase="C:\src\sg-componentmodel-dataannotations\src\ShareGate.ComponentModel.DataAnnotations.Tests\bin\Release\netcoreapp3.1\ShareGate.ComponentModel.DataAnnotations.Tests.dll" adapterTypeName="executor://xunit/VsTestRunner2/netcoreapp" className="ShareGate.ComponentModel.DataAnnotations.Tests.NotEmptyAttributeTests" name="IsValid_Returns_True_When_Value_Is_A_ArrayList_With_One_Element" />
    </UnitTest>
    <UnitTest name="ShareGate.ComponentModel.DataAnnotations.Tests.NotEmptyAttributeTests.IsValid_Returns_False_When_Value_Is_An_Empty_ArrayList" storage="c:\src\sg-componentmodel-dataannotations\src\sharegate.componentmodel.dataannotations.tests\bin\release\netcoreapp3.1\sharegate.componentmodel.dataannotations.tests.dll" id="c07d26e1-e038-c18a-48be-34b097f25545">
      <Execution id="452fa1ff-f57c-4a92-8672-3b3ee7d0fd11" />
      <TestMethod codeBase="C:\src\sg-componentmodel-dataannotations\src\ShareGate.ComponentModel.DataAnnotations.Tests\bin\Release\netcoreapp3.1\ShareGate.ComponentModel.DataAnnotations.Tests.dll" adapterTypeName="executor://xunit/VsTestRunner2/netcoreapp" className="ShareGate.ComponentModel.DataAnnotations.Tests.NotEmptyAttributeTests" name="IsValid_Returns_False_When_Value_Is_An_Empty_ArrayList" />
    </UnitTest>
    <UnitTest name="ShareGate.ComponentModel.DataAnnotations.Tests.GuidAttributeTests.IsValid_Returns_True_When_Valid_Guid_String_Without_Format(value: &quot;(f4aebf09-7ac8-4521-9b0b-918d8139bde0)&quot;)" storage="c:\src\sg-componentmodel-dataannotations\src\sharegate.componentmodel.dataannotations.tests\bin\release\netcoreapp3.1\sharegate.componentmodel.dataannotations.tests.dll" id="4163e64f-5507-0cb3-21d6-88bc7922a10f">
      <Execution id="dad47cc5-2b4a-4eab-a841-0fe64ad06e8e" />
      <TestMethod codeBase="C:\src\sg-componentmodel-dataannotations\src\ShareGate.ComponentModel.DataAnnotations.Tests\bin\Release\netcoreapp3.1\ShareGate.ComponentModel.DataAnnotations.Tests.dll" adapterTypeName="executor://xunit/VsTestRunner2/netcoreapp" className="ShareGate.ComponentModel.DataAnnotations.Tests.GuidAttributeTests" name="IsValid_Returns_True_When_Valid_Guid_String_Without_Format" />
    </UnitTest>
    <UnitTest name="ShareGate.ComponentModel.DataAnnotations.Tests.GuidAttributeTests.IsValid_Returns_True_When_Valid_Guid_String_Without_Format(value: &quot;{0xf4aebf09,0x7ac8,0x4521,{0x9b,0x0b,0x91,0x8d,0x8&quot;...)" storage="c:\src\sg-componentmodel-dataannotations\src\sharegate.componentmodel.dataannotations.tests\bin\release\netcoreapp3.1\sharegate.componentmodel.dataannotations.tests.dll" id="540b5b4a-9b56-acd4-c971-03c246c9595b">
      <Execution id="7740c940-273f-40d8-839b-1a5b160cb45d" />
      <TestMethod codeBase="C:\src\sg-componentmodel-dataannotations\src\ShareGate.ComponentModel.DataAnnotations.Tests\bin\Release\netcoreapp3.1\ShareGate.ComponentModel.DataAnnotations.Tests.dll" adapterTypeName="executor://xunit/VsTestRunner2/netcoreapp" className="ShareGate.ComponentModel.DataAnnotations.Tests.GuidAttributeTests" name="IsValid_Returns_True_When_Valid_Guid_String_Without_Format" />
    </UnitTest>
    <UnitTest name="ShareGate.ComponentModel.DataAnnotations.Tests.GuidAttributeTests.IsValid_Returns_True_When_Valid_Guid_String_Without_Format(value: &quot;{f4aebf09-7ac8-4521-9b0b-918d8139bde0}&quot;)" storage="c:\src\sg-componentmodel-dataannotations\src\sharegate.componentmodel.dataannotations.tests\bin\release\netcoreapp3.1\sharegate.componentmodel.dataannotations.tests.dll" id="a0d6faa8-269b-8520-7506-7dbcd48c7132">
      <Execution id="0e589598-a0e6-4a5d-b556-bf018b923548" />
      <TestMethod codeBase="C:\src\sg-componentmodel-dataannotations\src\ShareGate.ComponentModel.DataAnnotations.Tests\bin\Release\netcoreapp3.1\ShareGate.ComponentModel.DataAnnotations.Tests.dll" adapterTypeName="executor://xunit/VsTestRunner2/netcoreapp" className="ShareGate.ComponentModel.DataAnnotations.Tests.GuidAttributeTests" name="IsValid_Returns_True_When_Valid_Guid_String_Without_Format" />
    </UnitTest>
    <UnitTest name="ShareGate.ComponentModel.DataAnnotations.Tests.GuidAttributeTests.IsValid_Returns_True_When_Valid_Guid_String_Without_Format(value: &quot;f4aebf09-7ac8-4521-9b0b-918d8139bde0&quot;)" storage="c:\src\sg-componentmodel-dataannotations\src\sharegate.componentmodel.dataannotations.tests\bin\release\netcoreapp3.1\sharegate.componentmodel.dataannotations.tests.dll" id="d53837f1-350f-e025-5db8-34f2098f92ce">
      <Execution id="de385869-6baf-4558-9918-9366c808376f" />
      <TestMethod codeBase="C:\src\sg-componentmodel-dataannotations\src\ShareGate.ComponentModel.DataAnnotations.Tests\bin\Release\netcoreapp3.1\ShareGate.ComponentModel.DataAnnotations.Tests.dll" adapterTypeName="executor://xunit/VsTestRunner2/netcoreapp" className="ShareGate.ComponentModel.DataAnnotations.Tests.GuidAttributeTests" name="IsValid_Returns_True_When_Valid_Guid_String_Without_Format" />
    </UnitTest>
    <UnitTest name="ShareGate.ComponentModel.DataAnnotations.Tests.GuidAttributeTests.IsValid_Returns_True_When_Valid_Guid_String_With_Matching_Format(value: &quot;{0xf4aebf09,0x7ac8,0x4521,{0x9b,0x0b,0x91,0x8d,0x8&quot;..., valueFormat: &quot;X&quot;)" storage="c:\src\sg-componentmodel-dataannotations\src\sharegate.componentmodel.dataannotations.tests\bin\release\netcoreapp3.1\sharegate.componentmodel.dataannotations.tests.dll" id="64b41a85-e2a4-98f4-05f7-b08510ff9e85">
      <Execution id="95da7f32-52fd-4e9d-8baf-675e711a3454" />
      <TestMethod codeBase="C:\src\sg-componentmodel-dataannotations\src\ShareGate.ComponentModel.DataAnnotations.Tests\bin\Release\netcoreapp3.1\ShareGate.ComponentModel.DataAnnotations.Tests.dll" adapterTypeName="executor://xunit/VsTestRunner2/netcoreapp" className="ShareGate.ComponentModel.DataAnnotations.Tests.GuidAttributeTests" name="IsValid_Returns_True_When_Valid_Guid_String_With_Matching_Format" />
    </UnitTest>
    <UnitTest name="ShareGate.ComponentModel.DataAnnotations.Tests.GuidAttributeTests.IsValid_Returns_False_When_Valid_Guid_String_With_Non_Matching_Format(value: &quot;{f4aebf09-7ac8-4521-9b0b-918d8139bde0}&quot;, valueFormat: &quot;B&quot;)" storage="c:\src\sg-componentmodel-dataannotations\src\sharegate.componentmodel.dataannotations.tests\bin\release\netcoreapp3.1\sharegate.componentmodel.dataannotations.tests.dll" id="e3773260-5961-5e12-bb3c-aa80c4b97af1">
      <Execution id="f48af9e2-ccac-47ba-bd48-a54245209aa6" />
      <TestMethod codeBase="C:\src\sg-componentmodel-dataannotations\src\ShareGate.ComponentModel.DataAnnotations.Tests\bin\Release\netcoreapp3.1\ShareGate.ComponentModel.DataAnnotations.Tests.dll" adapterTypeName="executor://xunit/VsTestRunner2/netcoreapp" className="ShareGate.ComponentModel.DataAnnotations.Tests.GuidAttributeTests" name="IsValid_Returns_False_When_Valid_Guid_String_With_Non_Matching_Format" />
    </UnitTest>
    <UnitTest name="ShareGate.ComponentModel.DataAnnotations.Tests.GuidAttributeTests.IsValid_Returns_True_When_Value_Is_Null" storage="c:\src\sg-componentmodel-dataannotations\src\sharegate.componentmodel.dataannotations.tests\bin\release\netcoreapp3.1\sharegate.componentmodel.dataannotations.tests.dll" id="2612dc12-e6af-6049-9036-a68c2317f2da">
      <Execution id="85557994-f63a-4f5b-bc1a-715081784aed" />
      <TestMethod codeBase="C:\src\sg-componentmodel-dataannotations\src\ShareGate.ComponentModel.DataAnnotations.Tests\bin\Release\netcoreapp3.1\ShareGate.ComponentModel.DataAnnotations.Tests.dll" adapterTypeName="executor://xunit/VsTestRunner2/netcoreapp" className="ShareGate.ComponentModel.DataAnnotations.Tests.GuidAttributeTests" name="IsValid_Returns_True_When_Value_Is_Null" />
    </UnitTest>
    <UnitTest name="ShareGate.ComponentModel.DataAnnotations.Tests.GuidAttributeTests.IsValid_Returns_False_When_Value_Is_An_Invalid_Guid_String" storage="c:\src\sg-componentmodel-dataannotations\src\sharegate.componentmodel.dataannotations.tests\bin\release\netcoreapp3.1\sharegate.componentmodel.dataannotations.tests.dll" id="a13778b3-2be9-daab-2c7c-cac4133dc180">
      <Execution id="26cd93a9-1d89-4a13-9998-fb65e1d73213" />
      <TestMethod codeBase="C:\src\sg-componentmodel-dataannotations\src\ShareGate.ComponentModel.DataAnnotations.Tests\bin\Release\netcoreapp3.1\ShareGate.ComponentModel.DataAnnotations.Tests.dll" adapterTypeName="executor://xunit/VsTestRunner2/netcoreapp" className="ShareGate.ComponentModel.DataAnnotations.Tests.GuidAttributeTests" name="IsValid_Returns_False_When_Value_Is_An_Invalid_Guid_String" />
    </UnitTest>
  </TestDefinitions>
  <TestEntries>
    <TestEntry testId="1ad049e0-e0c1-2020-587f-fceed362dc34" executionId="75b253a0-f19c-417e-9aef-f18f88491ce9" testListId="8c84fa94-04c1-424b-9868-57a2d4851a1d" />
    <TestEntry testId="349c00ba-f52c-c7b2-3475-79a8272f13e5" executionId="f71fb434-3f35-430d-b1f7-4cfee4447f2e" testListId="8c84fa94-04c1-424b-9868-57a2d4851a1d" />
    <TestEntry testId="2d19ae54-0bf3-06c6-8a31-c21339a60674" executionId="8e4dcd33-814f-4145-b982-6c502abbacd9" testListId="8c84fa94-04c1-424b-9868-57a2d4851a1d" />
    <TestEntry testId="540b5b4a-9b56-acd4-c971-03c246c9595b" executionId="7740c940-273f-40d8-839b-1a5b160cb45d" testListId="8c84fa94-04c1-424b-9868-57a2d4851a1d" />
    <TestEntry testId="64b41a85-e2a4-98f4-05f7-b08510ff9e85" executionId="95da7f32-52fd-4e9d-8baf-675e711a3454" testListId="8c84fa94-04c1-424b-9868-57a2d4851a1d" />
    <TestEntry testId="85b8543a-ad03-8ede-a42b-a6bb2170ddfd" executionId="34cb3bd9-4b97-4fc4-93fc-5a83c4d2e76d" testListId="8c84fa94-04c1-424b-9868-57a2d4851a1d" />
    <TestEntry testId="782a76f0-5b01-f3ce-7140-72ffd458b125" executionId="32655061-7a7b-4412-af14-4696cfd8dd40" testListId="8c84fa94-04c1-424b-9868-57a2d4851a1d" />
    <TestEntry testId="4163e64f-5507-0cb3-21d6-88bc7922a10f" executionId="dad47cc5-2b4a-4eab-a841-0fe64ad06e8e" testListId="8c84fa94-04c1-424b-9868-57a2d4851a1d" />
    <TestEntry testId="f069c7f8-4466-bd8d-9d77-19cab7ef2aa9" executionId="ba83c11e-e1c4-4d3f-aac0-a3962f99426c" testListId="8c84fa94-04c1-424b-9868-57a2d4851a1d" />
    <TestEntry testId="c07d26e1-e038-c18a-48be-34b097f25545" executionId="452fa1ff-f57c-4a92-8672-3b3ee7d0fd11" testListId="8c84fa94-04c1-424b-9868-57a2d4851a1d" />
    <TestEntry testId="ac8117c5-7812-a1e4-994b-f07aca118f0c" executionId="f65b7134-f085-44ad-9861-b3d7b9537fec" testListId="8c84fa94-04c1-424b-9868-57a2d4851a1d" />
    <TestEntry testId="ae26b1e8-f381-9ead-0604-b9bad38fef39" executionId="d166e016-94c1-4501-aaa4-0ed85fb0e54a" testListId="8c84fa94-04c1-424b-9868-57a2d4851a1d" />
    <TestEntry testId="7f83d8ca-fa44-71b8-4405-db78ff4b5f19" executionId="793e1a29-aad2-48db-a4d2-c2d34121a5cc" testListId="8c84fa94-04c1-424b-9868-57a2d4851a1d" />
    <TestEntry testId="e3773260-5961-5e12-bb3c-aa80c4b97af1" executionId="f48af9e2-ccac-47ba-bd48-a54245209aa6" testListId="8c84fa94-04c1-424b-9868-57a2d4851a1d" />
    <TestEntry testId="1da1c447-9306-91d7-349f-d4e8fd8e0730" executionId="f8624391-7e56-4564-bde9-6c3526d19c34" testListId="8c84fa94-04c1-424b-9868-57a2d4851a1d" />
    <TestEntry testId="1496db78-cf11-387b-61b0-7e4d27af6bc8" executionId="508f5a56-00df-4b7d-88cd-8439c655f5cc" testListId="8c84fa94-04c1-424b-9868-57a2d4851a1d" />
    <TestEntry testId="2612dc12-e6af-6049-9036-a68c2317f2da" executionId="85557994-f63a-4f5b-bc1a-715081784aed" testListId="8c84fa94-04c1-424b-9868-57a2d4851a1d" />
    <TestEntry testId="36f2d703-d6b0-1aba-6593-1d81ce542680" executionId="e2fde6e5-9f17-4586-82f2-02903d1454ef" testListId="8c84fa94-04c1-424b-9868-57a2d4851a1d" />
    <TestEntry testId="6d119962-47bc-7da4-b9b4-a9ca3328d502" executionId="6c01cefa-e824-4370-aecb-c5b8c6e03143" testListId="8c84fa94-04c1-424b-9868-57a2d4851a1d" />
    <TestEntry testId="2ea549c3-dbf3-f792-f089-cd5bb68d1121" executionId="86058eac-59dc-4b5f-b8d5-87cb7154fbac" testListId="8c84fa94-04c1-424b-9868-57a2d4851a1d" />
    <TestEntry testId="18b4008e-a7b7-a284-6eb5-bff03aba5979" executionId="1c105b00-a74c-4e17-bee7-16193e3be9b1" testListId="8c84fa94-04c1-424b-9868-57a2d4851a1d" />
    <TestEntry testId="e9f1b5a8-75fb-80e4-3ce2-66b578bff651" executionId="c3139c67-685a-484b-a559-22d67a6cd114" testListId="8c84fa94-04c1-424b-9868-57a2d4851a1d" />
    <TestEntry testId="3110cdf5-eefb-7984-2dd8-c01dcebb41e7" executionId="0e24a109-7312-4a0d-a2f5-a3be146da9ff" testListId="8c84fa94-04c1-424b-9868-57a2d4851a1d" />
    <TestEntry testId="a13778b3-2be9-daab-2c7c-cac4133dc180" executionId="26cd93a9-1d89-4a13-9998-fb65e1d73213" testListId="8c84fa94-04c1-424b-9868-57a2d4851a1d" />
    <TestEntry testId="b8424517-915e-c6a9-9c7e-317e598dd5dc" executionId="579e3cc1-df48-4a9f-b8f3-5bf34b2674b7" testListId="8c84fa94-04c1-424b-9868-57a2d4851a1d" />
    <TestEntry testId="61a807b7-d995-e659-0661-1d75ececa71e" executionId="fcd89dac-8a7b-4184-8c3c-c18a2542e3f4" testListId="8c84fa94-04c1-424b-9868-57a2d4851a1d" />
    <TestEntry testId="442be577-2d70-7e3c-c113-533024fb5123" executionId="d1304878-c678-44ae-9d37-53993c6850a5" testListId="8c84fa94-04c1-424b-9868-57a2d4851a1d" />
    <TestEntry testId="cbcdfc39-98ee-fd0e-68c1-f67e5b30ed1d" executionId="ceb03f84-6cb9-4587-ba68-58d540021c1c" testListId="8c84fa94-04c1-424b-9868-57a2d4851a1d" />
    <TestEntry testId="27e4cf0b-0614-7ddd-b815-a0fe3b55ef68" executionId="1fc5bd9b-aec9-477a-bfc1-0e1579277640" testListId="8c84fa94-04c1-424b-9868-57a2d4851a1d" />
    <TestEntry testId="d53837f1-350f-e025-5db8-34f2098f92ce" executionId="de385869-6baf-4558-9918-9366c808376f" testListId="8c84fa94-04c1-424b-9868-57a2d4851a1d" />
    <TestEntry testId="15b0c39f-7b60-8307-2eb8-31b9a314f13a" executionId="d3bf5a69-bb7b-4888-9326-9bf0e0968948" testListId="8c84fa94-04c1-424b-9868-57a2d4851a1d" />
    <TestEntry testId="a0d6faa8-269b-8520-7506-7dbcd48c7132" executionId="0e589598-a0e6-4a5d-b556-bf018b923548" testListId="8c84fa94-04c1-424b-9868-57a2d4851a1d" />
    <TestEntry testId="93329b70-9600-e8b3-2759-1b58a4feb032" executionId="52b9ee0d-f108-40a3-80f4-182f9b6b3415" testListId="8c84fa94-04c1-424b-9868-57a2d4851a1d" />
    <TestEntry testId="23156cea-e885-0305-75a9-eb01d985ecdf" executionId="1643ff83-3bd0-4f80-9ac6-40a828b2ba45" testListId="8c84fa94-04c1-424b-9868-57a2d4851a1d" />
  </TestEntries>
  <TestLists>
    <TestList name="Results Not in a List" id="8c84fa94-04c1-424b-9868-57a2d4851a1d" />
    <TestList name="All Loaded Results" id="19431567-8539-422a-85d7-44ee4e166bda" />
  </TestLists>
  <ResultSummary outcome="Completed">
    <Counters total="34" executed="34" passed="34" failed="0" error="0" timeout="0" aborted="0" inconclusive="0" passedButRunAborted="0" notRunnable="0" notExecuted="0" disconnected="0" warning="0" completed="0" inProgress="0" pending="0" />
    <Output>
      <StdOut>[xUnit.net 00:00:00.00] xUnit.net VSTest Adapter v2.4.3+1b45f5407b (64-bit .NET Core 3.1.25)&#xD;
[xUnit.net 00:00:00.50]   Discovering: ShareGate.ComponentModel.DataAnnotations.Tests&#xD;
[xUnit.net 00:00:00.67]   Discovered:  ShareGate.ComponentModel.DataAnnotations.Tests&#xD;
[xUnit.net 00:00:00.67]   Starting:    ShareGate.ComponentModel.DataAnnotations.Tests&#xD;
[xUnit.net 00:00:01.07]   Finished:    ShareGate.ComponentModel.DataAnnotations.Tests&#xD;
</StdOut>
    </Output>
  </ResultSummary>
</TestRun>