<?xml version="1.0" encoding="utf-8"?>
<TestRun id="0dd06dd0-f1c7-44ec-bbd7-d083030e333e" name="anthony.simmon@GSOFT-CP4T693 2022-06-08 21:00:24" runUser="OFFICE\anthony.simmon" xmlns="http://microsoft.com/schemas/VisualStudio/TeamTest/2010">
  <Times creation="2022-06-08T21:00:24.2292149-04:00" queuing="2022-06-08T21:00:24.2292155-04:00" start="2022-06-08T21:00:22.7082983-04:00" finish="2022-06-08T21:00:24.3157881-04:00" />
  <TestSettings name="default" id="b067155e-9338-492f-9ca7-52c66e04770a">
    <Deployment runDeploymentRoot="anthony.simmon_GSOFT-CP4T693_2022-06-08_21_00_24" />
  </TestSettings>
  <Results>
    <UnitTestResult executionId="c5888cae-2559-49e7-b378-2614cfd38982" testId="11ff3122-077a-bc4d-1ce4-9dd5a3396bd4" testName="ShareGate.ComponentModel.DataAnnotations.Tests.NotEmptyAttributeTests.IsValid_Returns_False_When_Value_Is_An_Object" computerName="GSOFT-CP4T693" duration="00:00:00.0010000" startTime="2022-06-08T21:00:24.1924511-04:00" endTime="2022-06-08T21:00:24.1924511-04:00" testType="13cdc9d9-ddb5-4fa4-a97d-d965ccfc6d4b" outcome="Passed" testListId="8c84fa94-04c1-424b-9868-57a2d4851a1d" relativeResultsDirectory="c5888cae-2559-49e7-b378-2614cfd38982" />
    <UnitTestResult executionId="2255f8bd-8e42-4777-9999-dadada349959" testId="a6805dbd-6d04-bd62-1b0a-191af821846a" testName="ShareGate.ComponentModel.DataAnnotations.Tests.GuidAttributeTests.Validator_TryValidateObject_Returns_The_Expected_Error_Messages_When_Validation_Fails" computerName="GSOFT-CP4T693" duration="00:00:00.0360000" startTime="2022-06-08T21:00:24.2237122-04:00" endTime="2022-06-08T21:00:24.2237122-04:00" testType="13cdc9d9-ddb5-4fa4-a97d-d965ccfc6d4b" outcome="Passed" testListId="8c84fa94-04c1-424b-9868-57a2d4851a1d" relativeResultsDirectory="2255f8bd-8e42-4777-9999-dadada349959" />
    <UnitTestResult executionId="192a21b2-de0e-4267-8eb0-2e8301198bc9" testId="f3cb3e66-d132-d53a-254d-f6e6b97616ca" testName="ShareGate.ComponentModel.DataAnnotations.Tests.GuidAttributeTests.IsValid_Returns_True_When_Value_Is_Null" computerName="GSOFT-CP4T693" duration="00:00:00.0010000" startTime="2022-06-08T21:00:24.2237122-04:00" endTime="2022-06-08T21:00:24.2237122-04:00" testType="13cdc9d9-ddb5-4fa4-a97d-d965ccfc6d4b" outcome="Passed" testListId="8c84fa94-04c1-424b-9868-57a2d4851a1d" relativeResultsDirectory="192a21b2-de0e-4267-8eb0-2e8301198bc9" />
    <UnitTestResult executionId="4e9f5683-d9cd-4162-85bd-df97f80e3d55" testId="567f02a8-8d52-fed3-92cd-eb7874a2f01e" testName="ShareGate.ComponentModel.DataAnnotations.Tests.GuidAttributeTests.IsValid_Returns_True_When_Valid_Guid_String_Without_Format(value: &quot;f4aebf097ac845219b0b918d8139bde0&quot;)" computerName="GSOFT-CP4T693" duration="00:00:00.0010000" startTime="2022-06-08T21:00:24.1863715-04:00" endTime="2022-06-08T21:00:24.1863715-04:00" testType="13cdc9d9-ddb5-4fa4-a97d-d965ccfc6d4b" outcome="Passed" testListId="8c84fa94-04c1-424b-9868-57a2d4851a1d" relativeResultsDirectory="4e9f5683-d9cd-4162-85bd-df97f80e3d55" />
    <UnitTestResult executionId="c2d141d8-7357-4b21-8803-8ff7958d058c" testId="09c70749-e485-0e91-3eb9-99fb2de14346" testName="ShareGate.ComponentModel.DataAnnotations.Tests.GuidAttributeTests.IsValid_Returns_True_When_Valid_Guid_String_Without_Format(value: &quot;{f4aebf09-7ac8-4521-9b0b-918d8139bde0}&quot;)" computerName="GSOFT-CP4T693" duration="00:00:00.0010000" startTime="2022-06-08T21:00:24.1833010-04:00" endTime="2022-06-08T21:00:24.1833010-04:00" testType="13cdc9d9-ddb5-4fa4-a97d-d965ccfc6d4b" outcome="Passed" testListId="8c84fa94-04c1-424b-9868-57a2d4851a1d" relativeResultsDirectory="c2d141d8-7357-4b21-8803-8ff7958d058c" />
    <UnitTestResult executionId="1a9af07e-b79c-4e10-ab96-4c3088f3ea68" testId="039ec550-57d2-27f0-747d-b555640407b8" testName="ShareGate.ComponentModel.DataAnnotations.Tests.GuidAttributeTests.IsValid_Returns_False_When_Valid_Guid_String_With_Non_Matching_Format(value: &quot;f4aebf097ac845219b0b918d8139bde0&quot;, valueFormat: &quot;N&quot;)" computerName="GSOFT-CP4T693" duration="00:00:00.0010000" startTime="2022-06-08T21:00:24.1230410-04:00" endTime="2022-06-08T21:00:24.1230410-04:00" testType="13cdc9d9-ddb5-4fa4-a97d-d965ccfc6d4b" outcome="Passed" testListId="8c84fa94-04c1-424b-9868-57a2d4851a1d" relativeResultsDirectory="1a9af07e-b79c-4e10-ab96-4c3088f3ea68" />
    <UnitTestResult executionId="968aa1f7-d3f5-4ed2-b696-931f65f58c04" testId="7cc7c439-47ae-2871-2cdb-008a894ee230" testName="ShareGate.ComponentModel.DataAnnotations.Tests.GuidAttributeTests.IsValid_Returns_False_When_Valid_Guid_String_With_Invalid_Format" computerName="GSOFT-CP4T693" duration="00:00:00.0010000" startTime="2022-06-08T21:00:24.1891526-04:00" endTime="2022-06-08T21:00:24.1891526-04:00" testType="13cdc9d9-ddb5-4fa4-a97d-d965ccfc6d4b" outcome="Passed" testListId="8c84fa94-04c1-424b-9868-57a2d4851a1d" relativeResultsDirectory="968aa1f7-d3f5-4ed2-b696-931f65f58c04" />
    <UnitTestResult executionId="999ed807-52ab-451c-8575-0cef8d8acbd7" testId="fb90665b-a060-dc9d-08a2-c34379368849" testName="ShareGate.ComponentModel.DataAnnotations.Tests.ValidatePropertiesAttributeTests.ValidateObject_Throws_Exception_That_Contain_Each_Violated_Validation_Rule" computerName="GSOFT-CP4T693" duration="00:00:00.0820000" startTime="2022-06-08T21:00:24.2237122-04:00" endTime="2022-06-08T21:00:24.2237122-04:00" testType="13cdc9d9-ddb5-4fa4-a97d-d965ccfc6d4b" outcome="Passed" testListId="8c84fa94-04c1-424b-9868-57a2d4851a1d" relativeResultsDirectory="999ed807-52ab-451c-8575-0cef8d8acbd7" />
    <UnitTestResult executionId="dc959e77-8f79-4e90-aaf0-e9beccbeab2b" testId="e248b528-1ae4-41e6-31b5-bd94348cde83" testName="ShareGate.ComponentModel.DataAnnotations.Tests.GuidAttributeTests.IsValid_Returns_False_When_Value_Is_An_Invalid_Guid_String" computerName="GSOFT-CP4T693" duration="00:00:00.0010000" startTime="2022-06-08T21:00:24.2237122-04:00" endTime="2022-06-08T21:00:24.2237122-04:00" testType="13cdc9d9-ddb5-4fa4-a97d-d965ccfc6d4b" outcome="Passed" testListId="8c84fa94-04c1-424b-9868-57a2d4851a1d" relativeResultsDirectory="dc959e77-8f79-4e90-aaf0-e9beccbeab2b" />
    <UnitTestResult executionId="4a675856-0300-4f7c-a06e-a53104ac652f" testId="99142fa2-de46-7110-a31d-54a97c482332" testName="ShareGate.ComponentModel.DataAnnotations.Tests.GuidAttributeTests.IsValid_Returns_True_When_Valid_Guid_String_Without_Format(value: &quot;f4aebf09-7ac8-4521-9b0b-918d8139bde0&quot;)" computerName="GSOFT-CP4T693" duration="00:00:00.0010000" startTime="2022-06-08T21:00:24.1810602-04:00" endTime="2022-06-08T21:00:24.1810602-04:00" testType="13cdc9d9-ddb5-4fa4-a97d-d965ccfc6d4b" outcome="Passed" testListId="8c84fa94-04c1-424b-9868-57a2d4851a1d" relativeResultsDirectory="4a675856-0300-4f7c-a06e-a53104ac652f" />
    <UnitTestResult executionId="573e7c38-e944-41f4-993f-f0f5074fe177" testId="04543ab3-e329-9b3e-f96d-44b027d06249" testName="ShareGate.ComponentModel.DataAnnotations.Tests.GuidAttributeTests.IsValid_Returns_True_When_Valid_Guid_String_With_Matching_Format(value: &quot;(f4aebf09-7ac8-4521-9b0b-918d8139bde0)&quot;, valueFormat: &quot;P&quot;)" computerName="GSOFT-CP4T693" duration="00:00:00.0010000" startTime="2022-06-08T21:00:24.2081204-04:00" endTime="2022-06-08T21:00:24.2081204-04:00" testType="13cdc9d9-ddb5-4fa4-a97d-d965ccfc6d4b" outcome="Passed" testListId="8c84fa94-04c1-424b-9868-57a2d4851a1d" relativeResultsDirectory="573e7c38-e944-41f4-993f-f0f5074fe177" />
    <UnitTestResult executionId="4181aa9e-615e-47a9-bd30-cedf5988a0eb" testId="67c400df-c91a-4ee6-aaa5-68e615900fae" testName="ShareGate.ComponentModel.DataAnnotations.Tests.NotEmptyAttributeTests.Validator_TryValidateObject_Returns_The_Expected_Error_Message_When_Validation_Fails" computerName="GSOFT-CP4T693" duration="00:00:00.0350000" startTime="2022-06-08T21:00:24.2081204-04:00" endTime="2022-06-08T21:00:24.2081204-04:00" testType="13cdc9d9-ddb5-4fa4-a97d-d965ccfc6d4b" outcome="Passed" testListId="8c84fa94-04c1-424b-9868-57a2d4851a1d" relativeResultsDirectory="4181aa9e-615e-47a9-bd30-cedf5988a0eb" />
    <UnitTestResult executionId="007b97f1-76fe-4774-8bd7-9e8fceb9d6dc" testId="a18dfaba-2444-95b7-e6b2-fa91fc2058a7" testName="ShareGate.ComponentModel.DataAnnotations.Tests.NotEmptyAttributeTests.IsValid_Returns_False_When_Value_Is_An_Empty_Generic_HashSet" computerName="GSOFT-CP4T693" duration="00:00:00.0010000" startTime="2022-06-08T21:00:24.1880253-04:00" endTime="2022-06-08T21:00:24.1880253-04:00" testType="13cdc9d9-ddb5-4fa4-a97d-d965ccfc6d4b" outcome="Passed" testListId="8c84fa94-04c1-424b-9868-57a2d4851a1d" relativeResultsDirectory="007b97f1-76fe-4774-8bd7-9e8fceb9d6dc" />
    <UnitTestResult executionId="a50f711c-0d88-48ec-aa45-6c5a1eac6979" testId="b77fd069-ebca-450b-355a-2bd31f28b50f" testName="ShareGate.ComponentModel.DataAnnotations.Tests.GuidAttributeTests.IsValid_Returns_True_When_Valid_Guid_String_Without_Format(value: &quot;{0xf4aebf09,0x7ac8,0x4521,{0x9b,0x0b,0x91,0x8d,0x8&quot;...)" computerName="GSOFT-CP4T693" duration="00:00:00.0010000" startTime="2022-06-08T21:00:24.1846595-04:00" endTime="2022-06-08T21:00:24.1846595-04:00" testType="13cdc9d9-ddb5-4fa4-a97d-d965ccfc6d4b" outcome="Passed" testListId="8c84fa94-04c1-424b-9868-57a2d4851a1d" relativeResultsDirectory="a50f711c-0d88-48ec-aa45-6c5a1eac6979" />
    <UnitTestResult executionId="a1867d83-2c81-4e14-8d45-459cf705c616" testId="d0ccb110-b67a-bbb5-87d9-59286a854905" testName="ShareGate.ComponentModel.DataAnnotations.Tests.GuidAttributeTests.IsValid_Returns_True_When_Valid_Guid_String_With_Matching_Format(value: &quot;{f4aebf09-7ac8-4521-9b0b-918d8139bde0}&quot;, valueFormat: &quot;B&quot;)" computerName="GSOFT-CP4T693" duration="00:00:00.0010000" startTime="2022-06-08T21:00:24.1924511-04:00" endTime="2022-06-08T21:00:24.1924511-04:00" testType="13cdc9d9-ddb5-4fa4-a97d-d965ccfc6d4b" outcome="Passed" testListId="8c84fa94-04c1-424b-9868-57a2d4851a1d" relativeResultsDirectory="a1867d83-2c81-4e14-8d45-459cf705c616" />
    <UnitTestResult executionId="ac0270ed-c6ee-4f20-9b93-79115bc7e169" testId="d096f0f3-f773-422a-18a1-d053eb6e69fc" testName="ShareGate.ComponentModel.DataAnnotations.Tests.NotEmptyAttributeTests.IsValid_Returns_True_When_Value_Is_A_Generic_Array_With_One_Element" computerName="GSOFT-CP4T693" duration="00:00:00.0010000" startTime="2022-06-08T21:00:24.2237122-04:00" endTime="2022-06-08T21:00:24.2237122-04:00" testType="13cdc9d9-ddb5-4fa4-a97d-d965ccfc6d4b" outcome="Passed" testListId="8c84fa94-04c1-424b-9868-57a2d4851a1d" relativeResultsDirectory="ac0270ed-c6ee-4f20-9b93-79115bc7e169" />
    <UnitTestResult executionId="11210246-9546-458b-b449-0b13be0dd2a1" testId="55f70f61-1bff-5d5b-c146-78fc900e9df2" testName="ShareGate.ComponentModel.DataAnnotations.Tests.NotEmptyAttributeTests.IsValid_Returns_True_When_Value_Is_A_ArrayList_With_One_Element" computerName="GSOFT-CP4T693" duration="00:00:00.0010000" startTime="2022-06-08T21:00:24.2081204-04:00" endTime="2022-06-08T21:00:24.2081204-04:00" testType="13cdc9d9-ddb5-4fa4-a97d-d965ccfc6d4b" outcome="Passed" testListId="8c84fa94-04c1-424b-9868-57a2d4851a1d" relativeResultsDirectory="11210246-9546-458b-b449-0b13be0dd2a1" />
    <UnitTestResult executionId="451d1de2-8b77-4eb7-8e1a-df442be5704f" testId="ed21fefa-d9b5-3c8e-ac6c-12cdf10e5967" testName="ShareGate.ComponentModel.DataAnnotations.Tests.NotEmptyAttributeTests.IsValid_Returns_False_When_Value_Is_An_Empty_Generic_List" computerName="GSOFT-CP4T693" duration="00:00:00.0010000" startTime="2022-06-08T21:00:24.1924511-04:00" endTime="2022-06-08T21:00:24.1924511-04:00" testType="13cdc9d9-ddb5-4fa4-a97d-d965ccfc6d4b" outcome="Passed" testListId="8c84fa94-04c1-424b-9868-57a2d4851a1d" relativeResultsDirectory="451d1de2-8b77-4eb7-8e1a-df442be5704f" />
    <UnitTestResult executionId="ea5d5562-ac45-4e50-8669-1876fbb58e34" testId="4ec0bcda-56e2-0f23-c690-82c3d42ffdd2" testName="ShareGate.ComponentModel.DataAnnotations.Tests.NotEmptyAttributeTests.IsValid_Returns_False_When_Value_Is_An_Empty_Yielded_Enumerable" computerName="GSOFT-CP4T693" duration="00:00:00.0010000" startTime="2022-06-08T21:00:24.1386674-04:00" endTime="2022-06-08T21:00:24.1386674-04:00" testType="13cdc9d9-ddb5-4fa4-a97d-d965ccfc6d4b" outcome="Passed" testListId="8c84fa94-04c1-424b-9868-57a2d4851a1d" relativeResultsDirectory="ea5d5562-ac45-4e50-8669-1876fbb58e34" />
    <UnitTestResult executionId="350c51a4-2b91-46a7-b82d-a125cac65246" testId="47972aa9-a43d-7697-ec14-d9b16aa14830" testName="ShareGate.ComponentModel.DataAnnotations.Tests.NotEmptyAttributeTests.IsValid_Returns_False_When_Value_Is_An_Empty_Generic_Array" computerName="GSOFT-CP4T693" duration="00:00:00.0010000" startTime="2022-06-08T21:00:24.2081204-04:00" endTime="2022-06-08T21:00:24.2081204-04:00" testType="13cdc9d9-ddb5-4fa4-a97d-d965ccfc6d4b" outcome="Passed" testListId="8c84fa94-04c1-424b-9868-57a2d4851a1d" relativeResultsDirectory="350c51a4-2b91-46a7-b82d-a125cac65246" />
    <UnitTestResult executionId="a6cb2693-39ad-41f6-8c0f-77d9ba3f2843" testId="79c0cd97-a947-b861-6427-38e384d77154" testName="ShareGate.ComponentModel.DataAnnotations.Tests.GuidAttributeTests.IsValid_Returns_False_When_Value_Is_Not_A_String" computerName="GSOFT-CP4T693" duration="00:00:00.0010000" startTime="2022-06-08T21:00:24.2237122-04:00" endTime="2022-06-08T21:00:24.2237122-04:00" testType="13cdc9d9-ddb5-4fa4-a97d-d965ccfc6d4b" outcome="Passed" testListId="8c84fa94-04c1-424b-9868-57a2d4851a1d" relativeResultsDirectory="a6cb2693-39ad-41f6-8c0f-77d9ba3f2843" />
    <UnitTestResult executionId="e9422c33-58a6-46c8-a9d3-cc84bf96192a" testId="743eb451-c7fc-b109-4f7f-224e789be46c" testName="ShareGate.ComponentModel.DataAnnotations.Tests.GuidAttributeTests.IsValid_Returns_True_When_Valid_Guid_String_With_Matching_Format(value: &quot;f4aebf097ac845219b0b918d8139bde0&quot;, valueFormat: &quot;N&quot;)" computerName="GSOFT-CP4T693" duration="00:00:00.0010000" startTime="2022-06-08T21:00:24.1924511-04:00" endTime="2022-06-08T21:00:24.1924511-04:00" testType="13cdc9d9-ddb5-4fa4-a97d-d965ccfc6d4b" outcome="Passed" testListId="8c84fa94-04c1-424b-9868-57a2d4851a1d" relativeResultsDirectory="e9422c33-58a6-46c8-a9d3-cc84bf96192a" />
    <UnitTestResult executionId="92cc2f1e-2198-41ec-994b-4f5a6390dc2f" testId="94b982fd-b9ae-50d2-819a-b972f2e33e9c" testName="ShareGate.ComponentModel.DataAnnotations.Tests.NotEmptyAttributeTests.IsValid_Returns_False_When_Value_Is_An_Empty_ArrayList" computerName="GSOFT-CP4T693" duration="00:00:00.0010000" startTime="2022-06-08T21:00:24.1914014-04:00" endTime="2022-06-08T21:00:24.1914014-04:00" testType="13cdc9d9-ddb5-4fa4-a97d-d965ccfc6d4b" outcome="Passed" testListId="8c84fa94-04c1-424b-9868-57a2d4851a1d" relativeResultsDirectory="92cc2f1e-2198-41ec-994b-4f5a6390dc2f" />
    <UnitTestResult executionId="f6d19e62-b48d-49eb-95c2-dcfb23d7bf54" testId="66a569de-191b-a55a-be2e-2a49b13dafaa" testName="ShareGate.ComponentModel.DataAnnotations.Tests.GuidAttributeTests.IsValid_Returns_False_When_Valid_Guid_String_With_Non_Matching_Format(value: &quot;f4aebf09-7ac8-4521-9b0b-918d8139bde0&quot;, valueFormat: &quot;D&quot;)" computerName="GSOFT-CP4T693" duration="00:00:00.0010000" startTime="2022-06-08T21:00:24.1230410-04:00" endTime="2022-06-08T21:00:24.1230410-04:00" testType="13cdc9d9-ddb5-4fa4-a97d-d965ccfc6d4b" outcome="Passed" testListId="8c84fa94-04c1-424b-9868-57a2d4851a1d" relativeResultsDirectory="f6d19e62-b48d-49eb-95c2-dcfb23d7bf54" />
    <UnitTestResult executionId="979a601a-fbcf-4131-b809-3951e1c23ed9" testId="f1132ba5-8b90-c284-eac2-c48a834ab771" testName="ShareGate.ComponentModel.DataAnnotations.Tests.GuidAttributeTests.IsValid_Returns_True_When_Valid_Guid_String_Without_Format(value: &quot;(f4aebf09-7ac8-4521-9b0b-918d8139bde0)&quot;)" computerName="GSOFT-CP4T693" duration="00:00:00.0010000" startTime="2022-06-08T21:00:24.1678389-04:00" endTime="2022-06-08T21:00:24.1678389-04:00" testType="13cdc9d9-ddb5-4fa4-a97d-d965ccfc6d4b" outcome="Passed" testListId="8c84fa94-04c1-424b-9868-57a2d4851a1d" relativeResultsDirectory="979a601a-fbcf-4131-b809-3951e1c23ed9" />
    <UnitTestResult executionId="6f39c4ef-3462-4ca5-b690-41b8a0a7b15f" testId="1f7af32b-74ab-5d64-8ed6-21d0a596bbd2" testName="ShareGate.ComponentModel.DataAnnotations.Tests.NotEmptyAttributeTests.IsValid_Returns_True_When_Value_Is_A_Generic_List_With_One_Element" computerName="GSOFT-CP4T693" duration="00:00:00.0010000" startTime="2022-06-08T21:00:24.2081204-04:00" endTime="2022-06-08T21:00:24.2081204-04:00" testType="13cdc9d9-ddb5-4fa4-a97d-d965ccfc6d4b" outcome="Passed" testListId="8c84fa94-04c1-424b-9868-57a2d4851a1d" relativeResultsDirectory="6f39c4ef-3462-4ca5-b690-41b8a0a7b15f" />
    <UnitTestResult executionId="fe8cba46-990b-4df2-8f58-dd723b307e38" testId="e91e34b8-83aa-5e06-f9e1-f4512276e7f0" testName="ShareGate.ComponentModel.DataAnnotations.Tests.GuidAttributeTests.IsValid_Returns_True_When_Valid_Guid_String_With_Matching_Format(value: &quot;f4aebf09-7ac8-4521-9b0b-918d8139bde0&quot;, valueFormat: &quot;D&quot;)" computerName="GSOFT-CP4T693" duration="00:00:00.0010000" startTime="2022-06-08T21:00:24.2081204-04:00" endTime="2022-06-08T21:00:24.2081204-04:00" testType="13cdc9d9-ddb5-4fa4-a97d-d965ccfc6d4b" outcome="Passed" testListId="8c84fa94-04c1-424b-9868-57a2d4851a1d" relativeResultsDirectory="fe8cba46-990b-4df2-8f58-dd723b307e38" />
    <UnitTestResult executionId="c1fc335d-a140-47af-a05f-dea2bb09b44c" testId="63ea736c-657e-1fe6-78be-c9c97f15839d" testName="ShareGate.ComponentModel.DataAnnotations.Tests.NotEmptyAttributeTests.IsValid_Returns_True_When_Value_Is_Null" computerName="GSOFT-CP4T693" duration="00:00:00.0010000" startTime="2022-06-08T21:00:24.2081204-04:00" endTime="2022-06-08T21:00:24.2081204-04:00" testType="13cdc9d9-ddb5-4fa4-a97d-d965ccfc6d4b" outcome="Passed" testListId="8c84fa94-04c1-424b-9868-57a2d4851a1d" relativeResultsDirectory="c1fc335d-a140-47af-a05f-dea2bb09b44c" />
    <UnitTestResult executionId="39fb8774-6aea-4d92-8fbb-ae2f0f8766ac" testId="248e6667-fbee-6487-c012-2a4f55f71c9b" testName="ShareGate.ComponentModel.DataAnnotations.Tests.NotEmptyAttributeTests.IsValid_Returns_True_When_Value_Is_An_Yielded_Enumerable_With_At_Least_One_Element" computerName="GSOFT-CP4T693" duration="00:00:00.0010000" startTime="2022-06-08T21:00:24.2081204-04:00" endTime="2022-06-08T21:00:24.2081204-04:00" testType="13cdc9d9-ddb5-4fa4-a97d-d965ccfc6d4b" outcome="Passed" testListId="8c84fa94-04c1-424b-9868-57a2d4851a1d" relativeResultsDirectory="39fb8774-6aea-4d92-8fbb-ae2f0f8766ac" />
    <UnitTestResult executionId="d43a233c-5108-4031-be72-45aaa857853e" testId="06d4f439-cf94-0644-72f7-107ef8344ad0" testName="ShareGate.ComponentModel.DataAnnotations.Tests.NotEmptyAttributeTests.IsValid_Returns_True_When_Value_Is_A_Generic_HashSet_With_One_Element" computerName="GSOFT-CP4T693" duration="00:00:00.0350000" startTime="2022-06-08T21:00:24.1230410-04:00" endTime="2022-06-08T21:00:24.1230410-04:00" testType="13cdc9d9-ddb5-4fa4-a97d-d965ccfc6d4b" outcome="Passed" testListId="8c84fa94-04c1-424b-9868-57a2d4851a1d" relativeResultsDirectory="d43a233c-5108-4031-be72-45aaa857853e" />
    <UnitTestResult executionId="858e7a9e-4e65-4560-b7f1-cba7f0464adf" testId="828c8a74-849b-421a-f9d9-21e119281f13" testName="ShareGate.ComponentModel.DataAnnotations.Tests.GuidAttributeTests.IsValid_Returns_False_When_Valid_Guid_String_With_Non_Matching_Format(value: &quot;{0xf4aebf09,0x7ac8,0x4521,{0x9b,0x0b,0x91,0x8d,0x8&quot;..., valueFormat: &quot;X&quot;)" computerName="GSOFT-CP4T693" duration="00:00:00.0010000" startTime="2022-06-08T21:00:24.1230410-04:00" endTime="2022-06-08T21:00:24.1230410-04:00" testType="13cdc9d9-ddb5-4fa4-a97d-d965ccfc6d4b" outcome="Passed" testListId="8c84fa94-04c1-424b-9868-57a2d4851a1d" relativeResultsDirectory="858e7a9e-4e65-4560-b7f1-cba7f0464adf" />
    <UnitTestResult executionId="f1649802-a237-4345-ae5f-bc124481c9ee" testId="ed6d03c9-7178-54bf-c009-e84bdd36add5" testName="ShareGate.ComponentModel.DataAnnotations.Tests.GuidAttributeTests.IsValid_Returns_True_When_Valid_Guid_String_With_Matching_Format(value: &quot;{0xf4aebf09,0x7ac8,0x4521,{0x9b,0x0b,0x91,0x8d,0x8&quot;..., valueFormat: &quot;X&quot;)" computerName="GSOFT-CP4T693" duration="00:00:00.0010000" startTime="2022-06-08T21:00:24.1924511-04:00" endTime="2022-06-08T21:00:24.1924511-04:00" testType="13cdc9d9-ddb5-4fa4-a97d-d965ccfc6d4b" outcome="Passed" testListId="8c84fa94-04c1-424b-9868-57a2d4851a1d" relativeResultsDirectory="f1649802-a237-4345-ae5f-bc124481c9ee" />
    <UnitTestResult executionId="d74905b7-9ad9-4c47-8e23-a2e03fe8a439" testId="22cdf5b3-3195-2ca5-3b9f-3eb1a6176c7a" testName="ShareGate.ComponentModel.DataAnnotations.Tests.GuidAttributeTests.IsValid_Returns_False_When_Valid_Guid_String_With_Non_Matching_Format(value: &quot;(f4aebf09-7ac8-4521-9b0b-918d8139bde0)&quot;, valueFormat: &quot;P&quot;)" computerName="GSOFT-CP4T693" duration="00:00:00.0360000" startTime="2022-06-08T21:00:24.1230410-04:00" endTime="2022-06-08T21:00:24.1230410-04:00" testType="13cdc9d9-ddb5-4fa4-a97d-d965ccfc6d4b" outcome="Passed" testListId="8c84fa94-04c1-424b-9868-57a2d4851a1d" relativeResultsDirectory="d74905b7-9ad9-4c47-8e23-a2e03fe8a439" />
    <UnitTestResult executionId="880b6e03-036a-408a-a4a1-7de5ed9387b7" testId="73ea9699-b2ee-ff55-12af-df3875e0e2b3" testName="ShareGate.ComponentModel.DataAnnotations.Tests.GuidAttributeTests.IsValid_Returns_False_When_Valid_Guid_String_With_Non_Matching_Format(value: &quot;{f4aebf09-7ac8-4521-9b0b-918d8139bde0}&quot;, valueFormat: &quot;B&quot;)" computerName="GSOFT-CP4T693" duration="00:00:00.0010000" startTime="2022-06-08T21:00:24.1230410-04:00" endTime="2022-06-08T21:00:24.1230410-04:00" testType="13cdc9d9-ddb5-4fa4-a97d-d965ccfc6d4b" outcome="Passed" testListId="8c84fa94-04c1-424b-9868-57a2d4851a1d" relativeResultsDirectory="880b6e03-036a-408a-a4a1-7de5ed9387b7" />
  </Results>
  <TestDefinitions>
    <UnitTest name="ShareGate.ComponentModel.DataAnnotations.Tests.NotEmptyAttributeTests.IsValid_Returns_False_When_Value_Is_An_Empty_Generic_HashSet" storage="c:\src\sg-componentmodel-dataannotations\src\sharegate.componentmodel.dataannotations.tests\bin\release\net462\sharegate.componentmodel.dataannotations.tests.dll" id="a18dfaba-2444-95b7-e6b2-fa91fc2058a7">
      <Execution id="007b97f1-76fe-4774-8bd7-9e8fceb9d6dc" />
      <TestMethod codeBase="C:\src\sg-componentmodel-dataannotations\src\ShareGate.ComponentModel.DataAnnotations.Tests\bin\Release\net462\ShareGate.ComponentModel.DataAnnotations.Tests.dll" adapterTypeName="executor://xunit/VsTestRunner2/net" className="ShareGate.ComponentModel.DataAnnotations.Tests.NotEmptyAttributeTests" name="IsValid_Returns_False_When_Value_Is_An_Empty_Generic_HashSet" />
    </UnitTest>
    <UnitTest name="ShareGate.ComponentModel.DataAnnotations.Tests.GuidAttributeTests.IsValid_Returns_True_When_Valid_Guid_String_With_Matching_Format(value: &quot;(f4aebf09-7ac8-4521-9b0b-918d8139bde0)&quot;, valueFormat: &quot;P&quot;)" storage="c:\src\sg-componentmodel-dataannotations\src\sharegate.componentmodel.dataannotations.tests\bin\release\net462\sharegate.componentmodel.dataannotations.tests.dll" id="04543ab3-e329-9b3e-f96d-44b027d06249">
      <Execution id="573e7c38-e944-41f4-993f-f0f5074fe177" />
      <TestMethod codeBase="C:\src\sg-componentmodel-dataannotations\src\ShareGate.ComponentModel.DataAnnotations.Tests\bin\Release\net462\ShareGate.ComponentModel.DataAnnotations.Tests.dll" adapterTypeName="executor://xunit/VsTestRunner2/net" className="ShareGate.ComponentModel.DataAnnotations.Tests.GuidAttributeTests" name="IsValid_Returns_True_When_Valid_Guid_String_With_Matching_Format" />
    </UnitTest>
    <UnitTest name="ShareGate.ComponentModel.DataAnnotations.Tests.GuidAttributeTests.IsValid_Returns_False_When_Valid_Guid_String_With_Non_Matching_Format(value: &quot;f4aebf097ac845219b0b918d8139bde0&quot;, valueFormat: &quot;N&quot;)" storage="c:\src\sg-componentmodel-dataannotations\src\sharegate.componentmodel.dataannotations.tests\bin\release\net462\sharegate.componentmodel.dataannotations.tests.dll" id="039ec550-57d2-27f0-747d-b555640407b8">
      <Execution id="1a9af07e-b79c-4e10-ab96-4c3088f3ea68" />
      <TestMethod codeBase="C:\src\sg-componentmodel-dataannotations\src\ShareGate.ComponentModel.DataAnnotations.Tests\bin\Release\net462\ShareGate.ComponentModel.DataAnnotations.Tests.dll" adapterTypeName="executor://xunit/VsTestRunner2/net" className="ShareGate.ComponentModel.DataAnnotations.Tests.GuidAttributeTests" name="IsValid_Returns_False_When_Valid_Guid_String_With_Non_Matching_Format" />
    </UnitTest>
    <UnitTest name="ShareGate.ComponentModel.DataAnnotations.Tests.GuidAttributeTests.IsValid_Returns_True_When_Valid_Guid_String_With_Matching_Format(value: &quot;{0xf4aebf09,0x7ac8,0x4521,{0x9b,0x0b,0x91,0x8d,0x8&quot;..., valueFormat: &quot;X&quot;)" storage="c:\src\sg-componentmodel-dataannotations\src\sharegate.componentmodel.dataannotations.tests\bin\release\net462\sharegate.componentmodel.dataannotations.tests.dll" id="ed6d03c9-7178-54bf-c009-e84bdd36add5">
      <Execution id="f1649802-a237-4345-ae5f-bc124481c9ee" />
      <TestMethod codeBase="C:\src\sg-componentmodel-dataannotations\src\ShareGate.ComponentModel.DataAnnotations.Tests\bin\Release\net462\ShareGate.ComponentModel.DataAnnotations.Tests.dll" adapterTypeName="executor://xunit/VsTestRunner2/net" className="ShareGate.ComponentModel.DataAnnotations.Tests.GuidAttributeTests" name="IsValid_Returns_True_When_Valid_Guid_String_With_Matching_Format" />
    </UnitTest>
    <UnitTest name="ShareGate.ComponentModel.DataAnnotations.Tests.GuidAttributeTests.IsValid_Returns_False_When_Value_Is_An_Invalid_Guid_String" storage="c:\src\sg-componentmodel-dataannotations\src\sharegate.componentmodel.dataannotations.tests\bin\release\net462\sharegate.componentmodel.dataannotations.tests.dll" id="e248b528-1ae4-41e6-31b5-bd94348cde83">
      <Execution id="dc959e77-8f79-4e90-aaf0-e9beccbeab2b" />
      <TestMethod codeBase="C:\src\sg-componentmodel-dataannotations\src\ShareGate.ComponentModel.DataAnnotations.Tests\bin\Release\net462\ShareGate.ComponentModel.DataAnnotations.Tests.dll" adapterTypeName="executor://xunit/VsTestRunner2/net" className="ShareGate.ComponentModel.DataAnnotations.Tests.GuidAttributeTests" name="IsValid_Returns_False_When_Value_Is_An_Invalid_Guid_String" />
    </UnitTest>
    <UnitTest name="ShareGate.ComponentModel.DataAnnotations.Tests.NotEmptyAttributeTests.IsValid_Returns_True_When_Value_Is_Null" storage="c:\src\sg-componentmodel-dataannotations\src\sharegate.componentmodel.dataannotations.tests\bin\release\net462\sharegate.componentmodel.dataannotations.tests.dll" id="63ea736c-657e-1fe6-78be-c9c97f15839d">
      <Execution id="c1fc335d-a140-47af-a05f-dea2bb09b44c" />
      <TestMethod codeBase="C:\src\sg-componentmodel-dataannotations\src\ShareGate.ComponentModel.DataAnnotations.Tests\bin\Release\net462\ShareGate.ComponentModel.DataAnnotations.Tests.dll" adapterTypeName="executor://xunit/VsTestRunner2/net" className="ShareGate.ComponentModel.DataAnnotations.Tests.NotEmptyAttributeTests" name="IsValid_Returns_True_When_Value_Is_Null" />
    </UnitTest>
    <UnitTest name="ShareGate.ComponentModel.DataAnnotations.Tests.NotEmptyAttributeTests.IsValid_Returns_False_When_Value_Is_An_Empty_Generic_Array" storage="c:\src\sg-componentmodel-dataannotations\src\sharegate.componentmodel.dataannotations.tests\bin\release\net462\sharegate.componentmodel.dataannotations.tests.dll" id="47972aa9-a43d-7697-ec14-d9b16aa14830">
      <Execution id="350c51a4-2b91-46a7-b82d-a125cac65246" />
      <TestMethod codeBase="C:\src\sg-componentmodel-dataannotations\src\ShareGate.ComponentModel.DataAnnotations.Tests\bin\Release\net462\ShareGate.ComponentModel.DataAnnotations.Tests.dll" adapterTypeName="executor://xunit/VsTestRunner2/net" className="ShareGate.ComponentModel.DataAnnotations.Tests.NotEmptyAttributeTests" name="IsValid_Returns_False_When_Value_Is_An_Empty_Generic_Array" />
    </UnitTest>
    <UnitTest name="ShareGate.ComponentModel.DataAnnotations.Tests.GuidAttributeTests.IsValid_Returns_True_When_Value_Is_Null" storage="c:\src\sg-componentmodel-dataannotations\src\sharegate.componentmodel.dataannotations.tests\bin\release\net462\sharegate.componentmodel.dataannotations.tests.dll" id="f3cb3e66-d132-d53a-254d-f6e6b97616ca">
      <Execution id="192a21b2-de0e-4267-8eb0-2e8301198bc9" />
      <TestMethod codeBase="C:\src\sg-componentmodel-dataannotations\src\ShareGate.ComponentModel.DataAnnotations.Tests\bin\Release\net462\ShareGate.ComponentModel.DataAnnotations.Tests.dll" adapterTypeName="executor://xunit/VsTestRunner2/net" className="ShareGate.ComponentModel.DataAnnotations.Tests.GuidAttributeTests" name="IsValid_Returns_True_When_Value_Is_Null" />
    </UnitTest>
    <UnitTest name="ShareGate.ComponentModel.DataAnnotations.Tests.NotEmptyAttributeTests.IsValid_Returns_True_When_Value_Is_An_Yielded_Enumerable_With_At_Least_One_Element" storage="c:\src\sg-componentmodel-dataannotations\src\sharegate.componentmodel.dataannotations.tests\bin\release\net462\sharegate.componentmodel.dataannotations.tests.dll" id="248e6667-fbee-6487-c012-2a4f55f71c9b">
      <Execution id="39fb8774-6aea-4d92-8fbb-ae2f0f8766ac" />
      <TestMethod codeBase="C:\src\sg-componentmodel-dataannotations\src\ShareGate.ComponentModel.DataAnnotations.Tests\bin\Release\net462\ShareGate.ComponentModel.DataAnnotations.Tests.dll" adapterTypeName="executor://xunit/VsTestRunner2/net" className="ShareGate.ComponentModel.DataAnnotations.Tests.NotEmptyAttributeTests" name="IsValid_Returns_True_When_Value_Is_An_Yielded_Enumerable_With_At_Least_One_Element" />
    </UnitTest>
    <UnitTest name="ShareGate.ComponentModel.DataAnnotations.Tests.NotEmptyAttributeTests.IsValid_Returns_False_When_Value_Is_An_Empty_Generic_List" storage="c:\src\sg-componentmodel-dataannotations\src\sharegate.componentmodel.dataannotations.tests\bin\release\net462\sharegate.componentmodel.dataannotations.tests.dll" id="ed21fefa-d9b5-3c8e-ac6c-12cdf10e5967">
      <Execution id="451d1de2-8b77-4eb7-8e1a-df442be5704f" />
      <TestMethod codeBase="C:\src\sg-componentmodel-dataannotations\src\ShareGate.ComponentModel.DataAnnotations.Tests\bin\Release\net462\ShareGate.ComponentModel.DataAnnotations.Tests.dll" adapterTypeName="executor://xunit/VsTestRunner2/net" className="ShareGate.ComponentModel.DataAnnotations.Tests.NotEmptyAttributeTests" name="IsValid_Returns_False_When_Value_Is_An_Empty_Generic_List" />
    </UnitTest>
    <UnitTest name="ShareGate.ComponentModel.DataAnnotations.Tests.GuidAttributeTests.IsValid_Returns_True_When_Valid_Guid_String_Without_Format(value: &quot;{f4aebf09-7ac8-4521-9b0b-918d8139bde0}&quot;)" storage="c:\src\sg-componentmodel-dataannotations\src\sharegate.componentmodel.dataannotations.tests\bin\release\net462\sharegate.componentmodel.dataannotations.tests.dll" id="09c70749-e485-0e91-3eb9-99fb2de14346">
      <Execution id="c2d141d8-7357-4b21-8803-8ff7958d058c" />
      <TestMethod codeBase="C:\src\sg-componentmodel-dataannotations\src\ShareGate.ComponentModel.DataAnnotations.Tests\bin\Release\net462\ShareGate.ComponentModel.DataAnnotations.Tests.dll" adapterTypeName="executor://xunit/VsTestRunner2/net" className="ShareGate.ComponentModel.DataAnnotations.Tests.GuidAttributeTests" name="IsValid_Returns_True_When_Valid_Guid_String_Without_Format" />
    </UnitTest>
    <UnitTest name="ShareGate.ComponentModel.DataAnnotations.Tests.GuidAttributeTests.IsValid_Returns_True_When_Valid_Guid_String_Without_Format(value: &quot;f4aebf097ac845219b0b918d8139bde0&quot;)" storage="c:\src\sg-componentmodel-dataannotations\src\sharegate.componentmodel.dataannotations.tests\bin\release\net462\sharegate.componentmodel.dataannotations.tests.dll" id="567f02a8-8d52-fed3-92cd-eb7874a2f01e">
      <Execution id="4e9f5683-d9cd-4162-85bd-df97f80e3d55" />
      <TestMethod codeBase="C:\src\sg-componentmodel-dataannotations\src\ShareGate.ComponentModel.DataAnnotations.Tests\bin\Release\net462\ShareGate.ComponentModel.DataAnnotations.Tests.dll" adapterTypeName="executor://xunit/VsTestRunner2/net" className="ShareGate.ComponentModel.DataAnnotations.Tests.GuidAttributeTests" name="IsValid_Returns_True_When_Valid_Guid_String_Without_Format" />
    </UnitTest>
    <UnitTest name="ShareGate.ComponentModel.DataAnnotations.Tests.NotEmptyAttributeTests.IsValid_Returns_True_When_Value_Is_A_Generic_HashSet_With_One_Element" storage="c:\src\sg-componentmodel-dataannotations\src\sharegate.componentmodel.dataannotations.tests\bin\release\net462\sharegate.componentmodel.dataannotations.tests.dll" id="06d4f439-cf94-0644-72f7-107ef8344ad0">
      <Execution id="d43a233c-5108-4031-be72-45aaa857853e" />
      <TestMethod codeBase="C:\src\sg-componentmodel-dataannotations\src\ShareGate.ComponentModel.DataAnnotations.Tests\bin\Release\net462\ShareGate.ComponentModel.DataAnnotations.Tests.dll" adapterTypeName="executor://xunit/VsTestRunner2/net" className="ShareGate.ComponentModel.DataAnnotations.Tests.NotEmptyAttributeTests" name="IsValid_Returns_True_When_Value_Is_A_Generic_HashSet_With_One_Element" />
    </UnitTest>
    <UnitTest name="ShareGate.ComponentModel.DataAnnotations.Tests.GuidAttributeTests.IsValid_Returns_True_When_Valid_Guid_String_Without_Format(value: &quot;f4aebf09-7ac8-4521-9b0b-918d8139bde0&quot;)" storage="c:\src\sg-componentmodel-dataannotations\src\sharegate.componentmodel.dataannotations.tests\bin\release\net462\sharegate.componentmodel.dataannotations.tests.dll" id="99142fa2-de46-7110-a31d-54a97c482332">
      <Execution id="4a675856-0300-4f7c-a06e-a53104ac652f" />
      <TestMethod codeBase="C:\src\sg-componentmodel-dataannotations\src\ShareGate.ComponentModel.DataAnnotations.Tests\bin\Release\net462\ShareGate.ComponentModel.DataAnnotations.Tests.dll" adapterTypeName="executor://xunit/VsTestRunner2/net" className="ShareGate.ComponentModel.DataAnnotations.Tests.GuidAttributeTests" name="IsValid_Returns_True_When_Valid_Guid_String_Without_Format" />
    </UnitTest>
    <UnitTest name="ShareGate.ComponentModel.DataAnnotations.Tests.GuidAttributeTests.IsValid_Returns_False_When_Valid_Guid_String_With_Non_Matching_Format(value: &quot;(f4aebf09-7ac8-4521-9b0b-918d8139bde0)&quot;, valueFormat: &quot;P&quot;)" storage="c:\src\sg-componentmodel-dataannotations\src\sharegate.componentmodel.dataannotations.tests\bin\release\net462\sharegate.componentmodel.dataannotations.tests.dll" id="22cdf5b3-3195-2ca5-3b9f-3eb1a6176c7a">
      <Execution id="d74905b7-9ad9-4c47-8e23-a2e03fe8a439" />
      <TestMethod codeBase="C:\src\sg-componentmodel-dataannotations\src\ShareGate.ComponentModel.DataAnnotations.Tests\bin\Release\net462\ShareGate.ComponentModel.DataAnnotations.Tests.dll" adapterTypeName="executor://xunit/VsTestRunner2/net" className="ShareGate.ComponentModel.DataAnnotations.Tests.GuidAttributeTests" name="IsValid_Returns_False_When_Valid_Guid_String_With_Non_Matching_Format" />
    </UnitTest>
    <UnitTest name="ShareGate.ComponentModel.DataAnnotations.Tests.GuidAttributeTests.IsValid_Returns_False_When_Value_Is_Not_A_String" storage="c:\src\sg-componentmodel-dataannotations\src\sharegate.componentmodel.dataannotations.tests\bin\release\net462\sharegate.componentmodel.dataannotations.tests.dll" id="79c0cd97-a947-b861-6427-38e384d77154">
      <Execution id="a6cb2693-39ad-41f6-8c0f-77d9ba3f2843" />
      <TestMethod codeBase="C:\src\sg-componentmodel-dataannotations\src\ShareGate.ComponentModel.DataAnnotations.Tests\bin\Release\net462\ShareGate.ComponentModel.DataAnnotations.Tests.dll" adapterTypeName="executor://xunit/VsTestRunner2/net" className="ShareGate.ComponentModel.DataAnnotations.Tests.GuidAttributeTests" name="IsValid_Returns_False_When_Value_Is_Not_A_String" />
    </UnitTest>
    <UnitTest name="ShareGate.ComponentModel.DataAnnotations.Tests.GuidAttributeTests.IsValid_Returns_False_When_Valid_Guid_String_With_Non_Matching_Format(value: &quot;{0xf4aebf09,0x7ac8,0x4521,{0x9b,0x0b,0x91,0x8d,0x8&quot;..., valueFormat: &quot;X&quot;)" storage="c:\src\sg-componentmodel-dataannotations\src\sharegate.componentmodel.dataannotations.tests\bin\release\net462\sharegate.componentmodel.dataannotations.tests.dll" id="828c8a74-849b-421a-f9d9-21e119281f13">
      <Execution id="858e7a9e-4e65-4560-b7f1-cba7f0464adf" />
      <TestMethod codeBase="C:\src\sg-componentmodel-dataannotations\src\ShareGate.ComponentModel.DataAnnotations.Tests\bin\Release\net462\ShareGate.ComponentModel.DataAnnotations.Tests.dll" adapterTypeName="executor://xunit/VsTestRunner2/net" className="ShareGate.ComponentModel.DataAnnotations.Tests.GuidAttributeTests" name="IsValid_Returns_False_When_Valid_Guid_String_With_Non_Matching_Format" />
    </UnitTest>
    <UnitTest name="ShareGate.ComponentModel.DataAnnotations.Tests.GuidAttributeTests.IsValid_Returns_True_When_Valid_Guid_String_With_Matching_Format(value: &quot;{f4aebf09-7ac8-4521-9b0b-918d8139bde0}&quot;, valueFormat: &quot;B&quot;)" storage="c:\src\sg-componentmodel-dataannotations\src\sharegate.componentmodel.dataannotations.tests\bin\release\net462\sharegate.componentmodel.dataannotations.tests.dll" id="d0ccb110-b67a-bbb5-87d9-59286a854905">
      <Execution id="a1867d83-2c81-4e14-8d45-459cf705c616" />
      <TestMethod codeBase="C:\src\sg-componentmodel-dataannotations\src\ShareGate.ComponentModel.DataAnnotations.Tests\bin\Release\net462\ShareGate.ComponentModel.DataAnnotations.Tests.dll" adapterTypeName="executor://xunit/VsTestRunner2/net" className="ShareGate.ComponentModel.DataAnnotations.Tests.GuidAttributeTests" name="IsValid_Returns_True_When_Valid_Guid_String_With_Matching_Format" />
    </UnitTest>
    <UnitTest name="ShareGate.ComponentModel.DataAnnotations.Tests.GuidAttributeTests.IsValid_Returns_False_When_Valid_Guid_String_With_Non_Matching_Format(value: &quot;{f4aebf09-7ac8-4521-9b0b-918d8139bde0}&quot;, valueFormat: &quot;B&quot;)" storage="c:\src\sg-componentmodel-dataannotations\src\sharegate.componentmodel.dataannotations.tests\bin\release\net462\sharegate.componentmodel.dataannotations.tests.dll" id="73ea9699-b2ee-ff55-12af-df3875e0e2b3">
      <Execution id="880b6e03-036a-408a-a4a1-7de5ed9387b7" />
      <TestMethod codeBase="C:\src\sg-componentmodel-dataannotations\src\ShareGate.ComponentModel.DataAnnotations.Tests\bin\Release\net462\ShareGate.ComponentModel.DataAnnotations.Tests.dll" adapterTypeName="executor://xunit/VsTestRunner2/net" className="ShareGate.ComponentModel.DataAnnotations.Tests.GuidAttributeTests" name="IsValid_Returns_False_When_Valid_Guid_String_With_Non_Matching_Format" />
    </UnitTest>
    <UnitTest name="ShareGate.ComponentModel.DataAnnotations.Tests.NotEmptyAttributeTests.IsValid_Returns_False_When_Value_Is_An_Empty_Yielded_Enumerable" storage="c:\src\sg-componentmodel-dataannotations\src\sharegate.componentmodel.dataannotations.tests\bin\release\net462\sharegate.componentmodel.dataannotations.tests.dll" id="4ec0bcda-56e2-0f23-c690-82c3d42ffdd2">
      <Execution id="ea5d5562-ac45-4e50-8669-1876fbb58e34" />
      <TestMethod codeBase="C:\src\sg-componentmodel-dataannotations\src\ShareGate.ComponentModel.DataAnnotations.Tests\bin\Release\net462\ShareGate.ComponentModel.DataAnnotations.Tests.dll" adapterTypeName="executor://xunit/VsTestRunner2/net" className="ShareGate.ComponentModel.DataAnnotations.Tests.NotEmptyAttributeTests" name="IsValid_Returns_False_When_Value_Is_An_Empty_Yielded_Enumerable" />
    </UnitTest>
    <UnitTest name="ShareGate.ComponentModel.DataAnnotations.Tests.GuidAttributeTests.Validator_TryValidateObject_Returns_The_Expected_Error_Messages_When_Validation_Fails" storage="c:\src\sg-componentmodel-dataannotations\src\sharegate.componentmodel.dataannotations.tests\bin\release\net462\sharegate.componentmodel.dataannotations.tests.dll" id="a6805dbd-6d04-bd62-1b0a-191af821846a">
      <Execution id="2255f8bd-8e42-4777-9999-dadada349959" />
      <TestMethod codeBase="C:\src\sg-componentmodel-dataannotations\src\ShareGate.ComponentModel.DataAnnotations.Tests\bin\Release\net462\ShareGate.ComponentModel.DataAnnotations.Tests.dll" adapterTypeName="executor://xunit/VsTestRunner2/net" className="ShareGate.ComponentModel.DataAnnotations.Tests.GuidAttributeTests" name="Validator_TryValidateObject_Returns_The_Expected_Error_Messages_When_Validation_Fails" />
    </UnitTest>
    <UnitTest name="ShareGate.ComponentModel.DataAnnotations.Tests.GuidAttributeTests.IsValid_Returns_True_When_Valid_Guid_String_Without_Format(value: &quot;{0xf4aebf09,0x7ac8,0x4521,{0x9b,0x0b,0x91,0x8d,0x8&quot;...)" storage="c:\src\sg-componentmodel-dataannotations\src\sharegate.componentmodel.dataannotations.tests\bin\release\net462\sharegate.componentmodel.dataannotations.tests.dll" id="b77fd069-ebca-450b-355a-2bd31f28b50f">
      <Execution id="a50f711c-0d88-48ec-aa45-6c5a1eac6979" />
      <TestMethod codeBase="C:\src\sg-componentmodel-dataannotations\src\ShareGate.ComponentModel.DataAnnotations.Tests\bin\Release\net462\ShareGate.ComponentModel.DataAnnotations.Tests.dll" adapterTypeName="executor://xunit/VsTestRunner2/net" className="ShareGate.ComponentModel.DataAnnotations.Tests.GuidAttributeTests" name="IsValid_Returns_True_When_Valid_Guid_String_Without_Format" />
    </UnitTest>
    <UnitTest name="ShareGate.ComponentModel.DataAnnotations.Tests.GuidAttributeTests.IsValid_Returns_False_When_Valid_Guid_String_With_Invalid_Format" storage="c:\src\sg-componentmodel-dataannotations\src\sharegate.componentmodel.dataannotations.tests\bin\release\net462\sharegate.componentmodel.dataannotations.tests.dll" id="7cc7c439-47ae-2871-2cdb-008a894ee230">
      <Execution id="968aa1f7-d3f5-4ed2-b696-931f65f58c04" />
      <TestMethod codeBase="C:\src\sg-componentmodel-dataannotations\src\ShareGate.ComponentModel.DataAnnotations.Tests\bin\Release\net462\ShareGate.ComponentModel.DataAnnotations.Tests.dll" adapterTypeName="executor://xunit/VsTestRunner2/net" className="ShareGate.ComponentModel.DataAnnotations.Tests.GuidAttributeTests" name="IsValid_Returns_False_When_Valid_Guid_String_With_Invalid_Format" />
    </UnitTest>
    <UnitTest name="ShareGate.ComponentModel.DataAnnotations.Tests.NotEmptyAttributeTests.IsValid_Returns_True_When_Value_Is_A_ArrayList_With_One_Element" storage="c:\src\sg-componentmodel-dataannotations\src\sharegate.componentmodel.dataannotations.tests\bin\release\net462\sharegate.componentmodel.dataannotations.tests.dll" id="55f70f61-1bff-5d5b-c146-78fc900e9df2">
      <Execution id="11210246-9546-458b-b449-0b13be0dd2a1" />
      <TestMethod codeBase="C:\src\sg-componentmodel-dataannotations\src\ShareGate.ComponentModel.DataAnnotations.Tests\bin\Release\net462\ShareGate.ComponentModel.DataAnnotations.Tests.dll" adapterTypeName="executor://xunit/VsTestRunner2/net" className="ShareGate.ComponentModel.DataAnnotations.Tests.NotEmptyAttributeTests" name="IsValid_Returns_True_When_Value_Is_A_ArrayList_With_One_Element" />
    </UnitTest>
    <UnitTest name="ShareGate.ComponentModel.DataAnnotations.Tests.NotEmptyAttributeTests.IsValid_Returns_True_When_Value_Is_A_Generic_Array_With_One_Element" storage="c:\src\sg-componentmodel-dataannotations\src\sharegate.componentmodel.dataannotations.tests\bin\release\net462\sharegate.componentmodel.dataannotations.tests.dll" id="d096f0f3-f773-422a-18a1-d053eb6e69fc">
      <Execution id="ac0270ed-c6ee-4f20-9b93-79115bc7e169" />
      <TestMethod codeBase="C:\src\sg-componentmodel-dataannotations\src\ShareGate.ComponentModel.DataAnnotations.Tests\bin\Release\net462\ShareGate.ComponentModel.DataAnnotations.Tests.dll" adapterTypeName="executor://xunit/VsTestRunner2/net" className="ShareGate.ComponentModel.DataAnnotations.Tests.NotEmptyAttributeTests" name="IsValid_Returns_True_When_Value_Is_A_Generic_Array_With_One_Element" />
    </UnitTest>
    <UnitTest name="ShareGate.ComponentModel.DataAnnotations.Tests.ValidatePropertiesAttributeTests.ValidateObject_Throws_Exception_That_Contain_Each_Violated_Validation_Rule" storage="c:\src\sg-componentmodel-dataannotations\src\sharegate.componentmodel.dataannotations.tests\bin\release\net462\sharegate.componentmodel.dataannotations.tests.dll" id="fb90665b-a060-dc9d-08a2-c34379368849">
      <Execution id="999ed807-52ab-451c-8575-0cef8d8acbd7" />
      <TestMethod codeBase="C:\src\sg-componentmodel-dataannotations\src\ShareGate.ComponentModel.DataAnnotations.Tests\bin\Release\net462\ShareGate.ComponentModel.DataAnnotations.Tests.dll" adapterTypeName="executor://xunit/VsTestRunner2/net" className="ShareGate.ComponentModel.DataAnnotations.Tests.ValidatePropertiesAttributeTests" name="ValidateObject_Throws_Exception_That_Contain_Each_Violated_Validation_Rule" />
    </UnitTest>
    <UnitTest name="ShareGate.ComponentModel.DataAnnotations.Tests.NotEmptyAttributeTests.IsValid_Returns_False_When_Value_Is_An_Object" storage="c:\src\sg-componentmodel-dataannotations\src\sharegate.componentmodel.dataannotations.tests\bin\release\net462\sharegate.componentmodel.dataannotations.tests.dll" id="11ff3122-077a-bc4d-1ce4-9dd5a3396bd4">
      <Execution id="c5888cae-2559-49e7-b378-2614cfd38982" />
      <TestMethod codeBase="C:\src\sg-componentmodel-dataannotations\src\ShareGate.ComponentModel.DataAnnotations.Tests\bin\Release\net462\ShareGate.ComponentModel.DataAnnotations.Tests.dll" adapterTypeName="executor://xunit/VsTestRunner2/net" className="ShareGate.ComponentModel.DataAnnotations.Tests.NotEmptyAttributeTests" name="IsValid_Returns_False_When_Value_Is_An_Object" />
    </UnitTest>
    <UnitTest name="ShareGate.ComponentModel.DataAnnotations.Tests.GuidAttributeTests.IsValid_Returns_True_When_Valid_Guid_String_With_Matching_Format(value: &quot;f4aebf097ac845219b0b918d8139bde0&quot;, valueFormat: &quot;N&quot;)" storage="c:\src\sg-componentmodel-dataannotations\src\sharegate.componentmodel.dataannotations.tests\bin\release\net462\sharegate.componentmodel.dataannotations.tests.dll" id="743eb451-c7fc-b109-4f7f-224e789be46c">
      <Execution id="e9422c33-58a6-46c8-a9d3-cc84bf96192a" />
      <TestMethod codeBase="C:\src\sg-componentmodel-dataannotations\src\ShareGate.ComponentModel.DataAnnotations.Tests\bin\Release\net462\ShareGate.ComponentModel.DataAnnotations.Tests.dll" adapterTypeName="executor://xunit/VsTestRunner2/net" className="ShareGate.ComponentModel.DataAnnotations.Tests.GuidAttributeTests" name="IsValid_Returns_True_When_Valid_Guid_String_With_Matching_Format" />
    </UnitTest>
    <UnitTest name="ShareGate.ComponentModel.DataAnnotations.Tests.NotEmptyAttributeTests.Validator_TryValidateObject_Returns_The_Expected_Error_Message_When_Validation_Fails" storage="c:\src\sg-componentmodel-dataannotations\src\sharegate.componentmodel.dataannotations.tests\bin\release\net462\sharegate.componentmodel.dataannotations.tests.dll" id="67c400df-c91a-4ee6-aaa5-68e615900fae">
      <Execution id="4181aa9e-615e-47a9-bd30-cedf5988a0eb" />
      <TestMethod codeBase="C:\src\sg-componentmodel-dataannotations\src\ShareGate.ComponentModel.DataAnnotations.Tests\bin\Release\net462\ShareGate.ComponentModel.DataAnnotations.Tests.dll" adapterTypeName="executor://xunit/VsTestRunner2/net" className="ShareGate.ComponentModel.DataAnnotations.Tests.NotEmptyAttributeTests" name="Validator_TryValidateObject_Returns_The_Expected_Error_Message_When_Validation_Fails" />
    </UnitTest>
    <UnitTest name="ShareGate.ComponentModel.DataAnnotations.Tests.GuidAttributeTests.IsValid_Returns_True_When_Valid_Guid_String_With_Matching_Format(value: &quot;f4aebf09-7ac8-4521-9b0b-918d8139bde0&quot;, valueFormat: &quot;D&quot;)" storage="c:\src\sg-componentmodel-dataannotations\src\sharegate.componentmodel.dataannotations.tests\bin\release\net462\sharegate.componentmodel.dataannotations.tests.dll" id="e91e34b8-83aa-5e06-f9e1-f4512276e7f0">
      <Execution id="fe8cba46-990b-4df2-8f58-dd723b307e38" />
      <TestMethod codeBase="C:\src\sg-componentmodel-dataannotations\src\ShareGate.ComponentModel.DataAnnotations.Tests\bin\Release\net462\ShareGate.ComponentModel.DataAnnotations.Tests.dll" adapterTypeName="executor://xunit/VsTestRunner2/net" className="ShareGate.ComponentModel.DataAnnotations.Tests.GuidAttributeTests" name="IsValid_Returns_True_When_Valid_Guid_String_With_Matching_Format" />
    </UnitTest>
    <UnitTest name="ShareGate.ComponentModel.DataAnnotations.Tests.GuidAttributeTests.IsValid_Returns_True_When_Valid_Guid_String_Without_Format(value: &quot;(f4aebf09-7ac8-4521-9b0b-918d8139bde0)&quot;)" storage="c:\src\sg-componentmodel-dataannotations\src\sharegate.componentmodel.dataannotations.tests\bin\release\net462\sharegate.componentmodel.dataannotations.tests.dll" id="f1132ba5-8b90-c284-eac2-c48a834ab771">
      <Execution id="979a601a-fbcf-4131-b809-3951e1c23ed9" />
      <TestMethod codeBase="C:\src\sg-componentmodel-dataannotations\src\ShareGate.ComponentModel.DataAnnotations.Tests\bin\Release\net462\ShareGate.ComponentModel.DataAnnotations.Tests.dll" adapterTypeName="executor://xunit/VsTestRunner2/net" className="ShareGate.ComponentModel.DataAnnotations.Tests.GuidAttributeTests" name="IsValid_Returns_True_When_Valid_Guid_String_Without_Format" />
    </UnitTest>
    <UnitTest name="ShareGate.ComponentModel.DataAnnotations.Tests.GuidAttributeTests.IsValid_Returns_False_When_Valid_Guid_String_With_Non_Matching_Format(value: &quot;f4aebf09-7ac8-4521-9b0b-918d8139bde0&quot;, valueFormat: &quot;D&quot;)" storage="c:\src\sg-componentmodel-dataannotations\src\sharegate.componentmodel.dataannotations.tests\bin\release\net462\sharegate.componentmodel.dataannotations.tests.dll" id="66a569de-191b-a55a-be2e-2a49b13dafaa">
      <Execution id="f6d19e62-b48d-49eb-95c2-dcfb23d7bf54" />
      <TestMethod codeBase="C:\src\sg-componentmodel-dataannotations\src\ShareGate.ComponentModel.DataAnnotations.Tests\bin\Release\net462\ShareGate.ComponentModel.DataAnnotations.Tests.dll" adapterTypeName="executor://xunit/VsTestRunner2/net" className="ShareGate.ComponentModel.DataAnnotations.Tests.GuidAttributeTests" name="IsValid_Returns_False_When_Valid_Guid_String_With_Non_Matching_Format" />
    </UnitTest>
    <UnitTest name="ShareGate.ComponentModel.DataAnnotations.Tests.NotEmptyAttributeTests.IsValid_Returns_False_When_Value_Is_An_Empty_ArrayList" storage="c:\src\sg-componentmodel-dataannotations\src\sharegate.componentmodel.dataannotations.tests\bin\release\net462\sharegate.componentmodel.dataannotations.tests.dll" id="94b982fd-b9ae-50d2-819a-b972f2e33e9c">
      <Execution id="92cc2f1e-2198-41ec-994b-4f5a6390dc2f" />
      <TestMethod codeBase="C:\src\sg-componentmodel-dataannotations\src\ShareGate.ComponentModel.DataAnnotations.Tests\bin\Release\net462\ShareGate.ComponentModel.DataAnnotations.Tests.dll" adapterTypeName="executor://xunit/VsTestRunner2/net" className="ShareGate.ComponentModel.DataAnnotations.Tests.NotEmptyAttributeTests" name="IsValid_Returns_False_When_Value_Is_An_Empty_ArrayList" />
    </UnitTest>
    <UnitTest name="ShareGate.ComponentModel.DataAnnotations.Tests.NotEmptyAttributeTests.IsValid_Returns_True_When_Value_Is_A_Generic_List_With_One_Element" storage="c:\src\sg-componentmodel-dataannotations\src\sharegate.componentmodel.dataannotations.tests\bin\release\net462\sharegate.componentmodel.dataannotations.tests.dll" id="1f7af32b-74ab-5d64-8ed6-21d0a596bbd2">
      <Execution id="6f39c4ef-3462-4ca5-b690-41b8a0a7b15f" />
      <TestMethod codeBase="C:\src\sg-componentmodel-dataannotations\src\ShareGate.ComponentModel.DataAnnotations.Tests\bin\Release\net462\ShareGate.ComponentModel.DataAnnotations.Tests.dll" adapterTypeName="executor://xunit/VsTestRunner2/net" className="ShareGate.ComponentModel.DataAnnotations.Tests.NotEmptyAttributeTests" name="IsValid_Returns_True_When_Value_Is_A_Generic_List_With_One_Element" />
    </UnitTest>
  </TestDefinitions>
  <TestEntries>
    <TestEntry testId="11ff3122-077a-bc4d-1ce4-9dd5a3396bd4" executionId="c5888cae-2559-49e7-b378-2614cfd38982" testListId="8c84fa94-04c1-424b-9868-57a2d4851a1d" />
    <TestEntry testId="a6805dbd-6d04-bd62-1b0a-191af821846a" executionId="2255f8bd-8e42-4777-9999-dadada349959" testListId="8c84fa94-04c1-424b-9868-57a2d4851a1d" />
    <TestEntry testId="f3cb3e66-d132-d53a-254d-f6e6b97616ca" executionId="192a21b2-de0e-4267-8eb0-2e8301198bc9" testListId="8c84fa94-04c1-424b-9868-57a2d4851a1d" />
    <TestEntry testId="567f02a8-8d52-fed3-92cd-eb7874a2f01e" executionId="4e9f5683-d9cd-4162-85bd-df97f80e3d55" testListId="8c84fa94-04c1-424b-9868-57a2d4851a1d" />
    <TestEntry testId="09c70749-e485-0e91-3eb9-99fb2de14346" executionId="c2d141d8-7357-4b21-8803-8ff7958d058c" testListId="8c84fa94-04c1-424b-9868-57a2d4851a1d" />
    <TestEntry testId="039ec550-57d2-27f0-747d-b555640407b8" executionId="1a9af07e-b79c-4e10-ab96-4c3088f3ea68" testListId="8c84fa94-04c1-424b-9868-57a2d4851a1d" />
    <TestEntry testId="7cc7c439-47ae-2871-2cdb-008a894ee230" executionId="968aa1f7-d3f5-4ed2-b696-931f65f58c04" testListId="8c84fa94-04c1-424b-9868-57a2d4851a1d" />
    <TestEntry testId="fb90665b-a060-dc9d-08a2-c34379368849" executionId="999ed807-52ab-451c-8575-0cef8d8acbd7" testListId="8c84fa94-04c1-424b-9868-57a2d4851a1d" />
    <TestEntry testId="e248b528-1ae4-41e6-31b5-bd94348cde83" executionId="dc959e77-8f79-4e90-aaf0-e9beccbeab2b" testListId="8c84fa94-04c1-424b-9868-57a2d4851a1d" />
    <TestEntry testId="99142fa2-de46-7110-a31d-54a97c482332" executionId="4a675856-0300-4f7c-a06e-a53104ac652f" testListId="8c84fa94-04c1-424b-9868-57a2d4851a1d" />
    <TestEntry testId="04543ab3-e329-9b3e-f96d-44b027d06249" executionId="573e7c38-e944-41f4-993f-f0f5074fe177" testListId="8c84fa94-04c1-424b-9868-57a2d4851a1d" />
    <TestEntry testId="67c400df-c91a-4ee6-aaa5-68e615900fae" executionId="4181aa9e-615e-47a9-bd30-cedf5988a0eb" testListId="8c84fa94-04c1-424b-9868-57a2d4851a1d" />
    <TestEntry testId="a18dfaba-2444-95b7-e6b2-fa91fc2058a7" executionId="007b97f1-76fe-4774-8bd7-9e8fceb9d6dc" testListId="8c84fa94-04c1-424b-9868-57a2d4851a1d" />
    <TestEntry testId="b77fd069-ebca-450b-355a-2bd31f28b50f" executionId="a50f711c-0d88-48ec-aa45-6c5a1eac6979" testListId="8c84fa94-04c1-424b-9868-57a2d4851a1d" />
    <TestEntry testId="d0ccb110-b67a-bbb5-87d9-59286a854905" executionId="a1867d83-2c81-4e14-8d45-459cf705c616" testListId="8c84fa94-04c1-424b-9868-57a2d4851a1d" />
    <TestEntry testId="d096f0f3-f773-422a-18a1-d053eb6e69fc" executionId="ac0270ed-c6ee-4f20-9b93-79115bc7e169" testListId="8c84fa94-04c1-424b-9868-57a2d4851a1d" />
    <TestEntry testId="55f70f61-1bff-5d5b-c146-78fc900e9df2" executionId="11210246-9546-458b-b449-0b13be0dd2a1" testListId="8c84fa94-04c1-424b-9868-57a2d4851a1d" />
    <TestEntry testId="ed21fefa-d9b5-3c8e-ac6c-12cdf10e5967" executionId="451d1de2-8b77-4eb7-8e1a-df442be5704f" testListId="8c84fa94-04c1-424b-9868-57a2d4851a1d" />
    <TestEntry testId="4ec0bcda-56e2-0f23-c690-82c3d42ffdd2" executionId="ea5d5562-ac45-4e50-8669-1876fbb58e34" testListId="8c84fa94-04c1-424b-9868-57a2d4851a1d" />
    <TestEntry testId="47972aa9-a43d-7697-ec14-d9b16aa14830" executionId="350c51a4-2b91-46a7-b82d-a125cac65246" testListId="8c84fa94-04c1-424b-9868-57a2d4851a1d" />
    <TestEntry testId="79c0cd97-a947-b861-6427-38e384d77154" executionId="a6cb2693-39ad-41f6-8c0f-77d9ba3f2843" testListId="8c84fa94-04c1-424b-9868-57a2d4851a1d" />
    <TestEntry testId="743eb451-c7fc-b109-4f7f-224e789be46c" executionId="e9422c33-58a6-46c8-a9d3-cc84bf96192a" testListId="8c84fa94-04c1-424b-9868-57a2d4851a1d" />
    <TestEntry testId="94b982fd-b9ae-50d2-819a-b972f2e33e9c" executionId="92cc2f1e-2198-41ec-994b-4f5a6390dc2f" testListId="8c84fa94-04c1-424b-9868-57a2d4851a1d" />
    <TestEntry testId="66a569de-191b-a55a-be2e-2a49b13dafaa" executionId="f6d19e62-b48d-49eb-95c2-dcfb23d7bf54" testListId="8c84fa94-04c1-424b-9868-57a2d4851a1d" />
    <TestEntry testId="f1132ba5-8b90-c284-eac2-c48a834ab771" executionId="979a601a-fbcf-4131-b809-3951e1c23ed9" testListId="8c84fa94-04c1-424b-9868-57a2d4851a1d" />
    <TestEntry testId="1f7af32b-74ab-5d64-8ed6-21d0a596bbd2" executionId="6f39c4ef-3462-4ca5-b690-41b8a0a7b15f" testListId="8c84fa94-04c1-424b-9868-57a2d4851a1d" />
    <TestEntry testId="e91e34b8-83aa-5e06-f9e1-f4512276e7f0" executionId="fe8cba46-990b-4df2-8f58-dd723b307e38" testListId="8c84fa94-04c1-424b-9868-57a2d4851a1d" />
    <TestEntry testId="63ea736c-657e-1fe6-78be-c9c97f15839d" executionId="c1fc335d-a140-47af-a05f-dea2bb09b44c" testListId="8c84fa94-04c1-424b-9868-57a2d4851a1d" />
    <TestEntry testId="248e6667-fbee-6487-c012-2a4f55f71c9b" executionId="39fb8774-6aea-4d92-8fbb-ae2f0f8766ac" testListId="8c84fa94-04c1-424b-9868-57a2d4851a1d" />
    <TestEntry testId="06d4f439-cf94-0644-72f7-107ef8344ad0" executionId="d43a233c-5108-4031-be72-45aaa857853e" testListId="8c84fa94-04c1-424b-9868-57a2d4851a1d" />
    <TestEntry testId="828c8a74-849b-421a-f9d9-21e119281f13" executionId="858e7a9e-4e65-4560-b7f1-cba7f0464adf" testListId="8c84fa94-04c1-424b-9868-57a2d4851a1d" />
    <TestEntry testId="ed6d03c9-7178-54bf-c009-e84bdd36add5" executionId="f1649802-a237-4345-ae5f-bc124481c9ee" testListId="8c84fa94-04c1-424b-9868-57a2d4851a1d" />
    <TestEntry testId="22cdf5b3-3195-2ca5-3b9f-3eb1a6176c7a" executionId="d74905b7-9ad9-4c47-8e23-a2e03fe8a439" testListId="8c84fa94-04c1-424b-9868-57a2d4851a1d" />
    <TestEntry testId="73ea9699-b2ee-ff55-12af-df3875e0e2b3" executionId="880b6e03-036a-408a-a4a1-7de5ed9387b7" testListId="8c84fa94-04c1-424b-9868-57a2d4851a1d" />
  </TestEntries>
  <TestLists>
    <TestList name="Results Not in a List" id="8c84fa94-04c1-424b-9868-57a2d4851a1d" />
    <TestList name="All Loaded Results" id="19431567-8539-422a-85d7-44ee4e166bda" />
  </TestLists>
  <ResultSummary outcome="Completed">
    <Counters total="34" executed="34" passed="34" failed="0" error="0" timeout="0" aborted="0" inconclusive="0" passedButRunAborted="0" notRunnable="0" notExecuted="0" disconnected="0" warning="0" completed="0" inProgress="0" pending="0" />
    <Output>
      <StdOut>[xUnit.net 00:00:00.00] xUnit.net VSTest Adapter v2.4.3+1b45f5407b (32-bit Desktop .NET 4.0.30319.42000)&#xD;
[xUnit.net 00:00:00.32]   Discovering: ShareGate.ComponentModel.DataAnnotations.Tests&#xD;
[xUnit.net 00:00:00.44]   Discovered:  ShareGate.ComponentModel.DataAnnotations.Tests&#xD;
[xUnit.net 00:00:00.45]   Starting:    ShareGate.ComponentModel.DataAnnotations.Tests&#xD;
[xUnit.net 00:00:00.72]   Finished:    ShareGate.ComponentModel.DataAnnotations.Tests&#xD;
</StdOut>
    </Output>
  </ResultSummary>
</TestRun>